03-06 16:11:03.613     0     0 I         : [T600001] 9
03-06 16:11:03.613     0     0 I [T600001] pr_info: t2-t1 = 4
03-06 16:11:03.613     0     0 I         : [T600001] rt_parse_dt
03-06 16:11:03.613     0     0 I         : [T600001] upm7610_chipID = 0x100
03-06 16:11:03.613     0     0 I         : [T600001] rt_regmap_device_register_ex name = upm7610-60
03-06 16:11:03.613     0     0 I         : [T600001] rt_regmap_cache_init ++
03-06 16:11:03.613     0     0 I         : [T600001] rt_regmap_cache_init successfully
03-06 16:11:03.613     0     0 I [T600001]  rt_regmap_upm7610-60: rt_regmap_set_cache_mode mode_mask = 0
03-06 16:11:03.613     0     0 I [T600001]  rt_regmap_upm7610-60: rt_regmap_cache_reload ++
03-06 16:11:03.613     0     0 I         : [T600062] [MUSB]spm_resource_req_usb 3020: spm_resource_req() function not ready!!!
03-06 16:11:03.613     0     0 I         : [T600062] [MUSB]spm_resource_req_usb 3020: spm_resource_req() function not ready!!!
03-06 16:11:03.613     0     0 I         : [T600062] [MUSB]spm_resource_req_usb 3020: spm_resource_req() function not ready!!!
03-06 16:11:03.613     0     0 I         : [T600062] [MUSB]spm_resource_req_usb 3020: spm_resource_req() function not ready!!!
03-06 16:11:03.613     0     0 I         : [T600062] [MUSB]musb_hub_control 374: port status 00000100,devctl=0x81
03-06 16:11:03.613     0     0 I         : [T600001] upm7610 6-0060: upm7610_tcpcdev_init
03-06 16:11:03.613     0     0 I         : [T600001] tcpc_device_register register tcpc device (type_c_port0)
03-06 16:11:03.613     0     0 I         : [T600001] PD Timer number = 54
03-06 16:11:03.613    61    61 I mtk-msdc 11240000.mmc: msdc_cmd_done: cmd=55 arg=00000000; rsp 00000000; cmd_error=-110; events=00000200
03-06 16:11:03.613    61    61 I mtk-msdc 11240000.mmc: msdc_track_cmd_data: cmd=55 arg=00000000; host->error=0x00000002
03-06 16:11:03.613     0     0 I [T600001] tcpci_timer_init: init OK
03-06 16:11:03.613     0     0 I         : [T600001] pd_parse_pdata
03-06 16:11:03.614     0     0 I         : [T600001] pd_parse_pdata src pdo data =
03-06 16:11:03.614     0     0 I         : [T600001] pd_parse_pdata 0: 0x00019064
03-06 16:11:03.614     0     0 I         : [T600001] pd_parse_pdata snk pdo data =
03-06 16:11:03.614     0     0 I         : [T600001] pd_parse_pdata 0: 0x0001912c
03-06 16:11:03.614     0     0 I         : [T600001] pd_parse_pdata 1: 0x0002d0c8
03-06 16:11:03.614     0     0 I         : [T600001] pd_parse_pdata id vdos data =
03-06 16:11:03.614     0     0 I         : [T600001] pd_parse_pdata 0: 0xd140362f
03-06 16:11:03.614     0     0 I         : [T600001] pd_parse_pdata 1: 0x00000000
03-06 16:11:03.614     0     0 I         : [T600001] pd_parse_pdata 2: 0x76100000
03-06 16:11:03.614     0     0 I         : [T600001] pd_parse_pdata 3: 0x41800000
03-06 16:11:03.614     0     0 I         : [T600001] pd_parse_pdata 4: 0x00000000
03-06 16:11:03.614     0     0 I         : [T600001] pd_parse_pdata 5: 0x21800000
03-06 16:11:03.614     0     0 I         : [T600001] pd_parse_pdata charging_policy = 49
03-06 16:11:03.614     0     0 I         : [T600001] pd_parse_pdata_bats Battery NR = 1
03-06 16:11:03.614     0     0 I         : [T600001] pd_parse_pdata_bats fix_bat_info[0].mfrs_info.vid = 0x362f, .mfrs_info.pid = 0x7610, .mfrs_string = bat1, .bat_design_cap = 3000
03-06 16:11:03.614     0     0 I         : [T600001] pd_parse_pdata_countries Country NR = 1
03-06 16:11:03.614     0     0 I         : [T600001] pd_parse_pdata_countries country_info[0].code = 0x434e, .len = 2
03-06 16:11:03.614     0     0 I         : [T600001] pd_parse_pdata_countries country_info[0].data[0] = 0xff
03-06 16:11:03.614     0     0 I         : [T600001] pd_parse_pdata_countries country_info[0].data[1] = 0xff
03-06 16:11:03.614     0     0 I         : [T600001] pd_parse_log_src_cap_ext vid = 0x362f, pid = 0x7610, xid = 0x0, fw_ver = 0x0, hw_ver = 0x0
03-06 16:11:03.614     0     0 I         : [T600001] pd_parse_log_src_cap_ext voltage_regulation = 0, hold_time_ms = 0, compliance = 0x0, touch_current = 0x0, peak_current = 0 0 0
03-06 16:11:03.614     0     0 I         : [T600001] pd_parse_log_src_cap_ext touch_temp = 0, source_inputs = 0x0, batteries = 0x0, source_pdp = 0x5
03-06 16:11:03.614     0     0 I         : [T600001] pd_parse_pdata_mfrs VID = 0x362f, PID = 0x7610
03-06 16:11:03.614     0     0 I         : [T600001] pd_parse_pdata_mfrs PD mfrs_string = UnisemipowerTCPC
03-06 16:11:03.614     0     0 I [T600001] dpm_caps: local_dr_power
03-06 16:11:03.614     0     0 I [T600001] dpm_caps: local_dr_data
03-06 16:11:03.614     0     0 I [T600001] dpm_caps: local_ext_power
03-06 16:11:03.614     0     0 I [T600001] dpm_caps: local_usb_comm
03-06 16:11:03.614     0     0 I [T600001] dpm_caps: local_usb_suspend
03-06 16:11:03.614     0     0 I [T600001] dpm_caps: local_high_cap
03-06 16:11:03.614     0     0 I [T600001] dpm_caps: local_give_back
03-06 16:11:03.614     0     0 I [T600001] dpm_caps: local_no_suspend
03-06 16:11:03.614     0     0 I [T600001] dpm_caps: attempt_enter_dp_mode
03-06 16:11:03.614     0     0 I [T600001] dpm_caps: attempt_discover_cable
03-06 16:11:03.614     0     0 I [T600001] dpm_caps: attempt_discover_id
03-06 16:11:03.614     0     0 I [T600001] dpm_caps: attempt_discover_id_dfp
03-06 16:11:03.614     0     0 I [T600001] dpm_caps: attempt_discover_svid
03-06 16:11:03.614     0     0 I [T600001] dpm_caps: pr_reject_as_source
03-06 16:11:03.614     0     0 I [T600001] dpm_caps: pr_reject_as_sink
03-06 16:11:03.614     0     0 I [T600001] dpm_caps: pr_check_gp_source
03-06 16:11:03.614     0     0 I [T600001] dpm_caps: pr_check_gp_sink
03-06 16:11:03.614     0     0 I [T600001] dpm_caps: dr_reject_as_dfp
03-06 16:11:03.614     0     0 I [T600001] dpm_caps: dr_reject_as_ufp
03-06 16:11:03.614     0     0 I [T600001] dpm_caps: dp_prefer_mf
03-06 16:11:03.614     0     0 I         : [T600001] dpm_caps = 0x0000000b
03-06 16:11:03.614     0     0 I         : [T600001] dp, svid
03-06 16:11:03.614     0     0 I         : [T600001] dp, ufp_np
03-06 16:11:03.614     0     0 I         : [T600001] dp, dfp_np
03-06 16:11:03.614     0     0 I         : [T600001] dp, 1st_connection
03-06 16:11:03.614     0     0 I         : [T600001] dp, 2nd_connection
03-06 16:11:03.614     0     0 I         : [T600062] <    1.500>TCPC-DPM:register_svdm: 0xff01
03-06 16:11:03.614     0     0 I         : [T600062] <    1.500>TCPC-PE:pd_core_init
03-06 16:11:03.614     0     0 I         : [T600001] upm7610 6-0060: PD_REV30
03-06 16:11:03.614     0     0 I         : [T600001] upm7610 6-0060: upm7610_init_alert name = type_c_port0, gpio = 366
03-06 16:11:03.614     0     0 I         : [T600001] upm7610 6-0060: upm7610_init_alert IRQ number = 193
03-06 16:11:03.614     0     0 I         : [T600001] upm7610_i2c_probe probe OK!
03-06 16:11:03.614     0     0 D         : [T600001] probe of 6-0060 returned 1 after 5084 usecs
03-06 16:11:03.615     0     0 D         : [T600001] initcall init_module.cfi_jt+0x0/0x8 [tcpc_upm7610] returned 0 after 5054 usecs
03-06 16:11:03.615    61    61 I mtk-msdc 11240000.mmc: msdc_cmd_done: cmd=55 arg=00000000; rsp 00000000; cmd_error=-110; events=00000200
03-06 16:11:03.615    61    61 I mtk-msdc 11240000.mmc: msdc_track_cmd_data: cmd=55 arg=00000000; host->error=0x00000002
03-06 16:11:03.615     0     0 I         : [T100009] mtk-dsi 14014000.dsi: Waiting for bridge or panel driver
03-06 16:11:03.615     0     0 D         : [T100009] probe of 14014000.dsi returned 0 after 232 usecs
03-06 16:11:03.616    61    61 I mtk-msdc 11240000.mmc: msdc_cmd_done: cmd=55 arg=00000000; rsp 00000000; cmd_error=-110; events=00000200
03-06 16:11:03.616    61    61 I mtk-msdc 11240000.mmc: msdc_track_cmd_data: cmd=55 arg=00000000; host->error=0x00000002
03-06 16:11:03.616     0     0 D         : [T700001] calling  init_module.cfi_jt+0x0/0x8 [tcpc_rt1711h] @ 1
03-06 16:11:03.616     0     0 I         : [T700001] rt1711_init (2.0.7_MTK)
03-06 16:11:03.616     0     0 I         : [T700001] rt1711_init rt1711h node found
03-06 16:11:03.616     0     0 I         : [T700001] rt1711_i2c_probe (2.0.7_MTK)
03-06 16:11:03.616     0     0 I         : [T700001] I2C functionality : OK...
03-06 16:11:03.616     0     0 I         : [T600001] i2c-mt65xx 1100d000.i2c: addr: 4e, transfer ACK error
03-06 16:11:03.617     0     0 I         : [T600001] i2c-mt65xx 1100d000.i2c: addr: 4e, transfer ACK error
03-06 16:11:03.617     0     0 I         : [T600001] i2c-mt65xx 1100d000.i2c: addr: 4e, transfer ACK error
03-06 16:11:03.617    61    61 I mtk-msdc 11240000.mmc: msdc_cmd_done: cmd=55 arg=00000000; rsp 00000000; cmd_error=-110; events=00000200
03-06 16:11:03.617    61    61 I mtk-msdc 11240000.mmc: msdc_track_cmd_data: cmd=55 arg=00000000; host->error=0x00000002
03-06 16:11:03.617     0     0 I         : [T600001] i2c-mt65xx 1100d000.i2c: addr: 4e, transfer ACK error
03-06 16:11:03.617     0     0 I         : [T600001] i2c-mt65xx 1100d000.i2c: addr: 4e, transfer ACK error
03-06 16:11:03.617     0     0 E         : [T600001] rt1711h 6-004e: read chip ID fail
03-06 16:11:03.617     0     0 W [T600001] rt1711h: probe of 6-004e failed with error -5
03-06 16:11:03.617     0     0 D         : [T600001] probe of 6-004e returned 0 after 1143 usecs
03-06 16:11:03.617     0     0 D         : [T600001] initcall init_module.cfi_jt+0x0/0x8 [tcpc_rt1711h] returned 0 after 1428 usecs
03-06 16:11:03.618     0     0 D         : [T600001] calling  init_module.cfi_jt+0x0/0x8 [device_apc_mt6768] @ 1
03-06 16:11:03.618     0     0 I [T600001] device_apc_common_legacy: driver registered
03-06 16:11:03.619     0     0 I [T600001] device_apc_common_legacy: start_devapc...
03-06 16:11:03.619     0     0 I [T600001] device_apc_common_legacy: No violation happened before booting kernel
03-06 16:11:03.619     0     0 I [T600001] device_apc_common_legacy: Number of devices: 283
03-06 16:11:03.619     0     0 I [T600001] device_apc_common_legacy: SRAMROM violation is not triggered
03-06 16:11:03.619     0     0 D         : [T600001] probe of 10207000.devapc returned 1 after 409 usecs
03-06 16:11:03.620     0     0 I         : [T100009] mtk-dsi 14014000.dsi: Waiting for bridge or panel driver
03-06 16:11:03.620     0     0 D         : [T600001] initcall init_module.cfi_jt+0x0/0x8 [device_apc_mt6768] returned 0 after 1575 usecs
03-06 16:11:03.620     0     0 D         : [T100009] probe of 14014000.dsi returned 0 after 238 usecs
03-06 16:11:03.621     0     0 D         : [T600001] calling  __cfi_jt_start+0x0/0x8 [teeperf] @ 1
03-06 16:11:03.621    61    61 I mtk-msdc 11240000.mmc: init hardware done!
03-06 16:11:03.621     0     0 D         : [T600001] initcall __cfi_jt_start+0x0/0x8 [teeperf] returned 0 after 544 usecs
03-06 16:11:03.626     0     0 D         : [T600001] calling  init_module.cfi_jt+0x0/0x8 [isee] @ 1
03-06 16:11:03.626     0     0 D         : [T600001] probe of utos returned 1 after 106 usecs
03-06 16:11:03.627     0     0 I         : [T100009] mtk-dsi 14014000.dsi: Waiting for bridge or panel driver
03-06 16:11:03.627     0     0 D         : [T100009] probe of 14014000.dsi returned 0 after 252 usecs
03-06 16:11:03.627     0     0 I [T700207] TEEI: (microtrust) allow received SIGTERM SIGKILL signal
03-06 16:11:03.627     0     0 I [T700001] WARN: TEEC_CONFIG_SHAREDMEM_MAX_SIZE greater than 8000 of "microtrust 400", need to change
03-06 16:11:03.627     0     0 I         : [T700001] add TEE impl[0] "microtrust 400" successfully
03-06 16:11:03.628     0     0 D         : [T700001] initcall init_module.cfi_jt+0x0/0x8 [isee] returned 0 after 2100 usecs
03-06 16:11:03.629     0     0 D         : [T700001] calling  init_module.cfi_jt+0x0/0x8 [adapter_class] @ 1
03-06 16:11:03.629     0     0 D         : [T700001] initcall init_module.cfi_jt+0x0/0x8 [adapter_class] returned 0 after 11 usecs
03-06 16:11:03.630     0     0 D         : [T700001] calling  init_module.cfi_jt+0x0/0x8 [mtk_charger_algorithm_class] @ 1
03-06 16:11:03.630     0     0 D         : [T700001] initcall init_module.cfi_jt+0x0/0x8 [mtk_charger_algorithm_class] returned 0 after 11 usecs
03-06 16:11:03.632     0     0 D         : [T700001] calling  init_module.cfi_jt+0x0/0x8 [mt6370_charger] @ 1
03-06 16:11:03.632     0     0 D         : [T700001] initcall init_module.cfi_jt+0x0/0x8 [mt6370_charger] returned 0 after 572 usecs
03-06 16:11:03.634     0     0 D         : [T700001] calling  init_module.cfi_jt+0x0/0x8 [upm6920_charger] @ 1
03-06 16:11:03.634     0     0 E         : [T700001] upm6920 6-006a: upm6920_charger_probe start
03-06 16:11:03.634     0     0 E         : [T600001] upm6920 6-006a: upm->dev_id: 3
03-06 16:11:03.634     0     0 I [T600001] upm6920_charger_probe(2984): pmic_vbus auxadc get successful, ret=0
03-06 16:11:03.635     0     0 I         : [T600001] upm6920 6-006a: 9--->0
03-06 16:11:03.635     0     0 I         : [T600001] upm6920 6-006a: 10--->1
03-06 16:11:03.635     0     0 I         : [T600001] upm6920 6-006a: 12--->1
03-06 16:11:03.635     0     0 I         : [T600001] upm6920 6-006a: 17--->5
03-06 16:11:03.636     0     0 I         : [T600001] upm6920 6-006a: 18--->0
03-06 16:11:03.636     0     0 I         : [T600001] upm6920 6-006a: 21--->3
03-06 16:11:03.636     0     0 I         : [T600001] upm6920 6-006a: 22--->3
03-06 16:11:03.636     0     0 I         : [T600001] upm6920 6-006a: 23--->38
03-06 16:11:04.915   279   279 I recovery: [libfs_mgr]Created logical partition product_b on device /dev/block/dm-0
03-06 16:11:03.637     0     0 I         : [T600001] upm6920 6-006a: 24--->1
03-06 16:11:03.637     0     0 I         : [T600001] upm6920 6-006a: 25--->0
03-06 16:11:03.637     0     0 I         : [T600001] upm6920 6-006a: 26--->1
03-06 16:11:03.637     0     0 I         : [T600001] upm6920 6-006a: 27--->0
03-06 16:11:03.637     0     0 I         : [T600001] upm6920 6-006a: 28--->0
03-06 16:11:03.638     0     0 I         : [T600001] upm6920 6-006a: 29--->1
03-06 16:11:03.638     0     0 I         : [T600001] upm6920 6-006a: 30--->3
03-06 16:11:03.638     0     0 I         : [T600001] upm6920 6-006a: 32--->0
03-06 16:11:03.638     0     0 I         : [T600001] upm6920 6-006a: 33--->0
03-06 16:11:03.638     0     0 I         : [T600001] upm6920 6-006a: 43--->7
03-06 16:11:03.639     0     0 I         : [T600001] upm6920 6-006a: 45--->2
03-06 16:11:03.639    61    61 I mtk-msdc 11240000.mmc: sclk: 99999, timing: 0
03-06 16:11:03.639     0     0 I         : [T600001] upm6920 6-006a: 51--->20
03-06 16:11:03.640     0     0 E         : [T600001] upm6920 6-006a: temp_ma = curr_ma: 500, needn't get
03-06 16:11:03.641     0     0 E         : [T600001] upm6920_set_vindpm get mtk-charger psy fail
03-06 16:11:03.641     0     0 I         : [T600001] upm6920 6-006a: upm6920_dump_register reg[0x00] = 0x48
03-06 16:11:03.642     0     0 I         : [T600001] upm6920 6-006a: upm6920_dump_register reg[0x01] = 0x01
03-06 16:11:03.642     0     0 I         : [T600001] upm6920 6-006a: upm6920_dump_register reg[0x02] = 0x0d
03-06 16:11:03.642     0     0 I         : [T600001] upm6920 6-006a: upm6920_dump_register reg[0x03] = 0x1a
03-06 16:11:03.642     0     0 I         : [T600001] upm6920 6-006a: upm6920_dump_register reg[0x04] = 0x07
03-06 16:11:03.642     0     0 I         : [T600001] upm6920 6-006a: upm6920_dump_register reg[0x05] = 0x33
03-06 16:11:03.642     0     0 I         : [T600001] upm6920 6-006a: upm6920_dump_register reg[0x06] = 0x9a
03-06 16:11:03.643     0     0 I         : [T600001] upm6920 6-006a: upm6920_dump_register reg[0x07] = 0x8f
03-06 16:11:03.643     0     0 I         : [T600001] upm6920 6-006a: upm6920_dump_register reg[0x08] = 0x03
03-06 16:11:03.643     0     0 I         : [T600001] upm6920 6-006a: upm6920_dump_register reg[0x09] = 0x44
03-06 16:11:03.643     0     0 I         : [T600001] upm6920 6-006a: upm6920_dump_register reg[0x0a] = 0x72
03-06 16:11:03.643     0     0 I         : [T600001] upm6920 6-006a: upm6920_dump_register reg[0x0b] = 0x34
03-06 16:11:03.643     0     0 I         : [T600001] upm6920 6-006a: upm6920_dump_register reg[0x0c] = 0x00
03-06 16:11:03.644     0     0 I         : [T600001] upm6920 6-006a: upm6920_dump_register reg[0x0d] = 0x94
03-06 16:11:03.644     0     0 I         : [T600001] upm6920 6-006a: upm6920_dump_register reg[0x0e] = 0x54
03-06 16:11:03.644     0     0 I         : [T600001] upm6920 6-006a: upm6920_dump_register reg[0x0f] = 0x56
03-06 16:11:03.644     0     0 I         : [T600001] upm6920 6-006a: upm6920_dump_register reg[0x10] = 0x3e
03-06 16:11:03.644     0     0 I         : [T600001] upm6920 6-006a: upm6920_dump_register reg[0x11] = 0x94
03-06 16:11:03.644     0     0 I         : [T600001] upm6920 6-006a: upm6920_dump_register reg[0x12] = 0x04
03-06 16:11:03.645     0     0 I         : [T600001] upm6920 6-006a: upm6920_dump_register reg[0x13] = 0x48
03-06 16:11:03.645     0     0 I         : [T600001] upm6920 6-006a: upm6920_dump_register reg[0x14] = 0x1f
03-06 16:11:03.645     0     0 E         : [T600001] upm6920 6-006a: request thread irq pass:0  upm->irq =172
03-06 16:11:03.645     0     0 I         : [T600001] upm6920 6-006a: upm6920_irq_handler: upm6920_irq_handler
03-06 16:11:03.645     0     0 I         : [T600001] upm6920 6-006a: upm6920_irq_handler: enter upm6920_inserted_irq
03-06 16:11:03.646     0     0 I         : [T600001] upm6920 6-006a: upm6920_get_charger_type read PG_STAT:1
03-06 16:11:03.646     0     0 I         : [T600001] upm6920 6-006a: upm6920_get_charger_type read VBUS_STAT:1
03-06 16:11:03.646     0     0 E         : [T600001] upm6920 6-006a: upm6920_get_charger_type:real_type=1, reg_val=1
03-06 16:11:03.646     0     0 I         : [T600001] [MUSB]spm_resource_req_usb 3020: spm_resource_req() function not ready!!!
03-06 16:11:03.646     0     0 I         : [T600001] mtk-tphy 11cc0000.usb-phy: u2_phy_instance_set_mode mode(6), submode(2)
03-06 16:11:03.646     0     0 I         : [T600001] [MUSB]spm_resource_req_usb 3020: spm_resource_req() function not ready!!!
03-06 16:11:03.646     0     0 I         : [T600001] [MUSB]Charger_Detect_Release 3149: Charger_Detect_Release
03-06 16:11:03.646     0     0 I         : [T600001] upm6920 6-006a: upm6920_get_charger_type vbus stat: 0x01, psy_usb_type: 1, chg_type: 4, real_type : 1
03-06 16:11:03.659    61    61 I mtk-msdc 11240000.mmc: msdc_cmd_done: cmd=8 arg=000001AA; rsp 00000000; cmd_error=-110; events=00000200
03-06 16:11:04.916   279   279 I recovery: [libfs_mgr]Created logical partition system_b on device /dev/block/dm-1
03-06 16:11:03.659    61    61 I mtk-msdc 11240000.mmc: msdc_track_cmd_data: cmd=8 arg=000001AA; host->error=0x00000002
03-06 16:11:03.661    61    61 I mtk-msdc 11240000.mmc: msdc_cmd_done: cmd=55 arg=00000000; rsp 00000000; cmd_error=-110; events=00000200
03-06 16:11:03.661    61    61 I mtk-msdc 11240000.mmc: msdc_track_cmd_data: cmd=55 arg=00000000; host->error=0x00000002
03-06 16:11:03.663    61    61 I mtk-msdc 11240000.mmc: msdc_cmd_done: cmd=55 arg=00000000; rsp 00000000; cmd_error=-110; events=00000200
03-06 16:11:03.663    61    61 I mtk-msdc 11240000.mmc: msdc_track_cmd_data: cmd=55 arg=00000000; host->error=0x00000002
03-06 16:11:03.665    61    61 I mtk-msdc 11240000.mmc: msdc_cmd_done: cmd=55 arg=00000000; rsp 00000000; cmd_error=-110; events=00000200
03-06 16:11:03.665    61    61 I mtk-msdc 11240000.mmc: msdc_track_cmd_data: cmd=55 arg=00000000; host->error=0x00000002
03-06 16:11:03.668    61    61 I mtk-msdc 11240000.mmc: msdc_cmd_done: cmd=55 arg=00000000; rsp 00000000; cmd_error=-110; events=00000200
03-06 16:11:03.668    61    61 I mtk-msdc 11240000.mmc: msdc_track_cmd_data: cmd=55 arg=00000000; host->error=0x00000002
03-06 16:11:03.669     0     0 I         : [T600001] upm6920 6-006a: upm6920_irq_handler power_supply_changed
03-06 16:11:03.669     0     0 I         : [T600001] upm6920 6-006a: upm6920_dump_register reg[0x00] = 0x48
03-06 16:11:03.669    61    61 I [msdc_ops_set_ios]: msdc1 power off at clk 100000hz set block_bad_card = 1
03-06 16:11:03.669     0     0 I         : [T600001] upm6920 6-006a: upm6920_dump_register reg[0x01] = 0x01
03-06 16:11:03.670     0     0 I         : [T600001] upm6920 6-006a: upm6920_dump_register reg[0x02] = 0x0d
03-06 16:11:03.670     0     0 I         : [T600001] upm6920 6-006a: upm6920_dump_register reg[0x03] = 0x1a
03-06 16:11:03.671     0     0 I         : [T600001] upm6920 6-006a: upm6920_dump_register reg[0x04] = 0x07
03-06 16:11:03.671     0     0 I         : [T600160] [_upm6920_get_vbus](726) read successful, vbus=4692, ret = 1
03-06 16:11:03.671     0     0 I         : [T600001] upm6920 6-006a: upm6920_dump_register reg[0x05] = 0x33
03-06 16:11:03.671     0     0 I         : [T600001] upm6920 6-006a: upm6920_dump_register reg[0x06] = 0x9a
03-06 16:11:03.671     0     0 I         : [T600001] upm6920 6-006a: upm6920_dump_register reg[0x07] = 0x8f
03-06 16:11:03.671     0     0 I         : [T600001] upm6920 6-006a: upm6920_dump_register reg[0x08] = 0x03
03-06 16:11:03.672     0     0 I         : [T600001] upm6920 6-006a: upm6920_dump_register reg[0x09] = 0x44
03-06 16:11:03.672     0     0 I         : [T600001] upm6920 6-006a: upm6920_dump_register reg[0x0a] = 0x72
03-06 16:11:03.672     0     0 I         : [T600001] upm6920 6-006a: upm6920_dump_register reg[0x0b] = 0x34
03-06 16:11:03.672     0     0 I         : [T600001] upm6920 6-006a: upm6920_dump_register reg[0x0c] = 0x00
03-06 16:11:03.672     0     0 I         : [T600001] upm6920 6-006a: upm6920_dump_register reg[0x0d] = 0x94
03-06 16:11:03.672     0     0 I         : [T600001] upm6920 6-006a: upm6920_dump_register reg[0x0e] = 0x54
03-06 16:11:03.673     0     0 I         : [T600001] upm6920 6-006a: upm6920_dump_register reg[0x0f] = 0x56
03-06 16:11:03.673     0     0 I         : [T600001] upm6920 6-006a: upm6920_dump_register reg[0x10] = 0x3e
03-06 16:11:03.673     0     0 I         : [T600001] upm6920 6-006a: upm6920_dump_register reg[0x11] = 0x94
03-06 16:11:03.673     0     0 I         : [T600001] upm6920 6-006a: upm6920_dump_register reg[0x12] = 0x04
03-06 16:11:03.673     0     0 I         : [T600001] upm6920 6-006a: upm6920_dump_register reg[0x13] = 0x48
03-06 16:11:03.673     0     0 I         : [T600001] upm6920 6-006a: upm6920_dump_register reg[0x14] = 0x1f
03-06 16:11:03.729     0     0 I         : [T400067] mtk-msdc 11230000.mmc: vqmmc is null, not set!
03-06 16:11:04.917   279   279 I recovery: [libfs_mgr]Created logical partition system_ext_b on device /dev/block/dm-2
03-06 16:11:03.729     0     0 I         : [T400067] mtk-msdc 11230000.mmc: vqmmc is null, not set!
03-06 16:11:03.732     0     0 I         : [T400067] mtk-msdc 11230000.mmc: vqmmc is null, not set!
03-06 16:11:03.747     0     0 I         : [T400067] mtk-msdc 11230000.mmc: vqmmc is null, not set!
03-06 16:11:03.761     0     0 I         : [T400067] mtk-msdc 11230000.mmc: vqmmc is null, not set!
03-06 16:11:03.763     0     0 I         : [T400067] mtk-msdc 11230000.mmc: vqmmc is null, not set!
03-06 16:11:03.763     0     0 I         : [T400067] mtk-msdc 11230000.mmc: sclk: 399999, timing: 9
03-06 16:11:03.763     0     0 I         : [T400067] mtk-msdc 11230000.mmc: vqmmc is null, not set!
03-06 16:11:03.763     0     0 I         : [T400067] mtk-msdc 11230000.mmc: sclk: 47999984, timing: 9
03-06 16:11:03.763     0     0 I         : [T400067] mtk-msdc 11230000.mmc: vqmmc is null, not set!
03-06 16:11:03.763     0     0 I         : [T400067] mtk-msdc 11230000.mmc: sclk: 191999939, timing: 9
03-06 16:11:03.763     0     0 I         : [T400067] [msdc0][msdc_execute_tuning] autok start, vcore = 800000
03-06 16:11:03.764     0     0 I         : [T400067] [AUTOK]eMMC HS200 Tune
03-06 16:11:03.769     0     0 I         : [T400067] [AUTOK]CMD 0 	 33 	 OOOOOOOOOOOOOOOOOOOOOOOOOOOOOOOOOXXXXXOOOOOOOOOOOOOOOOOOOOOOOOOO
03-06 16:11:03.772     0     0 I         : [T400067] [AUTOK]CMD 1 	 44 	 OOOOOOOOOXXXXXOOOOOOOOOOOOOOOOOOOOOOOOOOOOOOOOOOOOOOOOOOOOXXXXXX
03-06 16:11:03.772     0     0 I         : [T400067] [AUTOK]FBound_Cnt_R=1
03-06 16:11:03.772     0     0 I         : [T400067] [AUTOK]uDlySel_R=11,uDlySel_F=35
03-06 16:11:03.772     0     0 I         : [T400067] [AUTOK]Analysis Result: 1T = 48
03-06 16:11:03.772     0     0 I         : [T400067] [AUTOK]dev status 0x00000900
03-06 16:11:03.778     0     0 I         : [T400067] [AUTOK]DAT 0 	 29 	 OOOOOOOOOOOOOOOOOOOOOOOOOOOOOXXXXXXXXXXXXXOOOOOOOOOOOOOOOOOOOOOO
03-06 16:11:03.781     0     0 I         : [T700001] upm6920 6-006a: upm6920_irq_handler: upm6920_irq_handler
03-06 16:11:03.781     0     0 I         : [T700001] upm6920 6-006a: upm6920_irq_handler: enter upm6920
03-06 16:11:03.781     0     0 I         : [T700001] upm6920 6-006a: upm6920_get_charger_type read PG_STAT:1
03-06 16:11:03.781     0     0 I         : [T700001] upm6920 6-006a: upm6920_get_charger_type read VBUS_STAT:1
03-06 16:11:03.781     0     0 E         : [T700001] upm6920 6-006a: upm6920_get_charger_type:real_type=1, reg_val=1
03-06 16:11:03.782     0     0 I         : [T700001] [MUSB]spm_resource_req_usb 3020: spm_resource_req() function not ready!!!
03-06 16:11:03.782     0     0 I         : [T700001] mtk-tphy 11cc0000.usb-phy: u2_phy_instance_set_mode mode(6), submode(2)
03-06 16:11:03.782     0     0 I         : [T700001] [MUSB]spm_resource_req_usb 3020: spm_resource_req() function not ready!!!
03-06 16:11:03.782     0     0 I         : [T700001] [MUSB]Charger_Detect_Release 3149: Charger_Detect_Release
03-06 16:11:03.782     0     0 I         : [T700001] upm6920 6-006a: upm6920_get_charger_type vbus stat: 0x01, psy_usb_type: 1, chg_type: 4, real_type : 1
03-06 16:11:03.782     0     0 I         : [T700001] upm6920 6-006a: upm6920_irq_handler power_supply_changed
03-06 16:11:03.782     1     1 I upm6920 6-006a: upm6920_dump_register reg[0x00] = 0x48
03-06 16:11:03.782     1     1 I upm6920 6-006a: upm6920_dump_register reg[0x01] = 0x01
03-06 16:11:03.783     1     1 I upm6920 6-006a: upm6920_dump_register reg[0x02] = 0x0d
03-06 16:11:03.783     0     0 I         : [T400067] [AUTOK]DAT 1 	 36 	 OOOOOXXXXXXXXXXXXXOOOOOOOOOOOOOOOOOOOOOOOOOOOOOOOOOOOOXXXXXXXXXX
03-06 16:11:03.783     0     0 I         : [T400067] [AUTOK]FBound_Cnt_R=1
03-06 16:11:03.783     0     0 I         : [T400067] [AUTOK]uDlySel_R=11,uDlySel_F=35
03-06 16:11:03.783     0     0 I         : [T400067] [AUTOK]Analysis Result: 1T = 48
03-06 16:11:03.783     1     1 I upm6920 6-006a: upm6920_dump_register reg[0x03] = 0x1a
03-06 16:11:03.783     0     0 I         : [T400067] [AUTOK]CMD [EDGE:0 CMD_FIFO_EDGE:0 DLY1:11 DLY2:0]
03-06 16:11:03.783     0     0 I         : [T400067] [AUTOK]DAT [RDAT_EDGE:0 RD_FIFO_EDGE:0 WD_FIFO_EDGE:0]
03-06 16:11:03.783     0     0 I         : [T400067] [AUTOK]DAT [LATCH_CK:0 DLY1:11 DLY2:0]
03-06 16:11:03.783     0     0 I         : [T400067] [AUTOK]DS  [DLY1:0 DLY2:0 DLY3:0]
03-06 16:11:04.917   279   279 I recovery: [libfs_mgr]Created logical partition vendor_b on device /dev/block/dm-3
03-06 16:11:03.783     0     0 I         : [T400067] [AUTOK]CLK TX  [0]
03-06 16:11:03.783     0     0 I         : [T400067] [AUTOK]CMD TX  [0]
03-06 16:11:03.783     0     0 I         : [T400067] [AUTOK]DAT TX  [D0:0 D1:0 D2:0 D3:0]
03-06 16:11:03.783     0     0 I         : [T400067] [AUTOK]DAT TX  [D4:0 D5:0 D6:0 D7:0]
03-06 16:11:03.783     0     0 I [T400067] [AUTOK][HS200]======Cost: 19 ms======
03-06 16:11:03.783     0     0 I         : [T400067] [msdc0][msdc_execute_tuning] autok pass, vcore = 800000
03-06 16:11:03.784     0     0 I         : [T400067] mtk-msdc 11230000.mmc: vqmmc is null, not set!
03-06 16:11:03.784     0     0 I         : [T400067] mtk-msdc 11230000.mmc: sclk: 191999939, timing: 1
03-06 16:11:03.784     0     0 I         : [T400067] mtk-msdc 11230000.mmc: vqmmc is null, not set!
03-06 16:11:03.784     1     1 I upm6920 6-006a: upm6920_dump_register reg[0x04] = 0x07
03-06 16:11:03.784     0     0 I         : [T700064] [_upm6920_get_vbus](726) read successful, vbus=4702, ret = 1
03-06 16:11:03.784     1     1 I upm6920 6-006a: upm6920_dump_register reg[0x05] = 0x33
03-06 16:11:03.784     1     1 I upm6920 6-006a: upm6920_dump_register reg[0x06] = 0x9a
03-06 16:11:03.784     1     1 I upm6920 6-006a: upm6920_dump_register reg[0x07] = 0x8f
03-06 16:11:03.785     1     1 I upm6920 6-006a: upm6920_dump_register reg[0x08] = 0x03
03-06 16:11:03.785     1     1 I upm6920 6-006a: upm6920_dump_register reg[0x09] = 0x44
03-06 16:11:03.785     0     0 I         : [T400067] mtk-msdc 11230000.mmc: sclk: 47999984, timing: 1
03-06 16:11:03.785     1     1 I upm6920 6-006a: upm6920_dump_register reg[0x0a] = 0x72
03-06 16:11:03.785     0     0 I         : [T400067] mtk-msdc 11230000.mmc: vqmmc is null, not set!
03-06 16:11:03.785     0     0 I         : [T400067] mtk-msdc 11230000.mmc: sclk: 47999984, timing: 10
03-06 16:11:03.785     0     0 I         : [T400067] mtk-msdc 11230000.mmc: vqmmc is null, not set!
03-06 16:11:03.785     1     1 I upm6920 6-006a: upm6920_dump_register reg[0x0b] = 0x34
03-06 16:11:03.785     0     0 I         : [T400067] mtk-msdc 11230000.mmc: sclk: 191999939, timing: 10
03-06 16:11:03.785     0     0 E         : [T400067] mtk-msdc 11230000.mmc: Tune HS400!
03-06 16:11:03.785     0     0 I         : [T400067] [msdc0][msdc_execute_tuning] autok start, vcore = 800000
03-06 16:11:03.785     1     1 I upm6920 6-006a: upm6920_dump_register reg[0x0c] = 0x00
03-06 16:11:03.786     1     1 I upm6920 6-006a: upm6920_dump_register reg[0x0d] = 0x94
03-06 16:11:03.786     1     1 I upm6920 6-006a: upm6920_dump_register reg[0x0e] = 0x54
03-06 16:11:03.786     1     1 I upm6920 6-006a: upm6920_dump_register reg[0x0f] = 0x56
03-06 16:11:03.786     1     1 I upm6920 6-006a: upm6920_dump_register reg[0x10] = 0x3e
03-06 16:11:03.786     0     0 I         : [T400067] [AUTOK]eMMC HS400 Tune
03-06 16:11:03.786     1     1 I upm6920 6-006a: upm6920_dump_register reg[0x11] = 0x94
03-06 16:11:03.786     1     1 I upm6920 6-006a: upm6920_dump_register reg[0x12] = 0x04
03-06 16:11:03.787     1     1 I upm6920 6-006a: upm6920_dump_register reg[0x13] = 0x48
03-06 16:11:04.918   279   279 I recovery: [libfs_mgr]Created logical partition mi_ext_b on device /dev/block/dm-4
03-06 16:11:03.787     1     1 I upm6920 6-006a: upm6920_dump_register reg[0x14] = 0x1f
03-06 16:11:03.787     1     1 I upm6920 6-006a: upm6920_dump_register reg[0x00] = 0x48
03-06 16:11:03.787     1     1 I upm6920 6-006a: upm6920_dump_register reg[0x01] = 0x01
03-06 16:11:03.787     1     1 I upm6920 6-006a: upm6920_dump_register reg[0x02] = 0x0d
03-06 16:11:03.788     1     1 I upm6920 6-006a: upm6920_dump_register reg[0x03] = 0x1a
03-06 16:11:03.788     1     1 I upm6920 6-006a: upm6920_dump_register reg[0x04] = 0x07
03-06 16:11:03.788     1     1 I upm6920 6-006a: upm6920_dump_register reg[0x05] = 0x33
03-06 16:11:03.788     1     1 I upm6920 6-006a: upm6920_dump_register reg[0x06] = 0x9a
03-06 16:11:03.788     1     1 I upm6920 6-006a: upm6920_dump_register reg[0x07] = 0x8f
03-06 16:11:03.789     1     1 I upm6920 6-006a: upm6920_dump_register reg[0x08] = 0x03
03-06 16:11:03.789     1     1 I upm6920 6-006a: upm6920_dump_register reg[0x09] = 0x44
03-06 16:11:03.789     0     0 I         : [T400067] [AUTOK]CMD 0 	 36 	 OOOOOOOOOOOOOOOOOOOOOOOOOOOOOOOOOOOOXXOOOOOOOOOOOOOOOOOOOOOOOOOO 0x3000000000
03-06 16:11:03.789     1     1 I upm6920 6-006a: upm6920_dump_register reg[0x0a] = 0x72
03-06 16:11:03.789     1     1 I upm6920 6-006a: upm6920_dump_register reg[0x0b] = 0x34
03-06 16:11:03.789     1     1 I upm6920 6-006a: upm6920_dump_register reg[0x0c] = 0x00
03-06 16:11:03.790     1     1 I upm6920 6-006a: upm6920_dump_register reg[0x0d] = 0x94
03-06 16:11:03.790     1     1 I upm6920 6-006a: upm6920_dump_register reg[0x0e] = 0x54
03-06 16:11:03.790     1     1 I upm6920 6-006a: upm6920_dump_register reg[0x0f] = 0x56
03-06 16:11:03.790     1     1 I upm6920 6-006a: upm6920_dump_register reg[0x10] = 0x3e
03-06 16:11:03.790     1     1 I upm6920 6-006a: upm6920_dump_register reg[0x11] = 0x94
03-06 16:11:03.790     0     0 I         : [T400067] [AUTOK]CMD 1 	 47 	 OOOOOOOOOOOOXXOOOOOOOOOOOOOOOOOOOOOOOOOOOOOOOOOOOOOOOOOOOOOOOXXX 0xe000000000003000
03-06 16:11:03.790     0     0 I         : [T400067] [AUTOK]FBound_Cnt_R=1
03-06 16:11:03.790     0     0 I         : [T400067] [AUTOK]uDlySel_R=12,uDlySel_F=36
03-06 16:11:03.790     0     0 I         : [T400067] [AUTOK]Analysis Result: 1T = 48
03-06 16:11:03.790     1     1 I upm6920 6-006a: upm6920_dump_register reg[0x12] = 0x04
03-06 16:11:03.790     0     0 I         : [T400067] [AUTOK]device status 0x00000900
03-06 16:11:03.791     1     1 I upm6920 6-006a: upm6920_dump_register reg[0x13] = 0x48
03-06 16:11:03.791     1     1 I upm6920 6-006a: upm6920_dump_register reg[0x14] = 0x1f
03-06 16:11:04.919   279   279 I recovery: [libfs_mgr]Created logical partition product_b-cow on device /dev/block/dm-5
03-06 16:11:04.920   279   279 I recovery: [libfs_mgr]Created logical partition system_b-cow on device /dev/block/dm-6
03-06 16:11:03.791     1     1 I [MUSB]spm_resource_req_usb 3020: spm_resource_req() function not ready!!!
03-06 16:11:04.920   279   279 I recovery: [libfs_mgr]Created logical partition system_ext_b-cow on device /dev/block/dm-7
03-06 16:11:03.791     1     1 I mtk-tphy 11cc0000.usb-phy: u2_phy_instance_set_mode mode(6), submode(1)
03-06 16:11:03.791     1     1 I [MUSB]spm_resource_req_usb 3020: spm_resource_req() function not ready!!!
03-06 16:11:03.791     1     1 I [MUSB]Charger_Detect_Init 3135: Charger_Detect_Init
03-06 16:11:03.791     1     1 I upm6920 6-006a: upm6920 probe successfully
03-06 16:11:03.791     1     1 I         : !
03-06 16:11:03.791     1     1 I upm6920 6-006a: probe chg start work!
03-06 16:11:03.791     1     1 I         : !
03-06 16:11:03.791     1     1 D         : probe of 6-006a returned 1 after 157276 usecs
03-06 16:11:03.791     1     1 D         : initcall init_module.cfi_jt+0x0/0x8 [upm6920_charger] returned 0 after 153713 usecs
03-06 16:11:03.791     1     1 I BOOTPROF: 1677.983310:initcall: init_module.cfi_jt [upm6920_charger]   157.431462ms
03-06 16:11:03.792     0     0 I         : [T100009] mtk-dsi 14014000.dsi: Waiting for bridge or panel driver
03-06 16:11:03.792     0     0 D         : [T100009] probe of 14014000.dsi returned 0 after 228 usecs
03-06 16:11:03.796     1     1 D         : calling  init_module.cfi_jt+0x0/0x8 [mtk_charger_framework] @ 1
03-06 16:11:03.797     1     1 I mtk_charger_probe: starts, probe_cnt = 1
03-06 16:11:03.797     1     1 I mtk_charger_probe: No pd adapter found
03-06 16:11:03.802     0     0 I         : [T600062] [_upm6920_get_vbus](726) read successful, vbus=4702, ret = 1
03-06 16:11:03.811     0     0 I         : [T400067] [AUTOK]DLY1/2 0 	 19 	 XXOOOOOOOOOOOOOOOOOOOXXXXXXXXXXXXXXXXXXXXXXXXXXXXXXXXXXXXXXXXXXX
03-06 16:11:03.811     0     0 I         : [T400067] [AUTOK]CMD [EDGE:0 CMD_FIFO_EDGE:0 DLY1:12 DLY2:0]
03-06 16:11:03.811     0     0 I         : [T400067] [AUTOK]DAT [RDAT_EDGE:0 RD_FIFO_EDGE:0 WD_FIFO_EDGE:0]
03-06 16:11:03.811     0     0 I         : [T400067] [AUTOK]DAT [LATCH_CK:0 DLY1:0 DLY2:0]
03-06 16:11:03.811     0     0 I         : [T400067] [AUTOK]DS  [DLY1:11 DLY2:0 DLY3:20]
03-06 16:11:03.811     0     0 I         : [T400067] [AUTOK]CLK TX  [0]
03-06 16:11:03.811     0     0 I         : [T400067] [AUTOK]CMD TX  [0]
03-06 16:11:03.811     0     0 I         : [T400067] [AUTOK]DAT TX  [D0:0 D1:0 D2:0 D3:0]
03-06 16:11:03.811     0     0 I         : [T400067] [AUTOK]DAT TX  [D4:0 D5:0 D6:0 D7:0]
03-06 16:11:03.811     0     0 I [T400067] [AUTOK][HS400]======Cost: 25 ms======
03-06 16:11:03.811     0     0 I         : [T400067] [msdc0][msdc_execute_tuning] autok pass, vcore = 800000
03-06 16:11:03.812     0     0 I         : [T400067] cqhci_enable, mv_card OK
03-06 16:11:03.812     0     0 I [T400067] mmc0: Command Queue Engine enabled
03-06 16:11:03.812     0     0 I [T400067] mmc0: new HS400 MMC card at address 0001
03-06 16:11:03.813     0     0 I [T400067] mmcblk0: mmc0:0001 C09F00 117 GiB
03-06 16:11:03.813     0     0 I [T400067] mmcblk0boot0: mmc0:0001 C09F00 partition 1 4.00 MiB
03-06 16:11:03.813     0     0 I [T400067] mmcblk0boot1: mmc0:0001 C09F00 partition 2 4.00 MiB
03-06 16:11:04.921   279   279 I recovery: [libfs_mgr]Created logical partition vendor_b-cow on device /dev/block/dm-8
03-06 16:11:03.814     0     0 I [T400067] mmcblk0rpmb: mmc0:0001 C09F00 partition 3 4.00 MiB, chardev (237:0)
03-06 16:11:03.817     0     0 I [T400067]  mmcblk0: p1 p2 p3 p4 p5 p6 p7 p8 p9 p10 p11 p12 p13 p14 p15 p16 p17 p18 p19 p20 p21 p22 p23 p24 p25 p26 p27 p28 p29 p30 p31 p32 p33 p34 p35 p36 p37 p38 p39 p40 p41 p42 p43 p44 p45 p46 p47 p48 p49 p50 p51 p52 p53 p54 p55 p56 p57 p58 p59 p60 p61 p62 p63
03-06 16:11:03.824     0     0 D         : [T400067] probe of mmc0:0001 returned 1 after 11465 usecs
03-06 16:11:03.825     0     0 I         : [T100009] mtk-dsi 14014000.dsi: Waiting for bridge or panel driver
03-06 16:11:03.825     0     0 D         : [T100009] probe of 14014000.dsi returned 0 after 243 usecs
03-06 16:11:03.847     0     0 D         : [T600001] probe of charger returned 0 after 50096 usecs
03-06 16:11:03.848     0     0 D         : [T600001] initcall init_module.cfi_jt+0x0/0x8 [mtk_charger_framework] returned 0 after 49945 usecs
03-06 16:11:03.848     0     0 I [T600001] BOOTPROF: 1734.248310:initcall: init_module.cfi_jt [mtk_charger_framework]    51.181923ms
03-06 16:11:03.848     0     0 I         : [T300162] mtk-dsi 14014000.dsi: Waiting for bridge or panel driver
03-06 16:11:03.848     0     0 D         : [T300162] probe of 14014000.dsi returned 0 after 244 usecs
03-06 16:11:03.849     0     0 D         : [T600001] calling  init_module.cfi_jt+0x0/0x8 [sgm41543_charger] @ 1
03-06 16:11:03.849     0     0 D         : [T600001] initcall init_module.cfi_jt+0x0/0x8 [sgm41543_charger] returned 0 after 133 usecs
03-06 16:11:03.849     0     0 I [T300162] mtk_charger_probe: starts, probe_cnt = 2
03-06 16:11:03.849     0     0 I [T300162] mtk_charger_probe: No pd adapter found
03-06 16:11:03.850     0     0 D         : [T600001] calling  __cfi_jt_start+0x0/0x8 [mtk_chg_type_det] @ 1
03-06 16:11:03.851     0     0 I         : [T600001] mtk_ctd mtk_ctd: mtk_ctd_parse_dt: bc12_sel = 0
03-06 16:11:03.851     0     0 I         : [T700001] mtk_ctd mtk_ctd: mtk_ctd_probe: successfully
03-06 16:11:03.851     0     0 I [T200212] typec_attach_thread: ++
03-06 16:11:03.851     0     0 D         : [T700001] probe of mtk_ctd returned 1 after 358 usecs
03-06 16:11:03.851     0     0 D         : [T700001] initcall __cfi_jt_start+0x0/0x8 [mtk_chg_type_det] returned 0 after 951 usecs
03-06 16:11:03.852     0     0 D         : [T700001] calling  init_module.cfi_jt+0x0/0x8 [mtk_pd_adapter] @ 1
03-06 16:11:03.852     0     0 I         : [T700001] mtk_pd_adapter_probe
03-06 16:11:03.852     0     0 I         : [T700001] adapter_parse_dt
03-06 16:11:03.852     0     0 I [T700001] adapter_parse_dt: failed to get bootmode phandle
03-06 16:11:03.852     0     0 I [T700001] adapter_parse_dt: failed to get atag,boot
03-06 16:11:03.852     0     0 I [T700001] adapter_parse_dt: set bootmode=8, boottype=2
03-06 16:11:03.852     0     0 I [T700001] adapter_device_register: name=pd_adapter
03-06 16:11:03.853     0     0 D         : [T700001] probe of pd_adapter returned 1 after 139 usecs
03-06 16:11:03.853     0     0 D         : [T700001] initcall init_module.cfi_jt+0x0/0x8 [mtk_pd_adapter] returned 0 after 666 usecs
03-06 16:11:03.854     0     0 D         : [T700001] calling  __cfi_jt_start+0x0/0x8 [rt_pd_manager] @ 1
03-06 16:11:03.854     0     0 I         : [T700001] rt-pd-manager rt-pd-manager: rt_pd_manager_probe (1.0.11), probe_number(1)
03-06 16:11:03.854     0     0 I         : [T700001] rt-pd-manager rt-pd-manager: rt_pd_manager_probe read nr_port property fail(-22)
03-06 16:11:03.854     0     0 E [T700001] OF: graph: no port node found in /i2c@1100d000/upm7610@60
03-06 16:11:03.854     0     0 E [T700001] OF: graph: no port node found in /i2c@1100d000/upm7610@60
03-06 16:11:03.854     0     0 I         : [T700001] rt-pd-manager rt-pd-manager: rt_pd_manager_probe OK!!
03-06 16:11:03.854     0     0 D         : [T700001] probe of rt-pd-manager returned 1 after 169 usecs
03-06 16:11:03.854     0     0 D         : [T700001] initcall __cfi_jt_start+0x0/0x8 [rt_pd_manager] returned 0 after 679 usecs
03-06 16:11:03.856     0     0 D         : [T700001] calling  init_module.cfi_jt+0x0/0x8 [pmic_lbat_service] @ 1
03-06 16:11:03.857     0     0 I         : [T600001] pmic_lbat_service mtk-lbat_service: r_ratio = 3/1
03-06 16:11:04.922   279   279 I recovery: [libfs_mgr]Created logical partition mi_ext_b-cow on device /dev/block/dm-9
03-06 16:11:03.857     0     0 D         : [T600001] probe of mtk-lbat_service returned 1 after 325 usecs
03-06 16:11:03.857     0     0 D         : [T600001] initcall init_module.cfi_jt+0x0/0x8 [pmic_lbat_service] returned 0 after 1025 usecs
03-06 16:11:03.861     0     0 D         : [T600001] calling  init_module.cfi_jt+0x0/0x8 [mt6358_battery] @ 1
03-06 16:11:03.862     0     0 I [T600001] mt6358_gauge_probe: starts (1)
03-06 16:11:03.862     0     0 I         : [T600001] chan_vbus auxadc get successful(-1499080573), pass
03-06 16:11:03.862     0     0 I         : [T600001] [battery_psy_init]
03-06 16:11:03.862     0     0 I         : [T600001] [BAT_probe] power_supply_register Battery Success !!
03-06 16:11:03.863     0     0 I [T600001] fg_check_bootmode: size:0x3 tag:0x41000802 bootmode:0x2 boottype:0x1
03-06 16:11:03.863     0     0 I         : [T600001] temp 40125 gm->ptim_lk_v=40125
03-06 16:11:03.863     0     0 I         : [T600001] temp -52 gm->ptim_lk_i=-52
03-06 16:11:03.863     0     0 I         : [T600001] temp 566 gm->pl_shutdown_time=566
03-06 16:11:03.863     0     0 I         : [T600001] fg_check_lk_swocv swocv_v:40125 swocv_i:-52 shutdown_time:566
03-06 16:11:03.863     0     0 I         : [T600001] [fgauge_get_profile_id] iio channel not found -517
03-06 16:11:03.863     0     0 I         : [T600001] [fgauge_get_profile_id] iio channel not found -517
03-06 16:11:03.863     0     0 I         : [T600001] fg_custom_init_from_dts
03-06 16:11:03.863     0     0 I         : [T600001] fg_custom_init_from_dts swocv_v:40125 swocv_i:-52 shutdown_time:566
03-06 16:11:03.863     0     0 I [T600001] disable_nafg: 0
03-06 16:11:03.864     0     0 I         : [T600001] fg active table:5
03-06 16:11:03.864     0     0 I         : [T600001]  10000  10000  10000  10000  10000
03-06 16:11:03.864     0     0 I         : [T600001]  10000  10000  10000  10000  10000
03-06 16:11:03.864     0     0 I         : [T600001]  10000  10000  10000  10000  10000
03-06 16:11:03.864     0     0 I         : [T600001]   9700   9700   9700   9700   9700
03-06 16:11:03.864     0     0 I         : [T600001]   9700   9700   9700   9700   9700
03-06 16:11:03.864     0     0 I         : [T600001]  10000  10000  10000  10000  10000
03-06 16:11:03.864     0     0 I         : [T600001]  10000  10000  10000  10000  10000
03-06 16:11:03.864     0     0 I         : [T600001]  10000  10000  10000  10000  10000
03-06 16:11:03.864     0     0 I         : [T600001]  10000  10000  10000  10000  10000
03-06 16:11:03.864     0     0 I         : [T600001]  10000  10000  10000  10000  10000
03-06 16:11:03.864     0     0 I [T600001] g_FG_charge_PSEUDO100_row: 0 g_FG_charge_PSEUDO100_col:0
03-06 16:11:03.864     0     0 I         : [T600001]  10000  10000  10000  10000  10000
03-06 16:11:03.864     0     0 I         : [T600001]  10000  10000  10000  10000  10000
03-06 16:11:03.864     0     0 I         : [T600001]  10000  10000  10000  10000  10000
03-06 16:11:03.864     0     0 I         : [T600001]   9700   9700   9700   9700   9700
03-06 16:11:03.864     0     0 I         : [T600001]   9700   9700   9700   9700   9700
03-06 16:11:03.864     0     0 I         : [T600001]  10000  10000  10000  10000  10000
03-06 16:11:03.864     0     0 I         : [T600001]  10000  10000  10000  10000  10000
03-06 16:11:03.864     0     0 I         : [T600001]  10000  10000  10000  10000  10000
03-06 16:11:03.864     0     0 I         : [T600001]  10000  10000  10000  10000  10000
03-06 16:11:03.864     0     0 I         : [T600001]  10000  10000  10000  10000  10000
03-06 16:11:03.867     1     1 I is_daemon_support: is_support = 1
03-06 16:11:03.869     0     0 I         : [T100215] mt635x-auxadc mt635x-auxadc: Error: Get efuse failed (-517)
03-06 16:11:03.870     0     0 I         : [T100215] vbat_out_old=40350, vthr=688, T_curr=-4092, vbat_out=40350
03-06 16:11:03.870     0     0 I         : [T100215] battery_update_routine
03-06 16:11:03.871     0     0 I         : [T600173] mt6397 1000d000.pwrap:mt6358-pmic: Reg[0xc4a]=0x40,hwirq=86,type=0
03-06 16:11:03.871     0     0 I [T600173]  wakeup_fg_daemon: gm->fgd_pid exception, valule is 0 !!
03-06 16:11:03.871     0     0 I         : [T600173] [fg_int_event]battery is not rdy:0
03-06 16:11:03.871     0     0 I         : [T600173] mt6397 1000d000.pwrap:mt6358-pmic: Reg[0xc4a]=0x180,hwirq=87,type=0
03-06 16:11:03.871     0     0 I [T600173]  wakeup_fg_daemon: gm->fgd_pid exception, valule is 0 !!
03-06 16:11:03.871     0     0 I         : [T600173] [fg_int_event]battery is not rdy:0
03-06 16:11:03.871     0     0 I         : [T600173] mt6397 1000d000.pwrap:mt6358-pmic: Reg[0xc4a]=0x180,hwirq=88,type=0
03-06 16:11:03.872     0     0 I         : [T600001] sw_iavg_init 1800, current:1800
03-06 16:11:03.872     0     0 I         : [T600001] get_charge_status_in_init online:1 status:1
03-06 16:11:03.872     0     0 I         : [T600001] get_charge_status_in_init bat_status:1
03-06 16:11:03.872     0     0 I         : [T600001] MTK Battery algo init bat_exist:1
03-06 16:11:03.873     0     0 I         : [T600001] [force_get_tbat_internal] 1060,1058,1,221,0,35 r:100 0 0
03-06 16:11:03.873     0     0 I         : [T600001] [fgr_construct_table_by_temp] tempture from(0)to(35) Tb:254
03-06 16:11:03.874     0     0 I         : [T600001] [force_get_tbat_internal] 1059,1057,1,221,0,35 r:100 0 0
03-06 16:11:03.874     0     0 I         : [T600001] [reg_to_current], is_charging=0
03-06 16:11:03.874     0     0 I         : [T600001] [get_ptim_current]ptim current:52
03-06 16:11:03.882     0     0 I         : [T600001] [get_ptim_current]ptim current:-2372
03-06 16:11:03.882     0     0 I         : [T600001] [ERR][fg_construct_battery_profile_by_vboot]index 254 idx:95 _vboot:33545 33384 qmax_t_0ma_tb1:[50473 => 50000]
03-06 16:11:03.882     0     0 I         : [T600001] [fg_compensate_battery_voltage_from_low]h_percent=[10017,9912],high=95,fg_volt_withIR=33587 > oriv=33500
03-06 16:11:03.882     0     0 I [T600001] [fg_compensate_battery_voltage_from_low]fg_volt=34303,95,IR=-763,orig_v: 33500,+IR=33540,percent=9917,
03-06 16:11:03.882     0     0 I         : [T600001] [ERR][fg_construct_battery_profile_by_vboot]index 254 idx:95 _vboot:34303 33384 qmax_t_0ma_tb1:[50054 => 50000]
03-06 16:11:03.882     0     0 I         : [T600001] [fgr_dump_table]table idx:254 (i,mah,voltage,resistance,percentage)
03-06 16:11:03.882     0     0 I         : [T600001] ( 0,    0,44200,  935,  0)( 1,  533,43942,  935,106)( 2, 1065,43731,  943,212)( 3, 1597,43548,  935,319)( 4, 2129,43382,  930,425)
03-06 16:11:03.882     0     0 I         : [T600001] ( 5, 2661,43230,  934,531)( 6, 3194,43088,  940,638)( 7, 3726,42952,  943,744)( 8, 4259,42815,  945,850)( 9, 4791,42686,  953,957)
03-06 16:11:03.882     0     0 I         : [T600001] (10, 5323,42553,  934,1063)(11, 5855,42435,  949,1169)(12, 6387,42313,  955,1276)(13, 6919,42195,  955,1382)(14, 7451,42080,  955,1488)
03-06 16:11:03.882     0     0 I         : [T600001] (15, 7984,41966,  955,1595)(16, 8516,41850,  955,1701)(17, 9048,41735,  955,1807)(18, 9580,41620,  955,1913)(19,10112,41504,  955,2020)
03-06 16:11:03.882     0     0 I         : [T600001] (20,10645,41389,  955,2126)(21,11177,41275,  947,2232)(22,11710,41167,  961,2339)(23,12242,41054,  965,2445)(24,12774,40939,  956,2552)
03-06 16:11:03.882     0     0 I         : [T600001] (25,13306,40828,  964,2658)(26,13838,40719,  969,2764)(27,14371,40612,  980,2871)(28,14903,40504,  980,2977)(29,15435,40400,  984,3083)
03-06 16:11:03.882     0     0 I         : [T600001] (30,15967,40296,  988,3189)(31,16499,40194,  992,3296)(32,17031,40097, 1005,3402)(33,17563,39999, 1005,3508)(34,18096,39907, 1018,3615)
03-06 16:11:03.882     0     0 I         : [T600001] (35,18628,39817, 1040,3721)(36,19161,39727, 1055,3828)(37,19693,39641, 1065,3934)(38,20225,39552, 1085,4040)(39,20757,39464, 1086,4146)
03-06 16:11:03.882     0     0 I         : [T600001] (40,21289,39383, 1118,4253)(41,21822,39293, 1133,4359)(42,22354,39186, 1127,4465)(43,22886,39052, 1069,4572)(44,23418,38908,  990,4678)
03-06 16:11:03.882     0     0 I         : [T600001] (45,23950,38785,  950,4784)(46,24483,38695,  949,4891)(47,25015,38616,  940,4997)(48,25547,38545,  926,5103)(49,26079,38482,  925,5210)
03-06 16:11:03.882     0     0 I         : [T600001] (50,26612,38425,  925,5316)(51,27144,38371,  931,5422)(52,27676,38315,  931,5529)(53,28208,38264,  925,5635)(54,28740,38219,  930,5741)
03-06 16:11:03.882     0     0 I         : [T600001] (55,29273,38171,  937,5848)(56,29805,38126,  925,5954)(57,30337,38083,  925,6060)(58,30869,38046,  945,6167)(59,31401,38013,  957,6273)
03-06 16:11:03.882     0     0 I         : [T600001] (60,31934,37977,  955,6379)(61,32466,37946,  961,6486)(62,32998,37919,  981,6592)(63,33530,37889,  980,6698)(64,34063,37865,  989,6805)
03-06 16:11:03.882     0     0 I         : [T600001] (65,34595,37843,  993,6911)(66,35127,37822, 1011,7017)(67,35660,37795, 1002,7124)(68,36192,37773, 1004,7230)(69,36724,37743, 1002,7336)
