--------- beginning of main
03-06 16:11:04.760   272   272 I SELinux : SELinux: Loaded service_contexts from:
03-06 16:11:04.760   272   272 I SELinux :     /vendor/etc/selinux/vndservice_contexts
03-06 16:11:04.761   272   272 E SELinux : avc:  denied  { add } for pid=272 uid=0 name=manager scontext=u:r:recovery:s0 tcontext=u:object_r:service_manager_vndservice:s0 tclass=service_manager permissive=1
03-06 16:11:04.768   271   271 I SELinux : SELinux: Loaded service_contexts from:
03-06 16:11:04.768   271   271 I SELinux :     /system/etc/selinux/plat_service_contexts
03-06 16:11:04.769   271   271 E SELinux : avc:  denied  { add } for pid=271 uid=0 name=manager scontext=u:r:recovery:s0 tcontext=u:object_r:service_manager_service:s0 tclass=service_manager permissive=1
01-01 00:00:00.272   269   269 W auditd  : type=2000 audit(0.0:1): state=initialized audit_enabled=0 res=1
03-06 16:11:04.814   270   270 E SELinux : avc:  denied  { add } for interface=android.hidl.base::IBase sid=u:r:recovery:s0 pid=270 scontext=u:r:recovery:s0 tcontext=u:object_r:hidl_base_hwservice:s0 tclass=hwservice_manager permissive=1
03-06 16:11:04.814   270   270 E SELinux : avc:  denied  { add } for interface=android.hidl.manager::IServiceManager sid=u:r:recovery:s0 pid=270 scontext=u:r:recovery:s0 tcontext=u:object_r:hidl_manager_hwservice:s0 tclass=hwservice_manager permissive=1
03-06 16:11:04.814   270   270 I hwservicemanager: getFrameworkHalManifest: Reading VINTF information.
03-06 16:11:04.815   270   270 W hwservicemanager: Cannot fetch /system/etc/vintf/manifest.xml: Illformed file: /system/etc/vintf/manifest.xml: Unrecognized manifest.version 7.0 (libvintf@4.0)
03-06 16:11:04.815   270   270 E hwservicemanager: getFrameworkHalManifest: status from fetching VINTF information: -2
03-06 16:11:04.815   270   270 E hwservicemanager: getFrameworkHalManifest: -2 VINTF parse error: Cannot read /system/manifest.xml: No such file or directory
03-06 16:11:04.815   270   270 I hwservicemanager: getDeviceHalManifest: Reading VINTF information.
03-06 16:11:04.823   270   270 I hwservicemanager: getDeviceHalManifest: Successfully processed VINTF information
03-06 16:11:04.823   270   270 I hwservicemanager: getTransport: Cannot find entry android.hidl.manager@1.2::IServiceManager/default in either framework or device VINTF manifest.
03-06 16:11:04.823   270   270 E SELinux : avc:  denied  { add } for interface=android.hidl.token::ITokenManager sid=u:r:recovery:s0 pid=270 scontext=u:r:recovery:s0 tcontext=u:object_r:hidl_token_hwservice:s0 tclass=hwservice_manager permissive=1
03-06 16:11:04.824   270   270 I hwservicemanager: getFrameworkHalManifest: Reading VINTF information.
03-06 16:11:04.824   270   270 W hwservicemanager: Cannot fetch /system/etc/vintf/manifest.xml: Illformed file: /system/etc/vintf/manifest.xml: Unrecognized manifest.version 7.0 (libvintf@4.0)
03-06 16:11:04.824   270   270 E hwservicemanager: getFrameworkHalManifest: status from fetching VINTF information: -2
03-06 16:11:04.824   270   270 E hwservicemanager: getFrameworkHalManifest: -2 VINTF parse error: Cannot read /system/manifest.xml: No such file or directory
03-06 16:11:04.824   270   270 I hwservicemanager: getTransport: Cannot find entry android.hidl.token@1.0::ITokenManager/default in either framework or device VINTF manifest.
03-06 16:11:04.825   270   270 I hwservicemanager: hwservicemanager is ready now.
03-06 16:11:04.825   280   280 E cutils-trace: Error opening trace file: No such file or directory (2)
03-06 16:11:04.825   281   281 E cutils-trace: Error opening trace file: No such file or directory (2)
03-06 16:11:04.826   270   270 E cutils-trace: Error opening trace file: No such file or directory (2)
03-06 16:11:04.826   270   270 I hwservicemanager: getFrameworkHalManifest: Reading VINTF information.
03-06 16:11:04.827   270   270 W hwservicemanager: Cannot fetch /system/etc/vintf/manifest.xml: Illformed file: /system/etc/vintf/manifest.xml: Unrecognized manifest.version 7.0 (libvintf@4.0)
03-06 16:11:04.827   270   270 E hwservicemanager: getFrameworkHalManifest: status from fetching VINTF information: -2
03-06 16:11:04.827   270   270 E hwservicemanager: getFrameworkHalManifest: -2 VINTF parse error: Cannot read /system/manifest.xml: No such file or directory
03-06 16:11:04.827   270   270 E SELinux : avc:  denied  { find } for interface=android.hardware.health::IHealth sid=u:r:recovery:s0 pid=281 scontext=u:r:recovery:s0 tcontext=u:object_r:hal_health_hwservice:s0 tclass=hwservice_manager permissive=1
03-06 16:11:04.828   270   270 I hwservicemanager: getFrameworkHalManifest: Reading VINTF information.
03-06 16:11:04.828   270   270 W hwservicemanager: Cannot fetch /system/etc/vintf/manifest.xml: Illformed file: /system/etc/vintf/manifest.xml: Unrecognized manifest.version 7.0 (libvintf@4.0)
03-06 16:11:04.828   270   270 E hwservicemanager: getFrameworkHalManifest: status from fetching VINTF information: -2
03-06 16:11:04.828   270   270 E hwservicemanager: getFrameworkHalManifest: -2 VINTF parse error: Cannot read /system/manifest.xml: No such file or directory
03-06 16:11:04.830   281   281 E HidlServiceManagement: Could not find instance 'default' in library android.hardware.health@2.0-impl-default.so. Keeping library open.
03-06 16:11:04.831   280   280 E android.hardware.boot@1.2-service: [libfs_mgr]Error parsing fs_mgr_options
03-06 16:11:04.831   280   280 E android.hardware.boot@1.2-service: [libfs_mgr]ReadFstabFromFile(): failed to load fstab from : '/etc/recovery.fstab'
03-06 16:11:04.831   280   280 I android.hardware.boot@1.2-service: [libfs_mgr]ReadDefaultFstab(): failed to find device default fstab
03-06 16:11:04.831   280   280 E android.hardware.boot@1.2-service: Could not find bootloader message block device: failed to read default fstab
03-06 16:11:04.831   280   280 E android.hardware.boot@1.2-mtkimpl: Could not initialize BootControl module
03-06 16:11:04.831   280   280 D RefBase : RefBase: Explicit destruction, weak count = 0 (in 0xb400007ce58111e8)
03-06 16:11:04.831   280   280 W RefBase : CallStack::getCurrentInternal not linked, returning null
03-06 16:11:04.831   280   280 W RefBase : CallStack::logStackInternal not linked
03-06 16:11:04.831   280   280 E HidlServiceManagement: Could not find instance 'default' in library android.hardware.boot@1.0-impl-1.2-mtkimpl.so. Keeping library open.
03-06 16:11:04.831   280   280 E LegacySupport: Could not get passthrough implementation for android.hardware.boot@1.0::IBootControl/default.
03-06 16:11:04.832   274   274 I keystore2: keystore2_main: Keystore2 is starting.
03-06 16:11:04.834   274   274 I keystore2: keystore2_main: Starting thread pool now.
03-06 16:11:04.834   274   285 I keystore2: getDeviceHalManifest: Reading VINTF information.
03-06 16:11:04.835   281   281 I android.hardware.health@2.1-service: default instance initializing with healthd_config...
03-06 16:11:04.835   270   270 I hwservicemanager: getFrameworkHalManifest: Reading VINTF information.
--------- beginning of crash
03-06 16:11:04.836   283   283 F linker  : CANNOT LINK EXECUTABLE "/system/bin/android.hardware.keymaster@4.1-service.beanpod": library "libkeymaster4.so" not found: needed by main executable
03-06 16:11:04.836   270   270 W hwservicemanager: Cannot fetch /system/etc/vintf/manifest.xml: Illformed file: /system/etc/vintf/manifest.xml: Unrecognized manifest.version 7.0 (libvintf@4.0)
03-06 16:11:04.836   270   270 E hwservicemanager: getFrameworkHalManifest: status from fetching VINTF information: -2
03-06 16:11:04.836   270   270 E hwservicemanager: getFrameworkHalManifest: -2 VINTF parse error: Cannot read /system/manifest.xml: No such file or directory
03-06 16:11:04.836   270   270 E SELinux : avc:  denied  { add } for interface=android.hardware.health::IHealth sid=u:r:recovery:s0 pid=281 scontext=u:r:recovery:s0 tcontext=u:object_r:hal_health_hwservice:s0 tclass=hwservice_manager permissive=1
03-06 16:11:04.836   270   270 I hwservicemanager: getFrameworkHalManifest: Reading VINTF information.
03-06 16:11:04.837   270   270 W hwservicemanager: Cannot fetch /system/etc/vintf/manifest.xml: Illformed file: /system/etc/vintf/manifest.xml: Unrecognized manifest.version 7.0 (libvintf@4.0)
03-06 16:11:04.837   270   270 E hwservicemanager: getFrameworkHalManifest: status from fetching VINTF information: -2
03-06 16:11:04.837   270   270 E hwservicemanager: getFrameworkHalManifest: -2 VINTF parse error: Cannot read /system/manifest.xml: No such file or directory
03-06 16:11:04.837   270   270 I hwservicemanager: getFrameworkHalManifest: Reading VINTF information.
03-06 16:11:04.837   270   270 W hwservicemanager: Cannot fetch /system/etc/vintf/manifest.xml: Illformed file: /system/etc/vintf/manifest.xml: Unrecognized manifest.version 7.0 (libvintf@4.0)
03-06 16:11:04.837   270   270 E hwservicemanager: getFrameworkHalManifest: status from fetching VINTF information: -2
03-06 16:11:04.837   270   270 E hwservicemanager: getFrameworkHalManifest: -2 VINTF parse error: Cannot read /system/manifest.xml: No such file or directory
03-06 16:11:04.837   281   281 I HidlServiceManagement: Registered android.hardware.health@2.1::IHealth/default
03-06 16:11:04.837   281   281 I HidlServiceManagement: Removing namespace from process name android.hardware.health@2.1-service to health@2.1-service.
03-06 16:11:04.838   281   281 I android.hardware.health@2.1-service: default: Hal init done
03-06 16:11:04.850   274   285 I keystore2: getDeviceHalManifest: Successfully processed VINTF information
03-06 16:11:04.851   284   284 E cutils-trace: Error opening trace file: No such file or directory (2)
03-06 16:11:04.851   271   271 E SELinux : avc:  denied  { add } for pid=274 uid=0 name=android.security.compat scontext=u:r:recovery:s0 tcontext=u:object_r:keystore_compat_hal_service:s0 tclass=service_manager permissive=1
03-06 16:11:04.852   271   271 E SELinux : avc:  denied  { find } for pid=274 uid=0 name=android.security.compat scontext=u:r:recovery:s0 tcontext=u:object_r:keystore_compat_hal_service:s0 tclass=service_manager permissive=1
03-06 16:11:04.852   270   270 E SELinux : avc:  denied  { find } for interface=android.hardware.gatekeeper::IGatekeeper sid=u:r:recovery:s0 pid=284 scontext=u:r:recovery:s0 tcontext=u:object_r:hal_gatekeeper_hwservice:s0 tclass=hwservice_manager permissive=1
03-06 16:11:04.852   270   270 I hwservicemanager: getFrameworkHalManifest: Reading VINTF information.
03-06 16:11:04.852   274   274 E cutils-trace: Error opening trace file: No such file or directory (2)
03-06 16:11:04.852   270   270 W hwservicemanager: Cannot fetch /system/etc/vintf/manifest.xml: Illformed file: /system/etc/vintf/manifest.xml: Unrecognized manifest.version 7.0 (libvintf@4.0)
03-06 16:11:04.852   270   270 E hwservicemanager: getFrameworkHalManifest: status from fetching VINTF information: -2
03-06 16:11:04.853   270   270 E hwservicemanager: getFrameworkHalManifest: -2 VINTF parse error: Cannot read /system/manifest.xml: No such file or directory
03-06 16:11:04.853   270   270 I hwservicemanager: getFrameworkHalManifest: Reading VINTF information.
03-06 16:11:04.853   270   270 W hwservicemanager: Cannot fetch /system/etc/vintf/manifest.xml: Illformed file: /system/etc/vintf/manifest.xml: Unrecognized manifest.version 7.0 (libvintf@4.0)
03-06 16:11:04.853   270   270 E hwservicemanager: getFrameworkHalManifest: status from fetching VINTF information: -2
03-06 16:11:04.853   270   270 E hwservicemanager: getFrameworkHalManifest: -2 VINTF parse error: Cannot read /system/manifest.xml: No such file or directory
03-06 16:11:04.853   270   270 I hwservicemanager: getTransport: Cannot find entry android.hidl.manager@1.2::IServiceManager/default in either framework or device VINTF manifest.
03-06 16:11:04.853   284   284 D vndksupport: Loading /vendor/lib64/hw/android.hardware.gatekeeper@1.0-impl.so from current namespace instead of sphal namespace.
03-06 16:11:04.853   274   274 F keystore2: Check failed: serviceManager.get() Failed to get ServiceManager
03-06 16:11:04.854   274   274 F libc    : Fatal signal 6 (SIGABRT), code -1 (SI_QUEUE) in tid 274 (Binder:274_2), pid 274 (Binder:274_2)
03-06 16:11:04.854   284   284 D vndksupport: Loading /vendor/lib64/hw/gatekeeper.beanpod.so from current namespace instead of sphal namespace.
03-06 16:11:04.856   270   270 I hwservicemanager: getFrameworkHalManifest: Reading VINTF information.
03-06 16:11:04.856   270   270 W hwservicemanager: Cannot fetch /system/etc/vintf/manifest.xml: Illformed file: /system/etc/vintf/manifest.xml: Unrecognized manifest.version 7.0 (libvintf@4.0)
03-06 16:11:04.856   270   270 E hwservicemanager: getFrameworkHalManifest: status from fetching VINTF information: -2
03-06 16:11:04.856   270   270 E hwservicemanager: getFrameworkHalManifest: -2 VINTF parse error: Cannot read /system/manifest.xml: No such file or directory
03-06 16:11:04.857   270   270 E SELinux : avc:  denied  { add } for interface=android.hardware.gatekeeper::IGatekeeper sid=u:r:recovery:s0 pid=284 scontext=u:r:recovery:s0 tcontext=u:object_r:hal_gatekeeper_hwservice:s0 tclass=hwservice_manager permissive=1
03-06 16:11:04.857   270   270 I hwservicemanager: getFrameworkHalManifest: Reading VINTF information.
03-06 16:11:04.857   291   291 F libc    : failed to exec crash_dump helper: No such file or directory
03-06 16:11:04.857   270   270 W hwservicemanager: Cannot fetch /system/etc/vintf/manifest.xml: Illformed file: /system/etc/vintf/manifest.xml: Unrecognized manifest.version 7.0 (libvintf@4.0)
03-06 16:11:04.857   270   270 E hwservicemanager: getFrameworkHalManifest: status from fetching VINTF information: -2
03-06 16:11:04.857   270   270 E hwservicemanager: getFrameworkHalManifest: -2 VINTF parse error: Cannot read /system/manifest.xml: No such file or directory
03-06 16:11:04.858   284   284 I HidlServiceManagement: Registered android.hardware.gatekeeper@1.0::IGatekeeper/default
03-06 16:11:04.858   284   284 I HidlServiceManagement: Removing namespace from process name android.hardware.gatekeeper@1.0-service to gatekeeper@1.0-service.
03-06 16:11:04.858   284   284 I LegacySupport: Registration complete for android.hardware.gatekeeper@1.0::IGatekeeper/default.
03-06 16:11:04.859   274   274 F libc    : crash_dump helper failed to exec, or was killed
03-06 16:11:04.859   274   274 F libc    : failed to wait for crash_dump helper: No child processes
--------- beginning of kernel
03-06 16:11:02.907     1     1 D         : initcall __initstub__kmod_extcon_core__286_1429_extcon_class_init6+0x0/0x8 returned 0 after 7 usecs
03-06 16:11:02.907     1     1 D         : calling  __initstub__kmod_binder__612_6711_binder_init6+0x0/0x8 @ 1
03-06 16:11:02.907     1     1 D         : initcall __initstub__kmod_binder__612_6711_binder_init6+0x0/0x8 returned 0 after 52 usecs
03-06 16:11:02.907     1     1 D         : calling  __initstub__kmod_debug_symbols__384_123_debug_symbol_init6+0x0/0x8 @ 1
03-06 16:11:02.907     1     1 D         : initcall __initstub__kmod_debug_symbols__384_123_debug_symbol_init6+0x0/0x8 returned 0 after 0 usecs
03-06 16:11:02.907     1     1 D         : calling  __initstub__kmod_gnss__315_409_gnss_module_init6+0x0/0x8 @ 1
03-06 16:11:02.907     1     1 I gnss    : GNSS driver registered with major 511
03-06 16:11:02.907     1     1 D         : initcall __initstub__kmod_gnss__315_409_gnss_module_init6+0x0/0x8 returned 0 after 12 usecs
03-06 16:11:02.907     1     1 D         : calling  __initstub__kmod_icc_core__388_1152_icc_init6+0x0/0x8 @ 1
03-06 16:11:02.908     1     1 D         : initcall __initstub__kmod_icc_core__388_1152_icc_init6+0x0/0x8 returned 0 after 562 usecs
03-06 16:11:02.908     1     1 D         : calling  __initstub__kmod_snd_hwdep__290_542_alsa_hwdep_init6+0x0/0x8 @ 1
03-06 16:11:02.908     1     1 D         : initcall __initstub__kmod_snd_hwdep__290_542_alsa_hwdep_init6+0x0/0x8 returned 0 after 9 usecs
03-06 16:11:02.908     1     1 D         : calling  __initstub__kmod_snd_timer__331_2347_alsa_timer_init6+0x0/0x8 @ 1
03-06 16:11:02.908     1     1 D         : initcall __initstub__kmod_snd_timer__331_2347_alsa_timer_init6+0x0/0x8 returned 0 after 38 usecs
03-06 16:11:02.908     1     1 D         : calling  __initstub__kmod_snd_hrtimer__272_168_snd_hrtimer_init6+0x0/0x8 @ 1
03-06 16:11:02.908     1     1 D         : initcall __initstub__kmod_snd_hrtimer__272_168_snd_hrtimer_init6+0x0/0x8 returned 0 after 1 usecs
03-06 16:11:02.908     1     1 D         : calling  __initstub__kmod_snd_pcm__333_1243_alsa_pcm_init6+0x0/0x8 @ 1
03-06 16:11:02.908     1     1 D         : initcall __initstub__kmod_snd_pcm__333_1243_alsa_pcm_init6+0x0/0x8 returned 0 after 2 usecs
03-06 16:11:02.908     1     1 D         : calling  __initstub__kmod_snd_rawmidi__354_1947_alsa_rawmidi_init6+0x0/0x8 @ 1
03-06 16:11:02.908     1     1 D         : initcall __initstub__kmod_snd_rawmidi__354_1947_alsa_rawmidi_init6+0x0/0x8 returned 0 after 1 usecs
03-06 16:11:02.908     1     1 D         : calling  __initstub__kmod_snd_usb_audio__367_1305_usb_audio_driver_init6+0x0/0x8 @ 1
03-06 16:11:02.908     1     1 I usbcore : registered new interface driver snd-usb-audio
03-06 16:11:02.908     1     1 D         : initcall __initstub__kmod_snd_usb_audio__367_1305_usb_audio_driver_init6+0x0/0x8 returned 0 after 59 usecs
03-06 16:11:02.908     1     1 D         : calling  __initstub__kmod_snd_soc_core__481_3232_snd_soc_init6+0x0/0x8 @ 1
03-06 16:11:02.908     1     1 D         : probe of snd-soc-dummy returned 1 after 26 usecs
03-06 16:11:02.908     1     1 D         : initcall __initstub__kmod_snd_soc_core__481_3232_snd_soc_init6+0x0/0x8 returned 0 after 413 usecs
03-06 16:11:02.908     1     1 D         : calling  __initstub__kmod_sock_diag__600_339_sock_diag_init6+0x0/0x8 @ 1
03-06 16:11:02.909     1     1 D         : initcall __initstub__kmod_sock_diag__600_339_sock_diag_init6+0x0/0x8 returned 0 after 25 usecs
03-06 16:11:02.909     1     1 D         : calling  __initstub__kmod_llc__406_156_llc_init6+0x0/0x8 @ 1
03-06 16:11:02.909     1     1 D         : initcall __initstub__kmod_llc__406_156_llc_init6+0x0/0x8 returned 0 after 1 usecs
03-06 16:11:02.909     1     1 D         : calling  __initstub__kmod_psnap__407_109_snap_init6+0x0/0x8 @ 1
03-06 16:11:02.909     1     1 D         : initcall __initstub__kmod_psnap__407_109_snap_init6+0x0/0x8 returned 0 after 1 usecs
03-06 16:11:02.909     1     1 D         : calling  __initstub__kmod_sch_blackhole__420_41_blackhole_init6+0x0/0x8 @ 1
03-06 16:11:02.909     1     1 D         : initcall __initstub__kmod_sch_blackhole__420_41_blackhole_init6+0x0/0x8 returned 0 after 1 usecs
03-06 16:11:02.909     1     1 D         : calling  __initstub__kmod_act_police__437_424_police_init_module6+0x0/0x8 @ 1
03-06 16:11:02.909     1     1 D         : initcall __initstub__kmod_act_police__437_424_police_init_module6+0x0/0x8 returned 0 after 3 usecs
03-06 16:11:02.909     1     1 D         : calling  __initstub__kmod_act_gact__432_308_gact_init_module6+0x0/0x8 @ 1
03-06 16:11:02.909     1     1 I         : GACT probability NOT on
03-06 16:11:02.909     1     1 D         : initcall __initstub__kmod_act_gact__432_308_gact_init_module6+0x0/0x8 returned 0 after 6 usecs
03-06 16:11:02.909     1     1 D         : calling  __initstub__kmod_act_mirred__448_519_mirred_init_module6+0x0/0x8 @ 1
03-06 16:11:02.909     1     1 I         : Mirror/redirect action on
03-06 16:11:02.909     1     1 D         : initcall __initstub__kmod_act_mirred__448_519_mirred_init_module6+0x0/0x8 returned 0 after 11 usecs
03-06 16:11:02.909     1     1 D         : calling  __initstub__kmod_act_skbedit__642_378_skbedit_init_module6+0x0/0x8 @ 1
03-06 16:11:02.909     1     1 D         : initcall __initstub__kmod_act_skbedit__642_378_skbedit_init_module6+0x0/0x8 returned 0 after 1 usecs
03-06 16:11:02.909     1     1 D         : calling  __initstub__kmod_act_bpf__591_452_bpf_init_module6+0x0/0x8 @ 1
03-06 16:11:02.909     1     1 D         : initcall __initstub__kmod_act_bpf__591_452_bpf_init_module6+0x0/0x8 returned 0 after 1 usecs
03-06 16:11:02.909     1     1 D         : calling  __initstub__kmod_sch_htb__459_1598_htb_module_init6+0x0/0x8 @ 1
03-06 16:11:02.909     1     1 D         : initcall __initstub__kmod_sch_htb__459_1598_htb_module_init6+0x0/0x8 returned 0 after 0 usecs
03-06 16:11:02.909     1     1 D         : calling  __initstub__kmod_sch_ingress__423_315_ingress_module_init6+0x0/0x8 @ 1
03-06 16:11:02.909     1     1 D         : initcall __initstub__kmod_sch_ingress__423_315_ingress_module_init6+0x0/0x8 returned 0 after 0 usecs
03-06 16:11:02.909     1     1 D         : calling  __initstub__kmod_sch_sfq__622_938_sfq_module_init6+0x0/0x8 @ 1
03-06 16:11:02.909     1     1 D         : initcall __initstub__kmod_sch_sfq__622_938_sfq_module_init6+0x0/0x8 returned 0 after 0 usecs
03-06 16:11:02.909     1     1 D         : calling  __initstub__kmod_sch_tbf__437_609_tbf_module_init6+0x0/0x8 @ 1
03-06 16:11:02.909     1     1 D         : initcall __initstub__kmod_sch_tbf__437_609_tbf_module_init6+0x0/0x8 returned 0 after 0 usecs
03-06 16:11:02.909     1     1 D         : calling  __initstub__kmod_sch_prio__424_439_prio_module_init6+0x0/0x8 @ 1
03-06 16:11:02.909     1     1 D         : initcall __initstub__kmod_sch_prio__424_439_prio_module_init6+0x0/0x8 returned 0 after 0 usecs
03-06 16:11:02.909     1     1 D         : calling  __initstub__kmod_sch_multiq__424_417_multiq_module_init6+0x0/0x8 @ 1
03-06 16:11:02.909     1     1 D         : initcall __initstub__kmod_sch_multiq__424_417_multiq_module_init6+0x0/0x8 returned 0 after 0 usecs
03-06 16:11:02.909     1     1 D         : calling  __initstub__kmod_sch_netem__617_1294_netem_module_init6+0x0/0x8 @ 1
03-06 16:11:02.909     1     1 I netem   : version 1.3
03-06 16:11:02.909     1     1 D         : initcall __initstub__kmod_sch_netem__617_1294_netem_module_init6+0x0/0x8 returned 0 after 5 usecs
03-06 16:11:02.909     1     1 D         : calling  __initstub__kmod_sch_codel__599_304_codel_module_init6+0x0/0x8 @ 1
03-06 16:11:02.909     1     1 D         : initcall __initstub__kmod_sch_codel__599_304_codel_module_init6+0x0/0x8 returned 0 after 0 usecs
03-06 16:11:02.909     1     1 D         : calling  __initstub__kmod_sch_fq_codel__611_726_fq_codel_module_init6+0x0/0x8 @ 1
03-06 16:11:02.909     1     1 D         : initcall __initstub__kmod_sch_fq_codel__611_726_fq_codel_module_init6+0x0/0x8 returned 0 after 0 usecs
03-06 16:11:02.909     1     1 D         : calling  __initstub__kmod_sch_fq__691_1078_fq_module_init6+0x0/0x8 @ 1
03-06 16:11:02.909     1     1 D         : initcall __initstub__kmod_sch_fq__691_1078_fq_module_init6+0x0/0x8 returned 0 after 62 usecs
03-06 16:11:02.909     1     1 D         : calling  __initstub__kmod_cls_u32__464_1476_init_u326+0x0/0x8 @ 1
03-06 16:11:02.909     1     1 I         : u32 classifier
03-06 16:11:02.909     1     1 I         : input device check on
03-06 16:11:02.909     1     1 I         : Actions configured
03-06 16:11:02.909     1     1 D         : initcall __initstub__kmod_cls_u32__464_1476_init_u326+0x0/0x8 returned 0 after 18 usecs
03-06 16:11:02.909     1     1 D         : calling  __initstub__kmod_cls_fw__439_458_init_fw6+0x0/0x8 @ 1
03-06 16:11:02.909     1     1 D         : initcall __initstub__kmod_cls_fw__439_458_init_fw6+0x0/0x8 returned 0 after 0 usecs
03-06 16:11:02.909     1     1 D         : calling  __initstub__kmod_cls_basic__439_352_init_basic6+0x0/0x8 @ 1
03-06 16:11:02.909     1     1 D         : initcall __initstub__kmod_cls_basic__439_352_init_basic6+0x0/0x8 returned 0 after 0 usecs
03-06 16:11:02.909     1     1 D         : calling  __initstub__kmod_cls_flow__693_720_cls_flow_init6+0x0/0x8 @ 1
03-06 16:11:02.909     1     1 D         : initcall __initstub__kmod_cls_flow__693_720_cls_flow_init6+0x0/0x8 returned 0 after 0 usecs
03-06 16:11:02.909     1     1 D         : calling  __initstub__kmod_cls_bpf__610_722_cls_bpf_init_mod6+0x0/0x8 @ 1
03-06 16:11:02.909     1     1 D         : initcall __initstub__kmod_cls_bpf__610_722_cls_bpf_init_mod6+0x0/0x8 returned 0 after 0 usecs
03-06 16:11:02.909     1     1 D         : calling  __initstub__kmod_cls_matchall__427_438_cls_mall_init6+0x0/0x8 @ 1
03-06 16:11:02.909     1     1 D         : initcall __initstub__kmod_cls_matchall__427_438_cls_mall_init6+0x0/0x8 returned 0 after 0 usecs
03-06 16:11:02.909     1     1 D         : calling  __initstub__kmod_em_cmp__425_92_init_em_cmp6+0x0/0x8 @ 1
03-06 16:11:02.909     1     1 D         : initcall __initstub__kmod_em_cmp__425_92_init_em_cmp6+0x0/0x8 returned 0 after 0 usecs
03-06 16:11:02.909     1     1 D         : calling  __initstub__kmod_em_nbyte__425_73_init_em_nbyte6+0x0/0x8 @ 1
03-06 16:11:02.909     1     1 D         : initcall __initstub__kmod_em_nbyte__425_73_init_em_nbyte6+0x0/0x8 returned 0 after 0 usecs
03-06 16:11:02.909     1     1 D         : calling  __initstub__kmod_em_u32__425_57_init_em_u326+0x0/0x8 @ 1
03-06 16:11:02.909     1     1 D         : initcall __initstub__kmod_em_u32__425_57_init_em_u326+0x0/0x8 returned 0 after 0 usecs
03-06 16:11:02.909     1     1 D         : calling  __initstub__kmod_em_meta__622_1008_init_em_meta6+0x0/0x8 @ 1
03-06 16:11:02.909     1     1 D         : initcall __initstub__kmod_em_meta__622_1008_init_em_meta6+0x0/0x8 returned 0 after 0 usecs
03-06 16:11:02.909     1     1 D         : calling  __initstub__kmod_em_text__425_152_init_em_text6+0x0/0x8 @ 1
03-06 16:11:02.909     1     1 D         : initcall __initstub__kmod_em_text__425_152_init_em_text6+0x0/0x8 returned 0 after 0 usecs
03-06 16:11:02.909     1     1 D         : calling  __initstub__kmod_nfnetlink__603_674_nfnetlink_init6+0x0/0x8 @ 1
03-06 16:11:02.909     1     1 D         : initcall __initstub__kmod_nfnetlink__603_674_nfnetlink_init6+0x0/0x8 returned 0 after 6 usecs
03-06 16:11:02.909     1     1 D         : calling  __initstub__kmod_nfnetlink_queue__754_1589_nfnetlink_queue_init6+0x0/0x8 @ 1
03-06 16:11:02.909     1     1 D         : initcall __initstub__kmod_nfnetlink_queue__754_1589_nfnetlink_queue_init6+0x0/0x8 returned 0 after 41 usecs
03-06 16:11:02.909     1     1 D         : calling  __initstub__kmod_nfnetlink_log__631_1198_nfnetlink_log_init6+0x0/0x8 @ 1
03-06 16:11:02.909     1     1 D         : initcall __initstub__kmod_nfnetlink_log__631_1198_nfnetlink_log_init6+0x0/0x8 returned 0 after 4 usecs
03-06 16:11:02.909     1     1 D         : calling  __initstub__kmod_nf_conntrack__670_1201_nf_conntrack_standalone_init6+0x0/0x8 @ 1
03-06 16:11:02.909     1     1 D         : initcall __initstub__kmod_nf_conntrack__670_1201_nf_conntrack_standalone_init6+0x0/0x8 returned 0 after 313 usecs
03-06 16:11:02.909     1     1 D         : calling  __initstub__kmod_nf_conntrack_netlink__694_3915_ctnetlink_init6+0x0/0x8 @ 1
03-06 16:11:02.909     1     1 D         : initcall __initstub__kmod_nf_conntrack_netlink__694_3915_ctnetlink_init6+0x0/0x8 returned 0 after 2 usecs
03-06 16:11:02.909     1     1 D         : calling  __initstub__kmod_nf_conntrack_amanda__678_239_nf_conntrack_amanda_init6+0x0/0x8 @ 1
03-06 16:11:02.909     1     1 D         : initcall __initstub__kmod_nf_conntrack_amanda__678_239_nf_conntrack_amanda_init6+0x0/0x8 returned 0 after 14 usecs
03-06 16:11:02.909     1     1 D         : calling  __initstub__kmod_nf_conntrack_ftp__728_610_nf_conntrack_ftp_init6+0x0/0x8 @ 1
03-06 16:11:02.909     1     1 D         : initcall __initstub__kmod_nf_conntrack_ftp__728_610_nf_conntrack_ftp_init6+0x0/0x8 returned 0 after 12 usecs
03-06 16:11:02.909     1     1 D         : calling  __initstub__kmod_nf_conntrack_h323__739_1836_nf_conntrack_h323_init6+0x0/0x8 @ 1
03-06 16:11:02.909     1     1 D         : initcall __initstub__kmod_nf_conntrack_h323__739_1836_nf_conntrack_h323_init6+0x0/0x8 returned 0 after 16 usecs
03-06 16:11:02.909     1     1 D         : calling  __initstub__kmod_nf_conntrack_irc__674_304_nf_conntrack_irc_init6+0x0/0x8 @ 1
03-06 16:11:02.909     1     1 D         : initcall __initstub__kmod_nf_conntrack_irc__674_304_nf_conntrack_irc_init6+0x0/0x8 returned 0 after 8 usecs
03-06 16:11:02.910     1     1 D         : calling  __initstub__kmod_nf_conntrack_netbios_ns__670_69_nf_conntrack_netbios_ns_init6+0x0/0x8 @ 1
03-06 16:11:02.910     1     1 D         : initcall __initstub__kmod_nf_conntrack_netbios_ns__670_69_nf_conntrack_netbios_ns_init6+0x0/0x8 returned 0 after 2 usecs
03-06 16:11:02.910     1     1 D         : calling  __initstub__kmod_nf_conntrack_pptp__675_634_nf_conntrack_pptp_init6+0x0/0x8 @ 1
03-06 16:11:02.910     1     1 D         : initcall __initstub__kmod_nf_conntrack_pptp__675_634_nf_conntrack_pptp_init6+0x0/0x8 returned 0 after 2 usecs
03-06 16:11:02.910     1     1 D         : calling  __initstub__kmod_nf_conntrack_sane__668_217_nf_conntrack_sane_init6+0x0/0x8 @ 1
03-06 16:11:02.910     1     1 D         : initcall __initstub__kmod_nf_conntrack_sane__668_217_nf_conntrack_sane_init6+0x0/0x8 returned 0 after 11 usecs
03-06 16:11:02.910     1     1 D         : calling  __initstub__kmod_nf_conntrack_tftp__674_140_nf_conntrack_tftp_init6+0x0/0x8 @ 1
03-06 16:11:02.910     1     1 D         : initcall __initstub__kmod_nf_conntrack_tftp__674_140_nf_conntrack_tftp_init6+0x0/0x8 returned 0 after 6 usecs
03-06 16:11:02.910     1     1 D         : calling  __initstub__kmod_nf_nat__686_1206_nf_nat_init6+0x0/0x8 @ 1
03-06 16:11:02.910     1     1 D         : initcall __initstub__kmod_nf_nat__686_1206_nf_nat_init6+0x0/0x8 returned 0 after 49 usecs
03-06 16:11:02.910     1     1 D         : calling  __initstub__kmod_nf_nat_amanda__668_91_nf_nat_amanda_init6+0x0/0x8 @ 1
03-06 16:11:02.910     1     1 D         : initcall __initstub__kmod_nf_nat_amanda__668_91_nf_nat_amanda_init6+0x0/0x8 returned 0 after 0 usecs
03-06 16:11:02.910     1     1 D         : calling  __initstub__kmod_nf_nat_ftp__668_150_nf_nat_ftp_init6+0x0/0x8 @ 1
03-06 16:11:02.910     1     1 D         : initcall __initstub__kmod_nf_nat_ftp__668_150_nf_nat_ftp_init6+0x0/0x8 returned 0 after 0 usecs
03-06 16:11:02.910     1     1 D         : calling  __initstub__kmod_nf_nat_irc__668_121_nf_nat_irc_init6+0x0/0x8 @ 1
03-06 16:11:02.910     1     1 D         : initcall __initstub__kmod_nf_nat_irc__668_121_nf_nat_irc_init6+0x0/0x8 returned 0 after 0 usecs
03-06 16:11:02.910     1     1 D         : calling  __initstub__kmod_nf_nat_tftp__668_55_nf_nat_tftp_init6+0x0/0x8 @ 1
03-06 16:11:02.910     1     1 D         : initcall __initstub__kmod_nf_nat_tftp__668_55_nf_nat_tftp_init6+0x0/0x8 returned 0 after 0 usecs
03-06 16:11:02.910     1     1 D         : calling  __initstub__kmod_nf_conncount__683_620_nf_conncount_modinit6+0x0/0x8 @ 1
03-06 16:11:02.910     1     1 D         : initcall __initstub__kmod_nf_conncount__683_620_nf_conncount_modinit6+0x0/0x8 returned 0 after 107 usecs
03-06 16:11:02.910     1     1 D         : calling  __initstub__kmod_x_tables__703_1915_xt_init6+0x0/0x8 @ 1
03-06 16:11:02.910     1     1 D         : initcall __initstub__kmod_x_tables__703_1915_xt_init6+0x0/0x8 returned 0 after 2 usecs
03-06 16:11:02.910     1     1 D         : calling  __initstub__kmod_xt_tcpudp__683_231_tcpudp_mt_init6+0x0/0x8 @ 1
03-06 16:11:02.910     1     1 D         : initcall __initstub__kmod_xt_tcpudp__683_231_tcpudp_mt_init6+0x0/0x8 returned 0 after 1 usecs
03-06 16:11:02.910     1     1 D         : calling  __initstub__kmod_xt_mark__411_81_mark_mt_init6+0x0/0x8 @ 1
03-06 16:11:02.910     1     1 D         : initcall __initstub__kmod_xt_mark__411_81_mark_mt_init6+0x0/0x8 returned 0 after 0 usecs
03-06 16:11:02.910     1     1 D         : calling  __initstub__kmod_xt_connmark__680_207_connmark_mt_init6+0x0/0x8 @ 1
03-06 16:11:02.910     1     1 D         : initcall __initstub__kmod_xt_connmark__680_207_connmark_mt_init6+0x0/0x8 returned 0 after 1 usecs
03-06 16:11:02.910     1     1 D         : calling  __initstub__kmod_xt_nat__661_238_xt_nat_init6+0x0/0x8 @ 1
03-06 16:11:02.910     1     1 D         : initcall __initstub__kmod_xt_nat__661_238_xt_nat_init6+0x0/0x8 returned 0 after 1 usecs
03-06 16:11:02.910     1     1 D         : calling  __initstub__kmod_xt_CLASSIFY__680_69_classify_tg_init6+0x0/0x8 @ 1
03-06 16:11:02.910     1     1 D         : initcall __initstub__kmod_xt_CLASSIFY__680_69_classify_tg_init6+0x0/0x8 returned 0 after 0 usecs
03-06 16:11:02.910     1     1 D         : calling  __initstub__kmod_xt_CONNSECMARK__670_138_connsecmark_tg_init6+0x0/0x8 @ 1
03-06 16:11:02.910     1     1 D         : initcall __initstub__kmod_xt_CONNSECMARK__670_138_connsecmark_tg_init6+0x0/0x8 returned 0 after 0 usecs
03-06 16:11:02.910     1     1 D         : calling  __initstub__kmod_xt_CT__717_397_xt_ct_tg_init6+0x0/0x8 @ 1
03-06 16:11:02.910     1     1 D         : initcall __initstub__kmod_xt_CT__717_397_xt_ct_tg_init6+0x0/0x8 returned 0 after 0 usecs
03-06 16:11:02.910     1     1 D         : calling  __initstub__kmod_xt_DSCP__611_160_dscp_tg_init6+0x0/0x8 @ 1
03-06 16:11:02.910     1     1 D         : initcall __initstub__kmod_xt_DSCP__611_160_dscp_tg_init6+0x0/0x8 returned 0 after 0 usecs
03-06 16:11:02.910     1     1 D         : calling  __initstub__kmod_xt_NETMAP__714_162_netmap_tg_init6+0x0/0x8 @ 1
03-06 16:11:02.910     1     1 D         : initcall __initstub__kmod_xt_NETMAP__714_162_netmap_tg_init6+0x0/0x8 returned 0 after 0 usecs
03-06 16:11:02.910     1     1 D         : calling  __initstub__kmod_xt_NFLOG__408_80_nflog_tg_init6+0x0/0x8 @ 1
03-06 16:11:02.910     1     1 D         : initcall __initstub__kmod_xt_NFLOG__408_80_nflog_tg_init6+0x0/0x8 returned 0 after 0 usecs
03-06 16:11:02.910     1     1 D         : calling  __initstub__kmod_xt_NFQUEUE__610_157_nfqueue_tg_init6+0x0/0x8 @ 1
03-06 16:11:02.910     1     1 D         : initcall __initstub__kmod_xt_NFQUEUE__610_157_nfqueue_tg_init6+0x0/0x8 returned 0 after 0 usecs
03-06 16:11:02.910     1     1 D         : calling  __initstub__kmod_xt_REDIRECT__716_117_redirect_tg_init6+0x0/0x8 @ 1
03-06 16:11:02.910     1     1 D         : initcall __initstub__kmod_xt_REDIRECT__716_117_redirect_tg_init6+0x0/0x8 returned 0 after 0 usecs
03-06 16:11:02.910     1     1 D         : calling  __initstub__kmod_xt_MASQUERADE__665_123_masquerade_tg_init6+0x0/0x8 @ 1
03-06 16:11:02.910     1     1 D         : initcall __initstub__kmod_xt_MASQUERADE__665_123_masquerade_tg_init6+0x0/0x8 returned 0 after 4 usecs
03-06 16:11:02.910     1     1 D         : calling  __initstub__kmod_xt_SECMARK__408_190_secmark_tg_init6+0x0/0x8 @ 1
03-06 16:11:02.910     1     1 D         : initcall __initstub__kmod_xt_SECMARK__408_190_secmark_tg_init6+0x0/0x8 returned 0 after 0 usecs
03-06 16:11:02.910     1     1 D         : calling  __initstub__kmod_xt_TPROXY__677_271_tproxy_tg_init6+0x0/0x8 @ 1
03-06 16:11:02.910     1     1 D         : initcall __initstub__kmod_xt_TPROXY__677_271_tproxy_tg_init6+0x0/0x8 returned 0 after 0 usecs
03-06 16:11:02.910     1     1 D         : calling  __initstub__kmod_xt_TCPMSS__685_344_tcpmss_tg_init6+0x0/0x8 @ 1
03-06 16:11:02.910     1     1 D         : initcall __initstub__kmod_xt_TCPMSS__685_344_tcpmss_tg_init6+0x0/0x8 returned 0 after 0 usecs
03-06 16:11:02.910     1     1 D         : calling  __initstub__kmod_xt_TEE__620_224_tee_tg_init6+0x0/0x8 @ 1
03-06 16:11:02.910     1     1 D         : initcall __initstub__kmod_xt_TEE__620_224_tee_tg_init6+0x0/0x8 returned 0 after 3 usecs
03-06 16:11:02.910     1     1 D         : calling  __initstub__kmod_xt_TRACE__407_53_trace_tg_init6+0x0/0x8 @ 1
03-06 16:11:02.910     1     1 D         : initcall __initstub__kmod_xt_TRACE__407_53_trace_tg_init6+0x0/0x8 returned 0 after 0 usecs
03-06 16:11:02.910     1     1 D         : calling  __initstub__kmod_xt_IDLETIMER__600_786_idletimer_tg_init6+0x0/0x8 @ 1
03-06 16:11:02.910     1     1 D         : initcall __initstub__kmod_xt_IDLETIMER__600_786_idletimer_tg_init6+0x0/0x8 returned 0 after 42 usecs
03-06 16:11:02.910     1     1 D         : calling  __initstub__kmod_xt_bpf__446_152_bpf_mt_init6+0x0/0x8 @ 1
03-06 16:11:02.910     1     1 D         : initcall __initstub__kmod_xt_bpf__446_152_bpf_mt_init6+0x0/0x8 returned 0 after 0 usecs
03-06 16:11:02.910     1     1 D         : calling  __initstub__kmod_xt_comment__408_45_comment_mt_init6+0x0/0x8 @ 1
03-06 16:11:02.910     1     1 D         : initcall __initstub__kmod_xt_comment__408_45_comment_mt_init6+0x0/0x8 returned 0 after 0 usecs
03-06 16:11:02.910     1     1 D         : calling  __initstub__kmod_xt_connlimit__664_131_connlimit_mt_init6+0x0/0x8 @ 1
03-06 16:11:02.910     1     1 D         : initcall __initstub__kmod_xt_connlimit__664_131_connlimit_mt_init6+0x0/0x8 returned 0 after 0 usecs
03-06 16:11:02.910     1     1 D         : calling  __initstub__kmod_xt_conntrack__668_326_conntrack_mt_init6+0x0/0x8 @ 1
03-06 16:11:02.910     1     1 D         : initcall __initstub__kmod_xt_conntrack__668_326_conntrack_mt_init6+0x0/0x8 returned 0 after 0 usecs
03-06 16:11:02.910     1     1 D         : calling  __initstub__kmod_xt_dscp__611_109_dscp_mt_init6+0x0/0x8 @ 1
03-06 16:11:02.910     1     1 D         : initcall __initstub__kmod_xt_dscp__611_109_dscp_mt_init6+0x0/0x8 returned 0 after 0 usecs
03-06 16:11:02.910     1     1 D         : calling  __initstub__kmod_xt_ecn__679_175_ecn_mt_init6+0x0/0x8 @ 1
03-06 16:11:02.910     1     1 D         : initcall __initstub__kmod_xt_ecn__679_175_ecn_mt_init6+0x0/0x8 returned 0 after 0 usecs
03-06 16:11:02.910     1     1 D         : calling  __initstub__kmod_xt_esp__679_103_esp_mt_init6+0x0/0x8 @ 1
03-06 16:11:02.910     1     1 D         : initcall __initstub__kmod_xt_esp__679_103_esp_mt_init6+0x0/0x8 returned 0 after 0 usecs
03-06 16:11:02.910     1     1 D         : calling  __initstub__kmod_xt_hashlimit__699_1331_hashlimit_mt_init6+0x0/0x8 @ 1
03-06 16:11:02.910     1     1 D         : initcall __initstub__kmod_xt_hashlimit__699_1331_hashlimit_mt_init6+0x0/0x8 returned 0 after 58 usecs
03-06 16:11:02.910     1     1 D         : calling  __initstub__kmod_xt_helper__671_95_helper_mt_init6+0x0/0x8 @ 1
03-06 16:11:02.910     1     1 D         : initcall __initstub__kmod_xt_helper__671_95_helper_mt_init6+0x0/0x8 returned 0 after 0 usecs
03-06 16:11:02.910     1     1 D         : calling  __initstub__kmod_xt_hl__609_92_hl_mt_init6+0x0/0x8 @ 1
03-06 16:11:02.910     1     1 D         : initcall __initstub__kmod_xt_hl__609_92_hl_mt_init6+0x0/0x8 returned 0 after 0 usecs
03-06 16:11:02.910     1     1 D         : calling  __initstub__kmod_xt_iprange__603_130_iprange_mt_init6+0x0/0x8 @ 1
03-06 16:11:02.910     1     1 D         : initcall __initstub__kmod_xt_iprange__603_130_iprange_mt_init6+0x0/0x8 returned 0 after 0 usecs
03-06 16:11:02.910     1     1 D         : calling  __initstub__kmod_xt_l2tp__680_354_l2tp_mt_init6+0x0/0x8 @ 1
03-06 16:11:02.910     1     1 D         : initcall __initstub__kmod_xt_l2tp__680_354_l2tp_mt_init6+0x0/0x8 returned 0 after 0 usecs
03-06 16:11:02.910     1     1 D         : calling  __initstub__kmod_xt_length__633_66_length_mt_init6+0x0/0x8 @ 1
03-06 16:11:02.910     1     1 D         : initcall __initstub__kmod_xt_length__633_66_length_mt_init6+0x0/0x8 returned 0 after 0 usecs
03-06 16:11:02.910     1     1 D         : calling  __initstub__kmod_xt_limit__408_208_limit_mt_init6+0x0/0x8 @ 1
03-06 16:11:02.910     1     1 D         : initcall __initstub__kmod_xt_limit__408_208_limit_mt_init6+0x0/0x8 returned 0 after 0 usecs
03-06 16:11:02.910     1     1 D         : calling  __initstub__kmod_xt_mac__679_62_mac_mt_init6+0x0/0x8 @ 1
03-06 16:11:02.910     1     1 D         : initcall __initstub__kmod_xt_mac__679_62_mac_mt_init6+0x0/0x8 returned 0 after 0 usecs
03-06 16:11:02.910     1     1 D         : calling  __initstub__kmod_xt_multiport__679_175_multiport_mt_init6+0x0/0x8 @ 1
03-06 16:11:02.910     1     1 D         : initcall __initstub__kmod_xt_multiport__679_175_multiport_mt_init6+0x0/0x8 returned 0 after 0 usecs
03-06 16:11:02.910     1     1 D         : calling  __initstub__kmod_xt_owner__595_152_owner_mt_init6+0x0/0x8 @ 1
03-06 16:11:02.910     1     1 D         : initcall __initstub__kmod_xt_owner__595_152_owner_mt_init6+0x0/0x8 returned 0 after 0 usecs
03-06 16:11:02.910     1     1 D         : calling  __initstub__kmod_xt_pkttype__609_60_pkttype_mt_init6+0x0/0x8 @ 1
03-06 16:11:02.910     1     1 D         : initcall __initstub__kmod_xt_pkttype__609_60_pkttype_mt_init6+0x0/0x8 returned 0 after 0 usecs
03-06 16:11:02.910     1     1 D         : calling  __initstub__kmod_xt_policy__638_186_policy_mt_init6+0x0/0x8 @ 1
03-06 16:11:02.910     1     1 D         : initcall __initstub__kmod_xt_policy__638_186_policy_mt_init6+0x0/0x8 returned 0 after 0 usecs
03-06 16:11:02.910     1     1 D         : calling  __initstub__kmod_xt_quota__408_91_quota_mt_init6+0x0/0x8 @ 1
03-06 16:11:02.910     1     1 D         : initcall __initstub__kmod_xt_quota__408_91_quota_mt_init6+0x0/0x8 returned 0 after 0 usecs
03-06 16:11:02.910     1     1 D         : calling  __initstub__kmod_xt_quota2__409_390_quota_mt2_init6+0x0/0x8 @ 1
03-06 16:11:02.910     1     1 D         : initcall __initstub__kmod_xt_quota2__409_390_quota_mt2_init6+0x0/0x8 returned 0 after 12 usecs
03-06 16:11:02.910     1     1 D         : calling  __initstub__kmod_xt_socket__675_313_socket_mt_init6+0x0/0x8 @ 1
03-06 16:11:02.910     1     1 D         : initcall __initstub__kmod_xt_socket__675_313_socket_mt_init6+0x0/0x8 returned 0 after 1 usecs
03-06 16:11:02.910     1     1 D         : calling  __initstub__kmod_xt_state__667_74_state_mt_init6+0x0/0x8 @ 1
03-06 16:11:02.910     1     1 D         : initcall __initstub__kmod_xt_state__667_74_state_mt_init6+0x0/0x8 returned 0 after 0 usecs
03-06 16:11:02.910     1     1 D         : calling  __initstub__kmod_xt_statistic__408_98_statistic_mt_init6+0x0/0x8 @ 1
03-06 16:11:02.910     1     1 D         : initcall __initstub__kmod_xt_statistic__408_98_statistic_mt_init6+0x0/0x8 returned 0 after 0 usecs
03-06 16:11:02.910     1     1 D         : calling  __initstub__kmod_xt_string__409_92_string_mt_init6+0x0/0x8 @ 1
03-06 16:11:02.910     1     1 D         : initcall __initstub__kmod_xt_string__409_92_string_mt_init6+0x0/0x8 returned 0 after 0 usecs
03-06 16:11:02.910     1     1 D         : calling  __initstub__kmod_xt_time__402_294_time_mt_init6+0x0/0x8 @ 1
03-06 16:11:02.910     1     1 I xt_time : kernel timezone is -0000
03-06 16:11:02.910     1     1 D         : initcall __initstub__kmod_xt_time__402_294_time_mt_init6+0x0/0x8 returned 0 after 7 usecs
03-06 16:11:02.910     1     1 D         : calling  __initstub__kmod_xt_u32__402_139_u32_mt_init6+0x0/0x8 @ 1
03-06 16:11:02.910     1     1 D         : initcall __initstub__kmod_xt_u32__402_139_u32_mt_init6+0x0/0x8 returned 0 after 0 usecs
03-06 16:11:02.910     1     1 D         : calling  __initstub__kmod_gre_offload__652_290_gre_offload_init6+0x0/0x8 @ 1
03-06 16:11:02.910     1     1 D         : initcall __initstub__kmod_gre_offload__652_290_gre_offload_init6+0x0/0x8 returned 0 after 0 usecs
03-06 16:11:02.910     1     1 D         : calling  __initstub__kmod_sysctl_net_ipv4__676_1394_sysctl_ipv4_init6+0x0/0x8 @ 1
03-06 16:11:02.911     1     1 D         : initcall __initstub__kmod_sysctl_net_ipv4__676_1394_sysctl_ipv4_init6+0x0/0x8 returned 0 after 88 usecs
03-06 16:11:02.911     1     1 D         : calling  __initstub__kmod_ipip__670_712_ipip_init6+0x0/0x8 @ 1
03-06 16:11:02.911     1     1 I ipip    : IPv4 and MPLS over IPv4 tunneling driver
03-06 16:11:02.911     1     1 D         : initcall __initstub__kmod_ipip__670_712_ipip_init6+0x0/0x8 returned 0 after 268 usecs
03-06 16:11:02.911     1     1 D         : calling  __initstub__kmod_gre__664_217_gre_init6+0x0/0x8 @ 1
03-06 16:11:02.911     1     1 I gre     : GRE over IPv4 demultiplexor driver
03-06 16:11:02.911     1     1 D         : initcall __initstub__kmod_gre__664_217_gre_init6+0x0/0x8 returned 0 after 6 usecs
03-06 16:11:02.911     1     1 D         : calling  __initstub__kmod_ip_gre__674_1793_ipgre_init6+0x0/0x8 @ 1
03-06 16:11:02.911     1     1 I ip_gre  : GRE over IPv4 tunneling driver
03-06 16:11:02.912     1     1 D         : initcall __initstub__kmod_ip_gre__674_1793_ipgre_init6+0x0/0x8 returned 0 after 662 usecs
03-06 16:11:02.912     1     1 D         : calling  __initstub__kmod_ip_vti__668_719_vti_init6+0x0/0x8 @ 1
03-06 16:11:02.912     1     1 I         : IPv4 over IPsec tunneling driver
03-06 16:11:02.912     1     1 D         : initcall __initstub__kmod_ip_vti__668_719_vti_init6+0x0/0x8 returned 0 after 217 usecs
03-06 16:11:02.912     1     1 D         : calling  __initstub__kmod_esp4__684_1246_esp4_init6+0x0/0x8 @ 1
03-06 16:11:02.912     1     1 D         : initcall __initstub__kmod_esp4__684_1246_esp4_init6+0x0/0x8 returned 0 after 0 usecs
03-06 16:11:02.912     1     1 D         : calling  __initstub__kmod_tunnel4__637_298_tunnel4_init6+0x0/0x8 @ 1
03-06 16:11:02.912     1     1 D         : initcall __initstub__kmod_tunnel4__637_298_tunnel4_init6+0x0/0x8 returned 0 after 0 usecs
03-06 16:11:02.912     1     1 D         : calling  __initstub__kmod_nf_defrag_ipv4__671_154_nf_defrag_init6+0x0/0x8 @ 1
03-06 16:11:02.912     1     1 D         : initcall __initstub__kmod_nf_defrag_ipv4__671_154_nf_defrag_init6+0x0/0x8 returned 0 after 0 usecs
03-06 16:11:02.912     1     1 D         : calling  __initstub__kmod_nf_nat_h323__731_627_init6+0x0/0x8 @ 1
03-06 16:11:02.912     1     1 D         : initcall __initstub__kmod_nf_nat_h323__731_627_init6+0x0/0x8 returned 0 after 0 usecs
03-06 16:11:02.912     1     1 D         : calling  __initstub__kmod_nf_nat_pptp__674_323_nf_nat_helper_pptp_init6+0x0/0x8 @ 1
03-06 16:11:02.912     1     1 D         : initcall __initstub__kmod_nf_nat_pptp__674_323_nf_nat_helper_pptp_init6+0x0/0x8 returned 0 after 0 usecs
03-06 16:11:02.912     1     1 D         : calling  __initstub__kmod_ip_tables__636_1930_ip_tables_init6+0x0/0x8 @ 1
03-06 16:11:02.912     1     1 D         : initcall __initstub__kmod_ip_tables__636_1930_ip_tables_init6+0x0/0x8 returned 0 after 8 usecs
03-06 16:11:02.912     1     1 D         : calling  __initstub__kmod_iptable_filter__632_117_iptable_filter_init6+0x0/0x8 @ 1
03-06 16:11:02.912     1     1 D         : initcall __initstub__kmod_iptable_filter__632_117_iptable_filter_init6+0x0/0x8 returned 0 after 36 usecs
03-06 16:11:02.912     1     1 D         : calling  __initstub__kmod_iptable_mangle__631_154_iptable_mangle_init6+0x0/0x8 @ 1
03-06 16:11:02.912     1     1 D         : initcall __initstub__kmod_iptable_mangle__631_154_iptable_mangle_init6+0x0/0x8 returned 0 after 21 usecs
03-06 16:11:02.912     1     1 D         : calling  __initstub__kmod_iptable_nat__671_153_iptable_nat_init6+0x0/0x8 @ 1
03-06 16:11:02.912     1     1 D         : initcall __initstub__kmod_iptable_nat__671_153_iptable_nat_init6+0x0/0x8 returned 0 after 56 usecs
03-06 16:11:02.912     1     1 D         : calling  __initstub__kmod_iptable_raw__629_126_iptable_raw_init6+0x0/0x8 @ 1
03-06 16:11:02.912     1     1 D         : initcall __initstub__kmod_iptable_raw__629_126_iptable_raw_init6+0x0/0x8 returned 0 after 13 usecs
03-06 16:11:02.912     1     1 D         : calling  __initstub__kmod_iptable_security__631_114_iptable_security_init6+0x0/0x8 @ 1
03-06 16:11:02.912     1     1 D         : initcall __initstub__kmod_iptable_security__631_114_iptable_security_init6+0x0/0x8 returned 0 after 20 usecs
03-06 16:11:02.912     1     1 D         : calling  __initstub__kmod_ipt_REJECT__631_110_reject_tg_init6+0x0/0x8 @ 1
03-06 16:11:02.912     1     1 D         : initcall __initstub__kmod_ipt_REJECT__631_110_reject_tg_init6+0x0/0x8 returned 0 after 0 usecs
03-06 16:11:02.912     1     1 D         : calling  __initstub__kmod_arp_tables__597_1641_arp_tables_init6+0x0/0x8 @ 1
03-06 16:11:02.912     1     1 D         : initcall __initstub__kmod_arp_tables__597_1641_arp_tables_init6+0x0/0x8 returned 0 after 6 usecs
03-06 16:11:02.912     1     1 D         : calling  __initstub__kmod_arpt_mangle__593_91_arpt_mangle_init6+0x0/0x8 @ 1
03-06 16:11:02.912     1     1 D         : initcall __initstub__kmod_arpt_mangle__593_91_arpt_mangle_init6+0x0/0x8 returned 0 after 0 usecs
03-06 16:11:02.912     1     1 D         : calling  __initstub__kmod_arptable_filter__406_108_arptable_filter_init6+0x0/0x8 @ 1
03-06 16:11:02.912     1     1 D         : initcall __initstub__kmod_arptable_filter__406_108_arptable_filter_init6+0x0/0x8 returned 0 after 40 usecs
03-06 16:11:02.912     1     1 D         : calling  __initstub__kmod_inet_diag__678_1475_inet_diag_init6+0x0/0x8 @ 1
03-06 16:11:02.912     1     1 D         : initcall __initstub__kmod_inet_diag__678_1475_inet_diag_init6+0x0/0x8 returned 0 after 1 usecs
03-06 16:11:02.912     1     1 D         : calling  __initstub__kmod_tcp_diag__669_235_tcp_diag_init6+0x0/0x8 @ 1
03-06 16:11:02.912     1     1 D         : initcall __initstub__kmod_tcp_diag__669_235_tcp_diag_init6+0x0/0x8 returned 0 after 0 usecs
03-06 16:11:02.912     1     1 D         : calling  __initstub__kmod_udp_diag__623_298_udp_diag_init6+0x0/0x8 @ 1
03-06 16:11:02.912     1     1 D         : initcall __initstub__kmod_udp_diag__623_298_udp_diag_init6+0x0/0x8 returned 0 after 0 usecs
03-06 16:11:02.912     1     1 D         : calling  __initstub__kmod_tcp_cubic__692_535_cubictcp_register6+0x0/0x8 @ 1
03-06 16:11:02.912     1     1 D         : initcall __initstub__kmod_tcp_cubic__692_535_cubictcp_register6+0x0/0x8 returned 0 after 0 usecs
03-06 16:11:02.912     1     1 D         : calling  __initstub__kmod_xfrm_user__639_3485_xfrm_user_init6+0x0/0x8 @ 1
03-06 16:11:02.912     1     1 I         : Initializing XFRM netlink socket
03-06 16:11:02.912     1     1 D         : initcall __initstub__kmod_xfrm_user__639_3485_xfrm_user_init6+0x0/0x8 returned 0 after 16 usecs
03-06 16:11:02.912     1     1 D         : calling  __initstub__kmod_xfrm_interface__721_1078_xfrmi_init6+0x0/0x8 @ 1
