03-06 16:11:04.890     0     0 I         : [T100252] check_endurance_mode en_ret = 0, fun_val = 0, active_status = 0, uisoc = 67, endurance_ctrl_en = 0
03-06 16:11:04.890     0     0 I         : [T100252] check_endurance_mode needn't endurance charge processing
03-06 16:11:04.890     0     0 I [T100252] is_disable_charger: false
03-06 16:11:04.890     0     0 I         : [T100252] upm6920 6-006a: upm6920_is_charging_done: charge not done
03-06 16:11:04.890     0     0 I [T100252] is_typec_adapter: rp = 500
03-06 16:11:04.890     0     0 E [T100252] get_charge_cycle_count_level: prop cycle count = 0
03-06 16:11:04.890     0     0 I [T100252] is_pd_adapter_check: pd is offline, pd_type = 0
03-06 16:11:04.890     0     0 I         : [T100252] chg_alg_set_current_limit
03-06 16:11:04.890     0     0 I         : [T100252] _pd_set_setting cv:4448000 icl:550000,-1 cc:500000,-1
03-06 16:11:04.890     0     0 I         : [T100252] _pd_is_algo_ready 2
03-06 16:11:04.890     0     0 I         : [T100252] pd_hal_is_pd_adapter_ready type:0
03-06 16:11:04.890     0     0 I         : [T100252] support_fast_charging pd ret:ALG_TA_CHECKING
03-06 16:11:04.890     0     0 I [T100252] select_charging_current_limit: pdata->input_current_limit: 550000, pdata->charging_current_limit: 500000
03-06 16:11:04.890     0     0 I [T100252] jeita_current_limit: jeita_input_current_limit: 3600000, jeita_charging_current_limit: 3600000
03-06 16:11:04.890     0     0 I [T100252] debug: 2, 0, 0
03-06 16:11:04.890     0     0 I [T100252] sck: 500000 -1 500000 -1 0
03-06 16:11:04.890     0     0 E         : [T100252] upm6920 6-006a: upm6920_get_min_ichg
03-06 16:11:04.890     0     0 E         : [T100252] upm6920 6-006a: upm6920_get_min_aicr
03-06 16:11:04.890     0     0 I [T100252] m: 0 chg1:-1,-1,550,500 chg2:-1,-1,0,0 dvchg1:-1 sc:500000 -1 0 type:4:0 usb_unlimited:0 usbif:0 usbsm:0 aicl:-1 atm:0 bm:2 b:1
03-06 16:11:04.890     0     0 I         : [T100252] do_algorithm is_basic:1
03-06 16:11:04.890     0     0 I         : [T100252] upm6920 6-006a: upm6920_set_input_current: iindpm curr = 550000uA
03-06 16:11:04.891     0     0 E         : [T100252] upm6920 6-006a: temp_ma = curr_ma: 550, needn't get
03-06 16:11:04.891     0     0 I         : [T100252] upm6920 6-006a: upm6920_set_charging_current: charge curr = 500000uA
03-06 16:11:04.891     0     0 I         : [T200252] upm6920 6-006a: upm6920_set_constant_voltage: charge volt = 4448000uV
03-06 16:11:04.891     0     0 I         : [T200252] _pd_is_algo_ready 2
03-06 16:11:04.891     0     0 I         : [T200252] pd_hal_is_pd_adapter_ready type:0
03-06 16:11:04.891     0     0 I         : [T200252] upm6920 6-006a: charge already enabled
03-06 16:11:04.891     0     0 I         : [T200252] upm6920 6-006a: enable charger successfully
03-06 16:11:04.891     0     0 I         : [T200252] upm6920 6-006a: upm6920_dump_registers
03-06 16:11:04.891     0     0 I         : [T200252] upm6920 6-006a: upm6920_dump_register reg[0x00] = 0x09
03-06 16:11:04.892     0     0 I         : [T300252] upm6920 6-006a: upm6920_dump_register reg[0x01] = 0x01
03-06 16:11:04.892     0     0 I         : [T400252] upm6920 6-006a: upm6920_dump_register reg[0x02] = 0x0d
03-06 16:11:04.892     0     0 I         : [T400252] upm6920 6-006a: upm6920_dump_register reg[0x03] = 0x1a
03-06 16:11:04.892     0     0 I         : [T400252] upm6920 6-006a: upm6920_dump_register reg[0x04] = 0x07
03-06 16:11:04.892     0     0 I         : [T400252] upm6920 6-006a: upm6920_dump_register reg[0x05] = 0x33
03-06 16:11:04.892     0     0 I         : [T400252] upm6920 6-006a: upm6920_dump_register reg[0x06] = 0x9a
03-06 16:11:04.893     0     0 I         : [T400252] upm6920 6-006a: upm6920_dump_register reg[0x07] = 0x8f
03-06 16:11:04.893     0     0 I         : [T400252] upm6920 6-006a: upm6920_dump_register reg[0x08] = 0x03
03-06 16:11:04.893     0     0 I         : [T400252] upm6920 6-006a: upm6920_dump_register reg[0x09] = 0x44
03-06 16:11:04.893     0     0 I         : [T400252] upm6920 6-006a: upm6920_dump_register reg[0x0a] = 0x72
03-06 16:11:04.893     0     0 I         : [T400252] upm6920 6-006a: upm6920_dump_register reg[0x0b] = 0x34
03-06 16:11:04.893     0     0 I         : [T400252] upm6920 6-006a: upm6920_dump_register reg[0x0c] = 0x00
03-06 16:11:04.894     0     0 I         : [T400252] upm6920 6-006a: upm6920_dump_register reg[0x0d] = 0x94
03-06 16:11:04.894     0     0 I         : [T400252] upm6920 6-006a: upm6920_dump_register reg[0x0e] = 0x54
03-06 16:11:04.894     0     0 I         : [T400252] upm6920 6-006a: upm6920_dump_register reg[0x0f] = 0x56
03-06 16:11:04.894     0     0 I         : [T400252] upm6920 6-006a: upm6920_dump_register reg[0x10] = 0x3e
03-06 16:11:04.894     0     0 I         : [T400252] upm6920 6-006a: upm6920_dump_register reg[0x11] = 0x94
03-06 16:11:04.894     0     0 I         : [T400252] upm6920 6-006a: upm6920_dump_register reg[0x12] = 0x04
03-06 16:11:04.895     0     0 I         : [T400252] upm6920 6-006a: upm6920_dump_register reg[0x13] = 0x49
03-06 16:11:04.895     0     0 I         : [T400252] upm6920 6-006a: upm6920_dump_register reg[0x14] = 0x1f
03-06 16:11:04.895     0     0 I         : [T300252] charger_routine_thread end , 0
03-06 16:11:04.938     0     0 I         : [T600217] leds_mtk led_debug_log(215) :[Light] Set lcd-backlight directly T:2.824,L:1200 L:1200 map:1200
03-06 16:11:04.938     0     0 I         : [T600217] Truly lcm_setbacklight_cmdq,brightness 0x6ee level 1200
03-06 16:11:04.976     0     0 I [T400279] erofs: (device dm-1): mounted with root inode @ nid 59.
03-06 16:11:04.987     0     0 I [T500279] erofs: (device dm-1): mounted with root inode @ nid 59.
03-06 16:11:04.993     0     0 I         : [T600217] ffu start
03-06 16:11:04.993     0     0 I         : [T600217] ffu start,mid:0xd6,name:C09F00,Firware version:0x0300000000000000
03-06 16:11:04.993     0     0 I [T600217] ffu: emmc fw_version misstach
03-06 16:11:04.993     0     0 I [T600217] ffu: emmc fw_version misstach
03-06 16:11:04.993     0     0 I [T600217] ffu: emmc fw_version misstach
03-06 16:11:04.993     0     0 I         : [T600217] ffu end
03-06 16:11:04.997     0     0 I [T500279] erofs: (device dm-2): mounted with root inode @ nid 41.
03-06 16:11:05.007     0     0 I [T500279] erofs: (device dm-2): mounted with root inode @ nid 41.
03-06 16:11:05.016     0     0 I [T500279] erofs: (device dm-3): mounted with root inode @ nid 46.
03-06 16:11:05.026     0     0 I [T500279] erofs: (device dm-3): mounted with root inode @ nid 46.
03-06 16:11:05.035     0     0 I [T500279] erofs: (device dm-0): mounted with root inode @ nid 39.
03-06 16:11:05.045     0     0 I [T500279] erofs: (device dm-0): mounted with root inode @ nid 39.
03-06 16:11:05.057     0     0 I         : [T700279] EXT4-fs (mmcblk0p15): mounted filesystem with ordered data mode. Opts:
03-06 16:11:05.057     0     0 I [T700279] SELinux: Context u:object_r:persist_data_file:s0 is not valid (left unmapped).
03-06 16:11:05.105     0     0 I         : [T600217] <    2.991>TCPC-TIMER:Trigger PD_TIMER_VSAFE0V_TOUT
03-06 16:11:05.105     0     0 I         : [T600217] <    2.991>TCPC-TCPC:VSafe0V TOUT (2)
03-06 16:11:05.105     0     0 I         : [T600217] <    2.991>TCPC-TCPC:EXT-Discharge: 0
03-06 16:11:05.105     0     0 I         : [T100009] pd_tcp_notifier_call turn off charger discharge
03-06 16:11:05.105     0     0 I         : [T100009] (181) PD charger event:10 0
03-06 16:11:05.105     0     0 I         : [T100009] rt-pd-manager rt-pd-manager: pd_tcp_notifier_call event = 10, idx = 0
03-06 16:11:05.155     0     0 I         : [T600217] <    3.041>TCPC-TIMER:Trigger PD_TIMER_HARD_RESET_SAFE0V
03-06 16:11:05.155     0     0 I         : [T600217] <    3.041>TCPC-PE-EVT:timer
03-06 16:11:05.155     0     0 I         : [T600217] <    3.041>TCPC-PE:PD -> SNK_HRESET (CUN)
03-06 16:11:05.155     0     0 I         : [T600217] <    3.041>TCPC-PE:Send HARD Reset
03-06 16:11:05.155     0     0 I         : [T100009] (181) PD charger event:19 2
03-06 16:11:05.155     0     0 I         : [T100009] rt-pd-manager rt-pd-manager: pd_tcp_notifier_call event = 19, idx = 0
03-06 16:11:05.156     0     0 I         : [T600217] <    3.042>TCPC-TCPC:Alert:0x0050, Mask:0xa2ae7f
03-06 16:11:05.156     0     0 I         : [T600217] <    3.042>TCPC-TCPC:tcpci_alert tx_pending = 0
03-06 16:11:05.156     0     0 I         : [T600217] <    3.042>TCPC-PE-EVT:hard_reset_done
03-06 16:11:05.156     0     0 I         : [T600217] <    3.042>TCPC-PE:PD -> SNK_TRANS_DFT (CUN)
03-06 16:11:05.157     0     0 I         : [T100009] (181) PD charger event:9 136
03-06 16:11:05.157     0     0 I         : [T700058] <    3.043>TCPC-PE:pd_set_vconn:0
03-06 16:11:05.157     0     0 I         : [T700058] <    3.043>TCPC-PE:reset_local_hw
03-06 16:11:05.157     0     0 I         : [T700058] <    3.043>TCPC-TCPC:sink_vbus: 5000 mV, 100 mA
03-06 16:11:05.157     0     0 I         : [T700058] <    3.043>TCPC-PE-EVT:pr_at_dft
03-06 16:11:05.157     0     0 I         : [T700058] <    3.043>TCPC-PE:PD -> SNK_START (CUN)
03-06 16:11:05.157     0     0 I [T100009] pd_tcp_notifier_call: sink vbus 5000mV 100mA type(0x02) enable_pp(0)
03-06 16:11:05.157     0     0 I         : [T100009] rt-pd-manager rt-pd-manager: pd_tcp_notifier_call event = 9, idx = 0
03-06 16:11:05.157     0     0 I         : [T100009] rt-pd-manager rt-pd-manager: pd_tcp_notifier_call sink vbus 5000mV 100mA type(0x02)
03-06 16:11:05.157     0     0 I         : [T700058] <    3.043>TCPC-PE-EVT:reset_prl_done
03-06 16:11:05.157     0     0 I         : [T100009] pd_tcp_notifier_call turn on charger discharge
03-06 16:11:05.157     0     0 I         : [T100009] (181) PD charger event:10 1
03-06 16:11:05.157     0     0 I         : [T100009] rt-pd-manager rt-pd-manager: pd_tcp_notifier_call event = 10, idx = 0
03-06 16:11:05.157     0     0 I         : [T700058] <    3.043>TCPC-PE:PD -> SNK_DISC (CUN)
03-06 16:11:05.157     0     0 I         : [T700058] <    3.043>TCPC-PE:WaitVSafe0V
03-06 16:11:05.157     0     0 I         : [T700058] <    3.043>TCPC-TCPC:EXT-Discharge: 1
03-06 16:11:05.157     0     0 I         : [T700058] <    3.043>TCPC-TIMER:Enable PD_TIMER_VSAFE0V_TOUT
03-06 16:11:05.157     0     0 I         : [T700058] <    3.043>TCPC-TIMER:Enable PD_TIMER_HARD_RESET_SAFE0V
03-06 16:11:05.388   279   279 I recovery: type=1400 audit(0.0:70): avc: denied { read } for name="modules" dev="proc" ino=4026532142 scontext=u:r:recovery:s0 tcontext=u:object_r:proc_modules:s0 tclass=file permissive=1
03-06 16:11:05.388   279   279 I recovery: type=1400 audit(0.0:71): avc: denied { open } for path="/proc/modules" dev="proc" ino=4026532142 scontext=u:r:recovery:s0 tcontext=u:object_r:proc_modules:s0 tclass=file permissive=1
03-06 16:11:05.388   279   279 I recovery: type=1400 audit(0.0:72): avc: denied { getattr } for path="/proc/modules" dev="proc" ino=4026532142 scontext=u:r:recovery:s0 tcontext=u:object_r:proc_modules:s0 tclass=file permissive=1
03-06 16:11:05.396   279   279 I recovery: type=1400 audit(0.0:73): avc: denied { ioctl } for path="/dev/block/dm-3" dev="tmpfs" ino=656 ioctlcmd=0x5331 scontext=u:r:recovery:s0 tcontext=u:object_r:dm_device:s0 tclass=blk_file permissive=1
03-06 16:11:05.447     0     0 E [T600279] /dev/block/dm-3: Can't open blockdev
03-06 16:11:05.447     0     0 E [T600279] /dev/block/dm-3: Can't open blockdev
03-06 16:11:05.416   279   279 I recovery: type=1400 audit(0.0:74): avc: denied { ioctl } for path="/dev/block/dm-3" dev="tmpfs" ino=656 ioctlcmd=0x5331 scontext=u:r:recovery:s0 tcontext=u:object_r:dm_device:s0 tclass=blk_file permissive=1
03-06 16:11:05.420   279   279 I recovery: type=1400 audit(0.0:75): avc: denied { ioctl } for path="/dev/block/dm-3" dev="tmpfs" ino=656 ioctlcmd=0x5331 scontext=u:r:recovery:s0 tcontext=u:object_r:dm_device:s0 tclass=blk_file permissive=1
03-06 16:11:05.459     0     0 E [T600279] /dev/block/dm-3: Can't open blockdev
03-06 16:11:05.459     0     0 E [T600279] /dev/block/dm-3: Can't open blockdev
03-06 16:11:05.428   279   279 I recovery: type=1400 audit(0.0:76): avc: denied { ioctl } for path="/dev/block/dm-3" dev="tmpfs" ino=656 ioctlcmd=0x5331 scontext=u:r:recovery:s0 tcontext=u:object_r:dm_device:s0 tclass=blk_file permissive=1
03-06 16:11:05.466     0     0 E [T600279] /dev/block/dm-3: Can't open blockdev
03-06 16:11:05.466     0     0 E [T600279] /dev/block/dm-3: Can't open blockdev
03-06 16:11:05.436   279   279 I recovery: type=1400 audit(0.0:77): avc: denied { ioctl } for path="/dev/block/dm-3" dev="tmpfs" ino=656 ioctlcmd=0x5331 scontext=u:r:recovery:s0 tcontext=u:object_r:dm_device:s0 tclass=blk_file permissive=1
03-06 16:11:05.473     0     0 E [T600279] /dev/block/dm-3: Can't open blockdev
03-06 16:11:05.473     0     0 E [T600279] /dev/block/dm-3: Can't open blockdev
03-06 16:11:05.440   279   279 I recovery: type=1400 audit(0.0:78): avc: denied { ioctl } for path="/dev/block/dm-3" dev="tmpfs" ino=656 ioctlcmd=0x5331 scontext=u:r:recovery:s0 tcontext=u:object_r:dm_device:s0 tclass=blk_file permissive=1
03-06 16:11:05.480     0     0 E [T600279] /dev/block/dm-3: Can't open blockdev
03-06 16:11:05.480     0     0 E [T600279] /dev/block/dm-3: Can't open blockdev
03-06 16:11:05.448   279   279 I recovery: type=1400 audit(0.0:79): avc: denied { ioctl } for path="/dev/block/dm-3" dev="tmpfs" ino=656 ioctlcmd=0x5331 scontext=u:r:recovery:s0 tcontext=u:object_r:dm_device:s0 tclass=blk_file permissive=1
03-06 16:11:05.487     0     0 E [T600279] /dev/block/dm-3: Can't open blockdev
03-06 16:11:05.487     0     0 E [T600279] /dev/block/dm-3: Can't open blockdev
03-06 16:11:05.456   279   279 I recovery: type=1400 audit(0.0:80): avc: denied { ioctl } for path="/dev/block/dm-3" dev="tmpfs" ino=656 ioctlcmd=0x5331 scontext=u:r:recovery:s0 tcontext=u:object_r:dm_device:s0 tclass=blk_file permissive=1
03-06 16:11:05.493     0     0 E [T600279] /dev/block/dm-3: Can't open blockdev
03-06 16:11:05.494     0     0 E [T600279] /dev/block/dm-3: Can't open blockdev
03-06 16:11:05.500     0     0 E [T600279] /dev/block/dm-3: Can't open blockdev
03-06 16:11:05.500     0     0 E [T600279] /dev/block/dm-3: Can't open blockdev
03-06 16:11:05.460   279   279 I recovery: type=1400 audit(0.0:81): avc: denied { ioctl } for path="/dev/block/dm-3" dev="tmpfs" ino=656 ioctlcmd=0x5331 scontext=u:r:recovery:s0 tcontext=u:object_r:dm_device:s0 tclass=blk_file permissive=1
03-06 16:11:05.468   279   279 I recovery: type=1400 audit(0.0:82): avc: denied { ioctl } for path="/dev/block/dm-3" dev="tmpfs" ino=656 ioctlcmd=0x5331 scontext=u:r:recovery:s0 tcontext=u:object_r:dm_device:s0 tclass=blk_file permissive=1
03-06 16:11:05.507     0     0 E [T600279] /dev/block/dm-3: Can't open blockdev
03-06 16:11:05.507     0     0 E [T600279] /dev/block/dm-3: Can't open blockdev
03-06 16:11:05.476   279   279 I recovery: type=1400 audit(0.0:83): avc: denied { ioctl } for path="/dev/block/dm-3" dev="tmpfs" ino=656 ioctlcmd=0x5331 scontext=u:r:recovery:s0 tcontext=u:object_r:dm_device:s0 tclass=blk_file permissive=1
03-06 16:11:05.514     0     0 E [T600279] /dev/block/dm-3: Can't open blockdev
03-06 16:11:05.514     0     0 E [T600279] /dev/block/dm-3: Can't open blockdev
03-06 16:11:05.521     0     0 E [T600279] /dev/block/dm-3: Can't open blockdev
03-06 16:11:05.521     0     0 E [T600279] /dev/block/dm-3: Can't open blockdev
03-06 16:11:05.484   279   279 I recovery: type=1400 audit(0.0:84): avc: denied { ioctl } for path="/dev/block/dm-3" dev="tmpfs" ino=656 ioctlcmd=0x5331 scontext=u:r:recovery:s0 tcontext=u:object_r:dm_device:s0 tclass=blk_file permissive=1
03-06 16:11:05.488   279   279 I recovery: type=1400 audit(0.0:85): avc: denied { ioctl } for path="/dev/block/dm-3" dev="tmpfs" ino=656 ioctlcmd=0x5331 scontext=u:r:recovery:s0 tcontext=u:object_r:dm_device:s0 tclass=blk_file permissive=1
03-06 16:11:05.527     0     0 E [T600279] /dev/block/dm-3: Can't open blockdev
03-06 16:11:05.527     0     0 E [T600279] /dev/block/dm-3: Can't open blockdev
03-06 16:11:05.496   279   279 I recovery: type=1400 audit(0.0:86): avc: denied { ioctl } for path="/dev/block/dm-3" dev="tmpfs" ino=656 ioctlcmd=0x5331 scontext=u:r:recovery:s0 tcontext=u:object_r:dm_device:s0 tclass=blk_file permissive=1
03-06 16:11:05.534     0     0 E [T700279] /dev/block/dm-3: Can't open blockdev
03-06 16:11:05.534     0     0 E [T700279] /dev/block/dm-3: Can't open blockdev
03-06 16:11:05.504   279   279 I recovery: type=1400 audit(0.0:87): avc: denied { create } for name="additional.fstab" scontext=u:r:recovery:s0 tcontext=u:object_r:rootfs:s0 tclass=file permissive=1
03-06 16:11:05.504   279   279 I recovery: type=1400 audit(0.0:88): avc: denied { write } for path="/system/etc/additional.fstab" dev="rootfs" ino=184 scontext=u:r:recovery:s0 tcontext=u:object_r:rootfs:s0 tclass=file permissive=1
03-06 16:11:05.504   279   279 I recovery: type=1400 audit(0.0:89): avc: denied { setattr } for name="additional.fstab" dev="rootfs" ino=184 scontext=u:r:recovery:s0 tcontext=u:object_r:rootfs:s0 tclass=file permissive=1
03-06 16:11:05.542   279   279 E /dev/block/dm-3: Can't open blockdev
03-06 16:11:05.542   279   279 E /dev/block/dm-3: Can't open blockdev
03-06 16:11:05.580   279   279 I recovery: type=1400 audit(0.0:90): avc: denied { read write } for name="card0" dev="tmpfs" ino=290 scontext=u:r:recovery:s0 tcontext=u:object_r:device:s0 tclass=chr_file permissive=1
03-06 16:11:05.580   279   279 I recovery: type=1400 audit(0.0:91): avc: denied { open } for path="/dev/dri/card0" dev="tmpfs" ino=290 scontext=u:r:recovery:s0 tcontext=u:object_r:device:s0 tclass=chr_file permissive=1
03-06 16:11:05.580   279   279 I recovery: type=1400 audit(0.0:92): avc: denied { ioctl } for path="/dev/dri/card0" dev="tmpfs" ino=290 ioctlcmd=0x640c scontext=u:r:recovery:s0 tcontext=u:object_r:device:s0 tclass=chr_file permissive=1
03-06 16:11:05.580   279   279 I recovery: type=1400 audit(0.0:93): avc: denied { map } for path="/dev/dri/card0" dev="tmpfs" ino=290 scontext=u:r:recovery:s0 tcontext=u:object_r:device:s0 tclass=chr_file permissive=1
03-06 16:11:05.584   279   279 I recovery: type=1400 audit(0.0:94): avc: denied { sys_nice } for capability=23 scontext=u:r:recovery:s0 tcontext=u:r:recovery:s0 tclass=capability permissive=1
03-06 16:11:05.622     0     0 I         : [T500279] [DISP]CRTC0 hold wakelock mtk_drm_crtc_atomic_resume 7000
03-06 16:11:05.622     0     0 E [T500279] [lc_charger_sysfs]screen_noti_for_cid: audio_on:0, screen_on:0
03-06 16:11:05.622     0     0 E [T500279] [lc_charger_sysfs]get_status_for_cid: audio_on:0, screen_on:0
03-06 16:11:05.622     0     0 E [T500279] [lc_charger_sysfs]get_status_for_cid: typec Attached !
03-06 16:11:05.622     0     0 E [T500279] [lc_charger_sysfs]set_drp_mode_for_cid: typec_attached:1, screen_and_audio_off:1
03-06 16:11:05.622     0     0 E [T500279] [lc_charger_sysfs]set_drp_mode_for_cid: typec_attached:1, screen_and_audio_off:1, typec_role:0
03-06 16:11:05.622     0     0 I         : [T500279] mi_disp_notifier_call_chain, notify = 1
03-06 16:11:05.622     0     0 E [T500279] [lc_charger_sysfs]screen_noti_for_cid: screen on
03-06 16:11:05.622     0     0 E [T500279] [lc_charger_sysfs]screen_noti_for_cid: audio_on:0, screen_on:1
03-06 16:11:05.622     0     0 E [T500279] [lc_charger_sysfs]get_status_for_cid: audio_on:0, screen_on:1
03-06 16:11:05.622     0     0 E [T500279] [lc_charger_sysfs]get_status_for_cid: typec Attached !
03-06 16:11:05.622     0     0 E [T500279] [lc_charger_sysfs]set_drp_mode_for_cid: typec_attached:1, screen_and_audio_off:0
03-06 16:11:05.622     0     0 E [T500279] [lc_charger_sysfs]set_drp_mode_for_cid: typec_attached:1, screen_and_audio_off:0, typec_role:0
03-06 16:11:05.622     0     0 I         : [T500279] [DISP]mtk_set_first_config, set first config true
03-06 16:11:05.622     0     0 I         : [T500279] [DISP]mtk_crtc_update_ddp_state pf:0 hrt:0 correct invalid hrt to:4, mode:0->0
03-06 16:11:05.622     0     0 I         : [T500279] [DISP]mtk_disp_hrt_mmclk_request_mt6768, max_fps:120
03-06 16:11:05.622     0     0 I         : [T500279] [DISP]mtk_disp_hrt_mmclk_request_mt6768 layer_num = 0, volt = 650000
03-06 16:11:05.623     0     0 I [T500279] mtk_mmdvfs_debug_release_step0: set vcore voltage(0)
03-06 16:11:05.627     0     0 I         : [T500279] [DISP]mtk_crtc_update_ddp_state pf:0 hrt:0 correct invalid hrt to:4, mode:0->0
03-06 16:11:05.630     0     0 I         : [T500279] [DISP]mtk_crtc_update_ddp_state pf:0 hrt:0 correct invalid hrt to:4, mode:0->0
03-06 16:11:05.601   279   279 I ArmToArm64Assembler: generated scanline__00000077:03010101_00008001_00000000 [195 ipp] (241 ins) at [0x7bf7d653c0:0x7bf7d65784] in 69615ns
03-06 16:11:05.596   279   279 I recovery: type=1400 audit(0.0:95): avc: denied { execmem } for scontext=u:r:recovery:s0 tcontext=u:r:recovery:s0 tclass=process permissive=1
03-06 16:11:05.596   279   279 I recovery: type=1400 audit(0.0:96): avc: denied { execute } for path="/dev/ashmem6b1586e4-c038-4ad6-bd81-aa773e7e36ff" dev="tmpfs" ino=446 scontext=u:r:recovery:s0 tcontext=u:object_r:ashmem_libcutils_device:s0 tclass=chr_file permissive=1
03-06 16:11:05.653     0     0 I         : [T700162] [DISP]mtk_check_preset_fence_timestamp wait event fail, ret = 0
03-06 16:11:05.627   279   279 I ArmToArm64Assembler: generated scanline__00000077:03545401_00000A01_00000000 [ 69 ipp] (113 ins) at [0x7bf7d65790:0x7bf7d65954] in 57154ns
03-06 16:11:05.634   279   279 I ArmToArm64Assembler: generated scanline__00000077:03545401_00000A08_00000000 [ 69 ipp] (116 ins) at [0x7bf7d65960:0x7bf7d65b30] in 58538ns
03-06 16:11:05.671     0     0 I         : [T600279] [DISP]mtk_crtc_update_ddp_state pf:0 hrt:0 correct invalid hrt to:4, mode:0->0
03-06 16:11:05.701     0     0 I         : [T700279] EXT4-fs (mmcblk0p56): mounted filesystem with ordered data mode. Opts:
03-06 16:11:05.709     0     0 I         : [T700279] F2FS-fs (mmcblk0p61): Magic Mismatch, valid(0xf2f52010) - read(0xe4036914)
03-06 16:11:05.709     0     0 E         : [T700279] F2FS-fs (mmcblk0p61): Can't find valid F2FS filesystem in 1th superblock
03-06 16:11:05.709     0     0 I         : [T600279] F2FS-fs (mmcblk0p61): Magic Mismatch, valid(0xf2f52010) - read(0x3ae3d2e1)
03-06 16:11:05.709     0     0 E         : [T600279] F2FS-fs (mmcblk0p61): Can't find valid F2FS filesystem in 2th superblock
03-06 16:11:05.709     0     0 I         : [T700279] F2FS-fs (mmcblk0p61): Magic Mismatch, valid(0xf2f52010) - read(0xe4036914)
03-06 16:11:05.709     0     0 E         : [T700279] F2FS-fs (mmcblk0p61): Can't find valid F2FS filesystem in 1th superblock
03-06 16:11:05.709     0     0 I         : [T600279] F2FS-fs (mmcblk0p61): Magic Mismatch, valid(0xf2f52010) - read(0x3ae3d2e1)
03-06 16:11:05.709     0     0 E         : [T600279] F2FS-fs (mmcblk0p61): Can't find valid F2FS filesystem in 2th superblock
03-06 16:11:05.716     0     0 I         : [T700279] F2FS-fs (mmcblk0p61): Magic Mismatch, valid(0xf2f52010) - read(0xe4036914)
03-06 16:11:05.716     0     0 E         : [T700279] F2FS-fs (mmcblk0p61): Can't find valid F2FS filesystem in 1th superblock
03-06 16:11:05.716     0     0 I         : [T600279] F2FS-fs (mmcblk0p61): Magic Mismatch, valid(0xf2f52010) - read(0x3ae3d2e1)
03-06 16:11:05.716     0     0 E         : [T600279] F2FS-fs (mmcblk0p61): Can't find valid F2FS filesystem in 2th superblock
03-06 16:11:05.717     0     0 I         : [T700279] F2FS-fs (mmcblk0p61): Magic Mismatch, valid(0xf2f52010) - read(0xe4036914)
03-06 16:11:05.717     0     0 E         : [T700279] F2FS-fs (mmcblk0p61): Can't find valid F2FS filesystem in 1th superblock
03-06 16:11:05.717     0     0 I         : [T600279] F2FS-fs (mmcblk0p61): Magic Mismatch, valid(0xf2f52010) - read(0x3ae3d2e1)
03-06 16:11:05.717     0     0 E         : [T600279] F2FS-fs (mmcblk0p61): Can't find valid F2FS filesystem in 2th superblock
03-06 16:11:05.680   279   279 I recovery: type=1400 audit(0.0:97): avc: denied { ioctl } for path="/dev/block/dm-1" dev="tmpfs" ino=650 ioctlcmd=0x5331 scontext=u:r:recovery:s0 tcontext=u:object_r:dm_device:s0 tclass=blk_file permissive=1
03-06 16:11:05.688   279   279 I recovery: type=1400 audit(0.0:98): avc: denied { ioctl } for path="/dev/block/dm-3" dev="tmpfs" ino=656 ioctlcmd=0x5331 scontext=u:r:recovery:s0 tcontext=u:object_r:dm_device:s0 tclass=blk_file permissive=1
03-06 16:11:05.728     0     0 I [T600279] erofs: (device dm-1): mounted with root inode @ nid 59.
03-06 16:11:05.736     0     0 I [T600279] erofs: (device dm-3): mounted with root inode @ nid 46.
03-06 16:11:05.700     1     1 I unknown : type=1107 audit(0.0:99): uid=0 auid=4294967295 ses=4294967295 subj=u:r:init:s0 msg='avc: denied { set } for property=ro.crypto.state pid=279 uid=0 gid=0 scontext=u:r:recovery:s0 tcontext=u:object_r:vold_status_prop:s0 tclass=property_service permissive=1'
03-06 16:11:05.745     0     0 I         : [T700279] EXT4-fs (mmcblk0p11): mounted filesystem with ordered data mode. Opts: discard
03-06 16:11:05.757     0     0 I         : [T600217] <    3.643>TCPC-TIMER:Trigger PD_TIMER_VSAFE0V_TOUT
03-06 16:11:05.757     0     0 I         : [T600217] <    3.643>TCPC-TCPC:VSafe0V TOUT (2)
03-06 16:11:05.757     0     0 I         : [T600217] <    3.643>TCPC-TCPC:EXT-Discharge: 0
03-06 16:11:05.757     0     0 I         : [T700162] pd_tcp_notifier_call turn off charger discharge
03-06 16:11:05.757     0     0 I         : [T700162] (181) PD charger event:10 0
03-06 16:11:05.757     0     0 I         : [T700162] rt-pd-manager rt-pd-manager: pd_tcp_notifier_call event = 10, idx = 0
03-06 16:11:05.807     0     0 I         : [T600217] <    3.693>TCPC-TIMER:Trigger PD_TIMER_HARD_RESET_SAFE0V
03-06 16:11:05.807     0     0 I         : [T600162] (181) PD charger event:19 2
03-06 16:11:05.807     0     0 I         : [T600162] rt-pd-manager rt-pd-manager: pd_tcp_notifier_call event = 19, idx = 0
03-06 16:11:05.807     0     0 I         : [T700058] <    3.693>TCPC-PE-EVT:timer
03-06 16:11:05.807     0     0 I         : [T700058] <    3.693>TCPC-PE:PD -> SNK_HRESET (CUN)
03-06 16:11:05.807     0     0 I         : [T700058] <    3.693>TCPC-PE:Send HARD Reset
03-06 16:11:05.808     0     0 I         : [T600217] <    3.694>TCPC-TCPC:Alert:0x0050, Mask:0xa2ae7f
03-06 16:11:05.808     0     0 I         : [T600217] <    3.694>TCPC-TCPC:tcpci_alert tx_pending = 0
03-06 16:11:05.808     0     0 I         : [T600217] <    3.694>TCPC-PE-EVT:hard_reset_done
03-06 16:11:05.808     0     0 I         : [T600217] <    3.694>TCPC-PE:PD -> SNK_TRANS_DFT (CUN)
03-06 16:11:05.809     0     0 I         : [T600162] (181) PD charger event:9 136
03-06 16:11:05.809     0     0 I [T600162] pd_tcp_notifier_call: sink vbus 5000mV 100mA type(0x02) enable_pp(0)
03-06 16:11:05.809     0     0 I         : [T600162] rt-pd-manager rt-pd-manager: pd_tcp_notifier_call event = 9, idx = 0
03-06 16:11:05.809     0     0 I         : [T700058] <    3.695>TCPC-PE:pd_set_vconn:0
03-06 16:11:05.809     0     0 I         : [T700058] <    3.695>TCPC-PE:reset_local_hw
03-06 16:11:05.809     0     0 I         : [T700058] <    3.695>TCPC-TCPC:sink_vbus: 5000 mV, 100 mA
03-06 16:11:05.809     0     0 I         : [T700058] <    3.695>TCPC-PE-EVT:pr_at_dft
03-06 16:11:05.809     0     0 I         : [T700058] <    3.695>TCPC-PE:PD -> SNK_START (CUN)
03-06 16:11:05.809     0     0 I         : [T600162] rt-pd-manager rt-pd-manager: pd_tcp_notifier_call sink vbus 5000mV 100mA type(0x02)
03-06 16:11:05.809     0     0 I         : [T600162] pd_tcp_notifier_call turn on charger discharge
03-06 16:11:05.809     0     0 I         : [T700058] <    3.695>TCPC-PE-EVT:reset_prl_done
03-06 16:11:05.809     0     0 I         : [T700058] <    3.695>TCPC-PE:PD -> SNK_DISC (CUN)
03-06 16:11:05.809     0     0 I         : [T700058] <    3.695>TCPC-PE:WaitVSafe0V
03-06 16:11:05.809     0     0 I         : [T700058] <    3.695>TCPC-TCPC:EXT-Discharge: 1
03-06 16:11:05.809     0     0 I         : [T700058] <    3.695>TCPC-TIMER:Enable PD_TIMER_VSAFE0V_TOUT
03-06 16:11:05.809     0     0 I         : [T700058] <    3.695>TCPC-TIMER:Enable PD_TIMER_HARD_RESET_SAFE0V
03-06 16:11:05.809     0     0 I         : [T600162] (181) PD charger event:10 1
03-06 16:11:05.809     0     0 I         : [T600162] rt-pd-manager rt-pd-manager: pd_tcp_notifier_call event = 10, idx = 0
03-06 16:11:06.409     0     0 I         : [T600217] <    4.295>TCPC-TIMER:Trigger PD_TIMER_VSAFE0V_TOUT
03-06 16:11:06.409     0     0 I         : [T600217] <    4.295>TCPC-TCPC:VSafe0V TOUT (2)
03-06 16:11:06.409     0     0 I         : [T600217] <    4.295>TCPC-TCPC:EXT-Discharge: 0
03-06 16:11:06.409     0     0 I         : [T700162] pd_tcp_notifier_call turn off charger discharge
03-06 16:11:06.409     0     0 I         : [T700162] (181) PD charger event:10 0
03-06 16:11:06.409     0     0 I         : [T700162] rt-pd-manager rt-pd-manager: pd_tcp_notifier_call event = 10, idx = 0
03-06 16:11:06.459     0     0 I         : [T600217] <    4.345>TCPC-TIMER:Trigger PD_TIMER_HARD_RESET_SAFE0V
03-06 16:11:06.459     0     0 I         : [T600217] <    4.345>TCPC-PE-EVT:timer
03-06 16:11:06.459     0     0 I         : [T600217] <    4.345>TCPC-PE:SRC NoResp
03-06 16:11:06.459     0     0 I         : [T600162] (181) PD charger event:9 136
03-06 16:11:06.459     0     0 I [T600162] pd_tcp_notifier_call: sink vbus 5000mV 100mA type(0x04) enable_pp(0)
03-06 16:11:06.459     0     0 I         : [T600162] rt-pd-manager rt-pd-manager: pd_tcp_notifier_call event = 9, idx = 0
03-06 16:11:06.459     0     0 I         : [T600162] rt-pd-manager rt-pd-manager: pd_tcp_notifier_call sink vbus 5000mV 100mA type(0x04)
03-06 16:11:06.459     0     0 I         : [T600217] <    4.345>TCPC-PE:TYPE-C Only Charger!
03-06 16:11:06.459     0     0 I         : [T600217] <    4.345>TCPC-TCPC:sink_vbus: 5000 mV, 100 mA
03-06 16:11:06.459     0     0 I         : [T600162] (181) PD charger event:19 0
03-06 16:11:06.459     0     0 I         : [T600162] rt-pd-manager rt-pd-manager: pd_tcp_notifier_call event = 19, idx = 0
03-06 16:11:06.459     0     0 I         : [T700058] <    4.345>TCPC-PE:pd_state=1
03-06 16:11:06.459     0     0 I         : [T600162] (181) PD charger event:15 1
03-06 16:11:06.459     0     0 I         : [T600162] notify_adapter_event 5
03-06 16:11:06.459     0     0 I         : [T600162] PD Notify Type-C Ready
03-06 16:11:06.459     0     0 I         : [T600162] rt-pd-manager rt-pd-manager: pd_tcp_notifier_call event = 15, idx = 0
03-06 16:11:06.459     0     0 I         : [T600162] rt-pd-manager rt-pd-manager: pd_tcp_notifier_call pd state = 1
03-06 16:11:06.460     0     0 I         : [T300252] [force_get_tbat_internal] 1060,1058,1,283,0,35 r:100 0 0
03-06 16:11:06.485     0     0 I         : [T300252] upm6920 6-006a: get_adc channel: 0 val: 3984
03-06 16:11:06.485     0     0 I         : [T300252] upm6920 6-006a: upm6920_get_constant_voltage
03-06 16:11:06.487     0     0 I         : [T300252] mt635x-auxadc mt635x-auxadc: Error: Get efuse failed (-517)
03-06 16:11:06.487     0     0 I         : [T300252] vbat_out_old=40310, vthr=689, T_curr=-4098, vbat_out=40310
03-06 16:11:06.487     0     0 I         : [T300252] [vbus_vol_get](2150) read successful, vbus=4636, ret=1
03-06 16:11:06.487     0     0 E         : [T300252] get_pmic_vbus vbus:4636, ret:0
03-06 16:11:06.487     0     0 I [T300252] get_vbus(226): get pmic vbus successful: 4636, ret: 0
03-06 16:11:06.513     0     0 I         : [T300252] upm6920 6-006a: get_adc channel: 2 val: 4600
03-06 16:11:06.541   252   252 I upm6920 6-006a: get_adc channel: 3 val: 256
03-06 16:11:06.541   252   252 I upm6920 6-006a: ibus of upm6920 is 256
03-06 16:11:06.541   252   252 E upm6920 6-006a: upm6920_chg_get_property:line2817: chg_type = 4
03-06 16:11:06.569   252   252 I upm6920 6-006a: get_adc channel: 3 val: 256
03-06 16:11:06.569   252   252 I         : Vbat=4031 vbats=3984 vbus:4636 ibus:256 I=226 T=35 uisoc:67 type:usb>usb pd:5 swchg_ibat:256 cv:4448000
03-06 16:11:06.569   252   252 E upm6920 6-006a: upm6920_chg_get_property:line2817: chg_type = 4
03-06 16:11:06.569   252   252 I mtk_charger_start_timer: alarm timer start:1, 14 420235999
03-06 16:11:06.569   252   252 I is_disable_charger: false
03-06 16:11:06.569   252   252 E upm6920 6-006a: upm6920_chg_get_property:line2817: chg_type = 4
03-06 16:11:06.569   252   252 I         : smart_batt_set_diff_fv diff_fv_val=0
03-06 16:11:06.569   252   252 I         : [SW_JEITA] Battery Temperature between 20 and 45 !!
03-06 16:11:06.569   252   252 I [SW_JEITA]preState: 4 newState:4 tmp:35 cv:4448000
03-06 16:11:06.569   252   252 I         : [vbus_vol_get](2150) read successful, vbus=4636, ret=1
03-06 16:11:06.569   252   252 E get_pmic_vbus vbus: 4636, ret:0
03-06 16:11:06.569   252   252 I get_vbus(226): get pmic vbus successful: 4636, ret: 0
03-06 16:11:06.570   252   252 I         : [vbus_vol_get](2150) read successful, vbus=4626, ret=1
03-06 16:11:06.570   252   252 E get_pmic_vbus vbus: 4626, ret:0
03-06 16:11:06.570   252   252 I get_vbus(226): get pmic vbus successful: 4626, ret: 0
03-06 16:11:06.570   252   252 I tmp     : 35 (jeita:1 sm:4 cv:4448000 en:1) (sm:1) en:1 c:0 s:0 ov:0 sc:0 1 1 saf_cmd:-1 bat_mon:0 0
03-06 16:11:06.570   252   252 I upm6920 6-006a: charger is charging
03-06 16:11:06.570   252   252 I         : check_xm_smart_chg_status en_ret = (0 0), fun_val = (0 0), active_status = (0 0), uisoc = 67, smart_chg_enable = 0
03-06 16:11:06.570   252   252 I         : check_navigation_mode navigation needn't processing
03-06 16:11:06.570   252   252 I         : check_endurance_mode en_ret = 0, fun_val = 0, active_status = 0, uisoc = 67, endurance_ctrl_en = 0
03-06 16:11:06.570   252   252 I         : check_endurance_mode needn't endurance charge processing
03-06 16:11:06.570   252   252 I is_disable_charger: false
03-06 16:11:06.570   252   252 I upm6920 6-006a: upm6920_is_charging_done: charge not done
03-06 16:11:06.570   252   252 I is_typec_adapter: rp = 500
03-06 16:11:06.570   252   252 E get_charge_cycle_count_level: prop cycle count = 0
03-06 16:11:06.570   252   252 I is_pd_adapter_check: pd is offline, pd_type = 5
03-06 16:11:06.570   252   252 I         : chg_alg_set_current_limit
03-06 16:11:06.570   252   252 I _pd_set_setting cv: 4448000 icl:550000,-1 cc:500000,-1
03-06 16:11:06.570   252   252 I         : _pd_is_algo_ready 2
03-06 16:11:06.570   252   252 I pd_hal_is_pd_adapter_ready type: 5
03-06 16:11:06.570   252   252 I         : support_fast_charging pd ret:ALG_TA_NOT_SUPPORT
03-06 16:11:06.570   252   252 I select_charging_current_limit: pdata->input_current_limit: 550000, pdata->charging_current_limit: 500000
03-06 16:11:06.570   252   252 I jeita_current_limit: jeita_input_current_limit: 3600000, jeita_charging_current_limit: 3600000
03-06 16:11:06.570   252   252 I debug   : 2, 0, 0
03-06 16:11:06.570   252   252 I sck     : 500000 -1 500000 -1 0
03-06 16:11:06.570   252   252 E upm6920 6-006a: upm6920_get_min_ichg
03-06 16:11:06.570   252   252 E upm6920 6-006a: upm6920_get_min_aicr
03-06 16:11:06.570   252   252 I         : m:0 chg1:-1,-1,550,500 chg2:-1,-1,0,0 dvchg1:-1 sc:500000 -1 0 type:4:5 usb_unlimited:0 usbif:0 usbsm:0 aicl:-1 atm:0 bm:2 b:1
03-06 16:11:06.570   252   252 I do_algorithm is_basic: 1
03-06 16:11:06.570   252   252 I upm6920 6-006a: upm6920_set_input_current: iindpm curr = 550000uA
03-06 16:11:06.570   252   252 E upm6920 6-006a: temp_ma = curr_ma: 550, needn't get
03-06 16:11:06.570   252   252 I upm6920 6-006a: upm6920_set_charging_current: charge curr = 500000uA
03-06 16:11:06.571   252   252 I upm6920 6-006a: upm6920_set_constant_voltage: charge volt = 4448000uV
03-06 16:11:06.571   252   252 I         : _pd_is_algo_ready PD_TA_NOT_SUPPORT, state recheck
03-06 16:11:06.571   252   252 I         : _pd_is_algo_ready 2
03-06 16:11:06.571   252   252 I pd_hal_is_pd_adapter_ready type: 5
03-06 16:11:06.571   252   252 I upm6920 6-006a: charge already enabled
03-06 16:11:06.571   252   252 I upm6920 6-006a: enable charger successfully
03-06 16:11:06.571   252   252 I upm6920 6-006a: upm6920_dump_registers
03-06 16:11:06.571   252   252 I upm6920 6-006a: upm6920_dump_register reg[0x00] = 0x09
03-06 16:11:06.571   252   252 I upm6920 6-006a: upm6920_dump_register reg[0x01] = 0x01
03-06 16:11:06.571   252   252 I upm6920 6-006a: upm6920_dump_register reg[0x02] = 0x0d
03-06 16:11:06.572   252   252 I upm6920 6-006a: upm6920_dump_register reg[0x03] = 0x1a
03-06 16:11:06.572   252   252 I upm6920 6-006a: upm6920_dump_register reg[0x04] = 0x07
03-06 16:11:06.572   252   252 I upm6920 6-006a: upm6920_dump_register reg[0x05] = 0x33
03-06 16:11:06.572   252   252 I upm6920 6-006a: upm6920_dump_register reg[0x06] = 0x9a
03-06 16:11:06.572   252   252 I upm6920 6-006a: upm6920_dump_register reg[0x07] = 0x8f
03-06 16:11:06.572   252   252 I upm6920 6-006a: upm6920_dump_register reg[0x08] = 0x03
03-06 16:11:06.572   252   252 I upm6920 6-006a: upm6920_dump_register reg[0x09] = 0x44
03-06 16:11:06.573   252   252 I upm6920 6-006a: upm6920_dump_register reg[0x0a] = 0x72
03-06 16:11:06.573     0     0 I         : [T300252] upm6920 6-006a: upm6920_dump_register reg[0x0b] = 0x34
03-06 16:11:06.573     0     0 I         : [T300252] upm6920 6-006a: upm6920_dump_register reg[0x0c] = 0x00
03-06 16:11:06.573     0     0 I         : [T300252] upm6920 6-006a: upm6920_dump_register reg[0x0d] = 0x94
03-06 16:11:06.573     0     0 I         : [T300252] upm6920 6-006a: upm6920_dump_register reg[0x0e] = 0x54
03-06 16:11:06.573     0     0 I         : [T300252] upm6920 6-006a: upm6920_dump_register reg[0x0f] = 0x56
03-06 16:11:06.574     0     0 I         : [T300252] upm6920 6-006a: upm6920_dump_register reg[0x10] = 0x3e
03-06 16:11:06.574     0     0 I         : [T300252] upm6920 6-006a: upm6920_dump_register reg[0x11] = 0x94
03-06 16:11:06.574     0     0 I         : [T300252] upm6920 6-006a: upm6920_dump_register reg[0x12] = 0x04
03-06 16:11:06.574     0     0 I         : [T300252] upm6920 6-006a: upm6920_dump_register reg[0x13] = 0x49
03-06 16:11:06.574     0     0 I         : [T300252] upm6920 6-006a: upm6920_dump_register reg[0x14] = 0x1f
03-06 16:11:06.575     0     0 I         : [T300252] charger_routine_thread end , 0
03-06 16:11:06.710   279   279 I recovery: fscrypt_mount_metadata_encrypted: /data encrypt: 0 format: 0 with f2fs
03-06 16:11:06.711   279   279 W recovery: [libfs_mgr]Warning: unknown flag: resize
03-06 16:11:06.718   279   279 I recovery: metadata_key_dir/key: /metadata/vold/metadata_encryption/key
03-06 16:11:06.716   279   279 I recovery: type=1400 audit(0.0:100): avc: denied { search } for name="vold" dev="mmcblk0p11" ino=12 scontext=u:r:recovery:s0 tcontext=u:object_r:vold_metadata_file:s0 tclass=dir permissive=1
03-06 16:11:06.719   279   279 I recovery: Key exists, using: /metadata/vold/metadata_encryption/key
03-06 16:11:06.719   279   279 I recovery: Retrieving key from keymaster
03-06 16:11:06.716   279   279 I recovery: type=1400 audit(0.0:101): avc: denied { read } for name="version" dev="mmcblk0p11" ino=29 scontext=u:r:recovery:s0 tcontext=u:object_r:vold_metadata_file:s0 tclass=file permissive=1
03-06 16:11:06.716   279   279 I recovery: type=1400 audit(0.0:102): avc: denied { open } for path="/metadata/vold/metadata_encryption/key/version" dev="mmcblk0p11" ino=29 scontext=u:r:recovery:s0 tcontext=u:object_r:vold_metadata_file:s0 tclass=file permissive=1
03-06 16:11:06.716   279   279 I recovery: type=1400 audit(0.0:103): avc: denied { getattr } for path="/metadata/vold/metadata_encryption/key/version" dev="mmcblk0p11" ino=29 scontext=u:r:recovery:s0 tcontext=u:object_r:vold_metadata_file:s0 tclass=file permissive=1
03-06 16:11:06.721   271   271 E SELinux : avc:  denied  { find } for pid=279 uid=0 name=android.system.keystore2.IKeystoreService/default scontext=u:r:recovery:s0 tcontext=u:object_r:keystore_service:s0 tclass=service_manager permissive=1
03-06 16:11:06.721   271   271 I servicemanager: Since 'android.system.keystore2.IKeystoreService/default' could not be found, trying to start it as a lazy AIDL service
03-06 16:11:06.720     1     1 I unknown : type=1107 audit(0.0:104): uid=0 auid=4294967295 ses=4294967295 subj=u:r:init:s0 msg='avc: denied { set } for property=ctl.interface_start$aidl/android.system.keystore2.IKeystoreService/default pid=271 uid=0 gid=0 scontext=u:r:recovery:s0 tcontext=u:object_r:ctl_interface_start_prop:s0 tclass=property_service permissive=1'
03-06 16:11:06.722   271   314 W libc    : Unable to set property "ctl.interface_start" to "aidl/android.system.keystore2.IKeystoreService/default": error code: 0x20
03-06 16:11:06.722   271   314 I servicemanager: Tried to start aidl service android.system.keystore2.IKeystoreService/default as a lazy service, but was unable to. Usually this happens when a service is not installed, but if the service is intended to be used as a lazy service, then it may be configured incorrectly.
03-06 16:11:07.721   279   279 W ServiceManager: Waited one second for android.system.keystore2.IKeystoreService/default (is service started? are binder threads started and available?)
03-06 16:11:07.722   271   271 I servicemanager: Since 'android.system.keystore2.IKeystoreService/default' could not be found, trying to start it as a lazy AIDL service
03-06 16:11:07.722   271   315 W libc    : Unable to set property "ctl.interface_start" to "aidl/android.system.keystore2.IKeystoreService/default": error code: 0x20
03-06 16:11:07.722   271   315 I servicemanager: Tried to start aidl service android.system.keystore2.IKeystoreService/default as a lazy service, but was unable to. Usually this happens when a service is not installed, but if the service is intended to be used as a lazy service, then it may be configured incorrectly.
03-06 16:11:08.722   279   279 W ServiceManager: Waited one second for android.system.keystore2.IKeystoreService/default (is service started? are binder threads started and available?)
03-06 16:11:08.722   271   271 I servicemanager: Since 'android.system.keystore2.IKeystoreService/default' could not be found, trying to start it as a lazy AIDL service
03-06 16:11:08.723   271   316 W libc    : Unable to set property "ctl.interface_start" to "aidl/android.system.keystore2.IKeystoreService/default": error code: 0x20
03-06 16:11:08.723   271   316 I servicemanager: Tried to start aidl service android.system.keystore2.IKeystoreService/default as a lazy service, but was unable to. Usually this happens when a service is not installed, but if the service is intended to be used as a lazy service, then it may be configured incorrectly.
03-06 16:11:09.722   279   279 W ServiceManager: Waited one second for android.system.keystore2.IKeystoreService/default (is service started? are binder threads started and available?)
03-06 16:11:09.722   271   271 I servicemanager: Since 'android.system.keystore2.IKeystoreService/default' could not be found, trying to start it as a lazy AIDL service
03-06 16:11:09.723   271   317 W libc    : Unable to set property "ctl.interface_start" to "aidl/android.system.keystore2.IKeystoreService/default": error code: 0x20
03-06 16:11:09.723   271   317 I servicemanager: Tried to start aidl service android.system.keystore2.IKeystoreService/default as a lazy service, but was unable to. Usually this happens when a service is not installed, but if the service is intended to be used as a lazy service, then it may be configured incorrectly.
03-06 16:11:09.758     1     1 E init    : Control message: Could not find 'aidl/android.system.keystore2.IKeystoreService/default' for ctl.interface_start from pid: 271 (/system/bin/servicemanager)
03-06 16:11:09.785     1     1 I init    : starting service 'keystore2'...
03-06 16:11:09.787     0     0 E [T100318] init: failed to write pid to files: couldn't write 318 to /dev/cpuset/foreground/tasks: No such file or directory
03-06 16:11:09.824     1     1 I init    : starting service 'boot-hal-1-2'...
03-06 16:11:09.834     1     1 I init    : starting service 'adbd'...
03-06 16:11:09.835     1     1 I init    : Created socket '/dev/socket/adbd', mode 660, user 1000, group 1000
03-06 16:11:09.811   319   319 E cutils-trace: Error opening trace file: No such file or directory (2)
03-06 16:11:09.812   270   270 I hwservicemanager: getFrameworkHalManifest: Reading VINTF information.
03-06 16:11:09.812   270   270 W hwservicemanager: Cannot fetch /system/etc/vintf/manifest.xml: Illformed file: /system/etc/vintf/manifest.xml: Unrecognized manifest.version 7.0 (libvintf@4.0)
03-06 16:11:09.812   270   270 E hwservicemanager: getFrameworkHalManifest: status from fetching VINTF information: -2
03-06 16:11:09.812   270   270 E hwservicemanager: getFrameworkHalManifest: -2 VINTF parse error: Cannot read /system/manifest.xml: No such file or directory
03-06 16:11:09.814   319   319 E android.hardware.boot@1.2-service: [libfs_mgr]Error parsing fs_mgr_options
03-06 16:11:09.814   319   319 E android.hardware.boot@1.2-service: [libfs_mgr]ReadFstabFromFile(): failed to load fstab from : '/etc/recovery.fstab'
03-06 16:11:09.814   319   319 I android.hardware.boot@1.2-service: [libfs_mgr]ReadDefaultFstab(): failed to find device default fstab
03-06 16:11:09.814   319   319 E android.hardware.boot@1.2-service: Could not find bootloader message block device: failed to read default fstab
03-06 16:11:09.814   319   319 E android.hardware.boot@1.2-mtkimpl: Could not initialize BootControl module
03-06 16:11:09.814   319   319 D RefBase : RefBase: Explicit destruction, weak count = 0 (in 0xb400007c34f90128)
03-06 16:11:09.814   319   319 W RefBase : CallStack::getCurrentInternal not linked, returning null
03-06 16:11:09.814   319   319 W RefBase : CallStack::logStackInternal not linked
03-06 16:11:09.814   319   319 E HidlServiceManagement: Could not find instance 'default' in library android.hardware.boot@1.0-impl-1.2-mtkimpl.so. Keeping library open.
03-06 16:11:09.814   319   319 E LegacySupport: Could not get passthrough implementation for android.hardware.boot@1.0::IBootControl/default.
03-06 16:11:09.851     1     1 I init    : Service 'boot-hal-1-2' (pid 319) exited with status 1
03-06 16:11:09.851     1     1 I init    : Sending signal 9 to service 'boot-hal-1-2' (pid 319) process group...
03-06 16:11:09.851     1     1 I libprocessgroup: Successfully killed process cgroup uid 0 pid 319 in 0ms
03-06 16:11:09.848   318   318 I keystore2: keystore2_main: Keystore2 is starting.
03-06 16:11:09.849   318   318 I keystore2: keystore2_main: Starting thread pool now.
03-06 16:11:09.849   318   321 I keystore2: getDeviceHalManifest: Reading VINTF information.
03-06 16:11:09.863   318   321 I keystore2: getDeviceHalManifest: Successfully processed VINTF information
03-06 16:11:09.860   318   318 I Binder:318_2: type=1400 audit(0.0:105): avc: denied { call } for scontext=u:r:recovery:s0 tcontext=u:r:recovery:s0 tclass=binder permissive=1
03-06 16:11:09.860   318   318 I Binder:318_2: type=1400 audit(0.0:106): avc: denied { transfer } for scontext=u:r:recovery:s0 tcontext=u:r:recovery:s0 tclass=binder permissive=1
03-06 16:11:09.864   318   318 E cutils-trace: Error opening trace file: No such file or directory (2)
03-06 16:11:09.865   270   270 I hwservicemanager: getFrameworkHalManifest: Reading VINTF information.
03-06 16:11:09.865   270   270 W hwservicemanager: Cannot fetch /system/etc/vintf/manifest.xml: Illformed file: /system/etc/vintf/manifest.xml: Unrecognized manifest.version 7.0 (libvintf@4.0)
03-06 16:11:09.865   270   270 E hwservicemanager: getFrameworkHalManifest: status from fetching VINTF information: -2
03-06 16:11:09.865   270   270 E hwservicemanager: getFrameworkHalManifest: -2 VINTF parse error: Cannot read /system/manifest.xml: No such file or directory
03-06 16:11:09.866   270   270 I hwservicemanager: getTransport: Cannot find entry android.hidl.manager@1.2::IServiceManager/default in either framework or device VINTF manifest.
03-06 16:11:09.866   318   318 F keystore2: Check failed: serviceManager.get() Failed to get ServiceManager
03-06 16:11:09.866   318   318 F libc    : Fatal signal 6 (SIGABRT), code -1 (SI_QUEUE) in tid 318 (Binder:318_2), pid 318 (Binder:318_2)
03-06 16:11:09.867   320   320 I adbd    : persist.adb.watchdog set to ''
03-06 16:11:09.867   320   320 I adbd    : persist.sys.test_harness set to ''
03-06 16:11:09.867   320   320 I adbd    : adb watchdog timeout set to 600 seconds
03-06 16:11:09.868   320   326 I adbd    : Waiting for persist.adb.tls_server.enable=1
03-06 16:11:09.868   320   320 I adbd    : adbd started
03-06 16:11:09.868   320   328 I adbd    : opening control endpoint /dev/usb-ffs/adb/ep0
03-06 16:11:09.869   329   329 F libc    : failed to exec crash_dump helper: No such file or directory
03-06 16:11:09.869   320   328 I adbd    : UsbFfsConnection constructed
03-06 16:11:09.904     0     0 I         : [T500328] read descriptors
03-06 16:11:09.904     0     0 I         : [T500328] read strings
03-06 16:11:09.904     0     0 I [T200001] init: processing action (sys.usb.config=adb && sys.usb.configfs=1 && sys.usb.ffs.ready=1) from (/system/etc/init/hw/init.rc:201)
03-06 16:11:09.870   320   330 I adbd    : UsbFfs-monitor thread spawned
03-06 16:11:09.871   318   318 F libc    : crash_dump helper failed to exec, or was killed
03-06 16:11:09.871   318   318 F libc    : failed to wait for crash_dump helper: No child processes
03-06 16:11:09.871   320   330 I adbd    : USB event: FUNCTIONFS_BIND
03-06 16:11:09.906     0     0 I         : [T200001] [MUSB]musb_gadget_start 2596: musb_gadget_start
03-06 16:11:09.906     0     0 I         : [T200001] [MUSB]musb_gadget_pullup 2360: is_on=1, softconnect=0 ++
03-06 16:11:09.906     0     0 I         : [T200001] [MUSB]musb_gadget_pullup 2372: is_on=1, softconnect=0 ++
