03-06 16:11:03.524     0     0 W         : [T100162]  mtk_mmc_dbg
03-06 16:11:03.524     0     0 W         : [T100162]  mtk_mmc_autok
03-06 16:11:03.524     0     0 W         : [T100162]  cqhci
03-06 16:11:03.524     0     0 W         : [T100162]  blocktag
03-06 16:11:03.524     0     0 W         : [T100162]  mac80211
03-06 16:11:03.524     0     0 W         : [T100162]  cfg80211
03-06 16:11:03.524     0     0 W         : [T100162]  leds_mtk_pwm
03-06 16:11:03.524     0     0 W         : [T100162]  leds_mtk_disp
03-06 16:11:03.524     0     0 W         : [T100162]  mediatek_drm
03-06 16:11:03.524     0     0 W         : [T100162]  spi_slave
03-06 16:11:03.524     0     0 W         : [T100162]  cmdq_helper_inf
03-06 16:11:03.524     0     0 W         : [T100162]  mmqos_common
03-06 16:11:03.525     0     0 W         : [T100162]  mtk_mmdvfs_debug
03-06 16:11:03.525     0     0 W         : [T100162]  mtk_mmdvfs
03-06 16:11:03.525     0     0 W         : [T100162]  mtk_disp_notify
03-06 16:11:03.525     0     0 W         : [T100162]  mtk_panel_ext
03-06 16:11:03.525     0     0 W         : [T100162]  clkbuf
03-06 16:11:03.525     0     0 W         : [T100162]  mtk_mml_legacy
03-06 16:11:03.525     0     0 W         : [T100162]  mtk_sync
03-06 16:11:03.525     0     0 W         : [T100162]  mtk_icc_core
03-06 16:11:03.525     0     0 W         : [T100162]  mtk_cmdq_drv_ext
03-06 16:11:03.525     0     0 W         : [T100162]  mmprofile
03-06 16:11:03.525     0     0 W         : [T100162]  irq_dbg
03-06 16:11:03.525     0     0 W         : [T100162]  leds_mtk
03-06 16:11:03.525     0     0 W         : [T100162]  pwm_mtk_disp
03-06 16:11:03.525     0     0 W         : [T100162]  i2c_mt65xx
03-06 16:11:03.525     0     0 W         : [T100162]  system_heap
03-06 16:11:03.525     0     0 W         : [T100162]  mtk_mm_heap
03-06 16:11:03.525     0     0 W         : [T100162]  mtk_iommu
03-06 16:11:03.525     0     0 W         : [T100162]  iommu_secure
03-06 16:11:03.525     0     0 W         : [T100162]  iommu_debug
03-06 16:11:03.525     0     0 W         : [T100162]  mtk_smi_dbg
03-06 16:11:03.525     0     0 W         : [T100162]  mtk_smi
03-06 16:11:03.525     0     0 W         : [T100162]  mtk_emi
03-06 16:11:03.525     0     0 W         : [T100162]  mtk_dvfsrc_regulator
03-06 16:11:03.525     0     0 W         : [T100162]  mtk_dvfsrc
03-06 16:11:03.525     0     0 W         : [T100162]  dvfsrc_opp_mt6768
03-06 16:11:03.525     0     0 W         : [T100162]  mtk_dramc
03-06 16:11:03.525     0     0 W         : [T100162]  emictrl
03-06 16:11:03.525     0     0 W         : [T100162]  emiisu
03-06 16:11:03.525     0     0 W         : [T100162]  emicen
03-06 16:11:03.525     0     0 W         : [T100162]  emimpu
03-06 16:11:03.525     0     0 W         : [T100162]  mt635x_auxadc
03-06 16:11:03.525     0     0 W         : [T100162]  mt6358_regulator
03-06 16:11:03.525     0     0 W         : [T100162]  mt6397
03-06 16:11:03.525     0     0 W         : [T100162]  mtk_pmic_wrap
03-06 16:11:03.525     0     0 W         : [T100162]  pinctrl_mtk_common_v2_debug
03-06 16:11:03.525     0     0 W         : [T100162]  pinctrl_mt6768
03-06 16:11:03.525     0     0 W         : [T100162]  pinctrl_mtk_v2
03-06 16:11:03.525     0     0 W         : [T100162]  8250_mtk
03-06 16:11:03.525     0     0 W         : [T100162]  mtk_uart_apdma
03-06 16:11:03.525     0     0 W         : [T100162]  mtk_pm_domain_disable_unused
03-06 16:11:03.525     0     0 W         : [T100162]  clk_disable_unused
03-06 16:11:03.525     0     0 W         : [T100162]  pd_chk_mt6768
03-06 16:11:03.525     0     0 W         : [T100162]  mtk_scpsys_bringup
03-06 16:11:03.525     0     0 W         : [T100162]  mtk_scpsys_mt6768
03-06 16:11:03.525     0     0 W         : [T100162]  mtk_scpsys
03-06 16:11:03.525     0     0 W         : [T100162]  clk_fmeter_mt6768
03-06 16:11:03.525     0     0 W         : [T100162]  mt6768_clkmgr
03-06 16:11:03.525     0     0 W         : [T100162]  clkdbg_mt6768
03-06 16:11:03.525     0     0 W         : [T100162]  clkchk_mt6768
03-06 16:11:03.525     0     0 W         : [T100162]  device_apc_common_legacy
03-06 16:11:03.525     0     0 W         : [T100162]  clk_mt6768_pg
03-06 16:11:03.525     0     0 W         : [T100162]  clk_mt6768
03-06 16:11:03.525     0     0 W         : [T100162]  clk_common
03-06 16:11:03.525     0     0 W         : [T100162]  mtk_wdt
03-06 16:11:03.525     0     0 W         : [T100162]  nvmem_mtk_devinfo
03-06 16:11:03.525     0     0 W         : [T100162]  mtk_printk_ctrl
03-06 16:11:03.525     0     0 W         : [T100162]  aee_hangdet
03-06 16:11:03.525     0     0 W         : [T100162]  aee_aed
03-06 16:11:03.525     0     0 W         : [T100162]  memory_amms
03-06 16:11:03.525     0     0 W         : [T100162]  mrdump
03-06 16:11:03.525     0     0 W         : [T100162]  bootprof
03-06 16:11:03.525     0     0 W         : [T100162]
03-06 16:11:03.525     0     0 W [T100162] CPU: 1 PID: 162 Comm: kworker/u16:2 Tainted: G        W         5.10.209-android12-9-00016-g7c6bbcca33e1-ab12029497 #1
03-06 16:11:03.525     0     0 W         : [T100162] Hardware name: MT6769 (DT)
03-06 16:11:03.525     0     0 W [T100162] Workqueue: events_unbound async_run_entry_fn.cfi_jt
03-06 16:11:03.525     0     0 W         : [T100162]
03-06 16:11:03.525     0     0 W [T100162] pstate: 60800005 (nZCv daif -PAN +UAO -TCO BTYPE=--)
03-06 16:11:03.525     0     0 W [T100162] pc: proc_register+0x1bc/0x320
03-06 16:11:03.525     0     0 W [T100162] lr: proc_register+0x1b4/0x320
03-06 16:11:03.525     0     0 W [T100162] sp: ffffffc00923baf0
03-06 16:11:03.525     0     0 W [T100162] x29: ffffffc00923baf0
03-06 16:11:03.525     0     0 W [T100162] x28: 0000000000000402
03-06 16:11:03.525     0     0 W         : [T100162]
03-06 16:11:03.525     0     0 W [T100162] x27: ffffffe9a62a1970
03-06 16:11:03.525     0     0 W [T100162] x26: ffffff80cab8c2c8
03-06 16:11:03.525     0     0 W         : [T100162]
03-06 16:11:03.525     0     0 W [T100162] x25: ffffff80c9ef92d0
03-06 16:11:03.525     0     0 W [T100162] x24: ffffff80c1151280
03-06 16:11:03.525     0     0 W         : [T100162]
03-06 16:11:03.525     0     0 W [T100162] x23: 0000000000000009
03-06 16:11:03.525     0     0 W [T100162] x22: ffffff80caae916c
03-06 16:11:03.525     0     0 W         : [T100162]
03-06 16:11:03.525     0     0 W [T100162] x21: ffffffe9ad6df428
03-06 16:11:03.525     0     0 W [T100162] x20: ffffffe9ad6df3a8
03-06 16:11:03.525     0     0 W         : [T100162]
03-06 16:11:03.525     0     0 W [T100162] x19: ffffff80caae90c0
03-06 16:11:03.525     0     0 W [T100162] x18: ffffffc0089ed060
03-06 16:11:03.525     0     0 W         : [T100162]
03-06 16:11:03.525     0     0 W [T100162] x17: 0000000000000000
03-06 16:11:03.525     0     0 W [T100162] x16: 00000000000000d8
03-06 16:11:03.525     0     0 W         : [T100162]
03-06 16:11:03.525     0     0 W [T100162] x15: 0000000000000004
03-06 16:11:03.525     0     0 W [T100162] x14: 000000000000ffff
03-06 16:11:03.525     0     0 W         : [T100162]
03-06 16:11:03.525     0     0 W [T100162] x13: ffffff81578f7fe8
03-06 16:11:03.525     0     0 W [T100162] x12: 0000000000000003
03-06 16:11:03.525     0     0 W         : [T100162]
03-06 16:11:03.525     0     0 W [T100162] x11: 00000000ffffffff
03-06 16:11:03.525     0     0 W [T100162] x10: c0000000fffeffff
03-06 16:11:03.525     0     0 W         : [T100162]
03-06 16:11:03.525     0     0 W [T100162] x9: ffffffe9ad8b9000
03-06 16:11:03.525     0     0 W [T100162] x8: 0000000000000000
03-06 16:11:03.525     0     0 W         : [T100162]
03-06 16:11:03.525     0     0 W [T100162] x7: 342e31202020205b
03-06 16:11:03.525     0     0 W [T100162] x6: ffffffe9ad832e7d
03-06 16:11:03.525     0     0 W         : [T100162]
03-06 16:11:03.525     0     0 W [T100162] x5: ffffffffffffffff
03-06 16:11:03.525     0     0 W [T100162] x4: 0000000000000000
03-06 16:11:03.525     0     0 W         : [T100162]
03-06 16:11:03.525     0     0 W [T100162] x3: ffffffe9acf72703
03-06 16:11:03.525     0     0 W [T100162] x2: 0000000000000000
03-06 16:11:03.525     0     0 W         : [T100162]
03-06 16:11:03.525     0     0 W [T100162] x1: 0000000000000001
03-06 16:11:03.525     0     0 W [T100162] x0: 0000000000000033
03-06 16:11:03.525     0     0 W         : [T100162]
03-06 16:11:03.525     0     0 W         : [T100162] Call trace:
03-06 16:11:03.525     0     0 W         : [T100162]  proc_register+0x1bc/0x320
03-06 16:11:03.525     0     0 W         : [T100162]  proc_create+0xa4/0xe0
03-06 16:11:03.525     0     0 W         : [T100162]  mmc_dbg_register+0x120/0x1e8 [mtk_mmc_dbg]
03-06 16:11:03.525     0     0 W         : [T100162]  msdc_drv_probe+0xc84/0xda0 [mtk_mmc]
03-06 16:11:03.525     0     0 W         : [T100162]  platform_drv_probe+0x60/0x180
03-06 16:11:03.525     9     9 I mtk-dsi 14014000.dsi: Waiting for bridge or panel driver
03-06 16:11:03.525     0     0 W         : [T100162]  really_probe+0x424/0x900
03-06 16:11:03.525     0     0 W         : [T100162]  driver_probe_device+0x184/0x298
03-06 16:11:03.525     0     0 W         : [T100162]  __driver_attach_async_helper+0x64/0xac
03-06 16:11:03.525     0     0 W         : [T100162]  async_run_entry_fn+0x108/0x41c
03-06 16:11:03.525     0     0 W         : [T100162]  process_one_work+0x23c/0x72c
03-06 16:11:03.525     0     0 W         : [T100162]  worker_thread+0x3f4/0x920
03-06 16:11:03.525     0     0 W         : [T100162]  kthread+0x150/0x200
03-06 16:11:03.525     0     0 W         : [T100162]  ret_from_fork+0x10/0x30
03-06 16:11:03.525     0     0 W         : [T100162] ---[ end trace e180de6c5d7dc39f ]---
03-06 16:11:03.525     9     9 D         : probe of 14014000.dsi returned 0 after 254 usecs
03-06 16:11:03.525     0     0 E         : [T100162] mtk-msdc 11230000.mmc: [msdc_drv_probe 3547]ret=0
03-06 16:11:03.526     0     0 D         : [T100162] probe of 11230000.mmc returned 1 after 40482 usecs
03-06 16:11:03.526     9     9 I mtk-dsi 14014000.dsi: Waiting for bridge or panel driver
03-06 16:11:03.527     9     9 D         : probe of 14014000.dsi returned 0 after 240 usecs
03-06 16:11:03.527     0     0 D         : [T700001] calling  init_module.cfi_jt+0x0/0x8 [rpmb] @ 1
03-06 16:11:03.527     0     0 D         : [T700001] initcall init_module.cfi_jt+0x0/0x8 [rpmb] returned 0 after 13 usecs
03-06 16:11:03.527    61    61 I mtk-msdc 11240000.mmc: msdc_cmd_done: cmd=8 arg=000001AA; rsp 00000000; cmd_error=-110; events=00000200
03-06 16:11:03.527    61    61 I mtk-msdc 11240000.mmc: msdc_track_cmd_data: cmd=8 arg=000001AA; host->error=0x00000002
03-06 16:11:03.528    61    61 I mtk-msdc 11240000.mmc: msdc_cmd_done: cmd=55 arg=00000000; rsp 00000000; cmd_error=-110; events=00000200
03-06 16:11:03.528    61    61 I mtk-msdc 11240000.mmc: msdc_track_cmd_data: cmd=55 arg=00000000; host->error=0x00000002
03-06 16:11:03.528     0     0 D         : [T700001] calling  init_module.cfi_jt+0x0/0x8 [sec] @ 1
03-06 16:11:03.528    61    61 I mtk-msdc 11240000.mmc: msdc_cmd_done: cmd=55 arg=00000000; rsp 00000000; cmd_error=-110; events=00000200
03-06 16:11:03.528    61    61 I mtk-msdc 11240000.mmc: msdc_track_cmd_data: cmd=55 arg=00000000; host->error=0x00000002
03-06 16:11:03.529    61    61 I mtk-msdc 11240000.mmc: msdc_cmd_done: cmd=55 arg=00000000; rsp 00000000; cmd_error=-110; events=00000200
03-06 16:11:03.529    61    61 I mtk-msdc 11240000.mmc: msdc_track_cmd_data: cmd=55 arg=00000000; host->error=0x00000002
03-06 16:11:03.529     0     0 D         : [T700001] initcall init_module.cfi_jt+0x0/0x8 [sec] returned 0 after 633 usecs
03-06 16:11:03.530    61    61 I mtk-msdc 11240000.mmc: msdc_cmd_done: cmd=55 arg=00000000; rsp 00000000; cmd_error=-110; events=00000200
03-06 16:11:03.530    61    61 I mtk-msdc 11240000.mmc: msdc_track_cmd_data: cmd=55 arg=00000000; host->error=0x00000002
03-06 16:11:03.530     0     0 D         : [T700001] calling  __cfi_jt_start+0x0/0x8 [sec_rng] @ 1
03-06 16:11:03.530     0     0 D         : [T600001] probe of hwrng returned 1 after 300 usecs
03-06 16:11:03.531     0     0 I [T200193] random: crng init done
03-06 16:11:03.531     0     0 D         : [T600001] initcall __cfi_jt_start+0x0/0x8 [sec_rng] returned 0 after 1374 usecs
03-06 16:11:03.531     0     0 I         : [T100009] mtk-dsi 14014000.dsi: Waiting for bridge or panel driver
03-06 16:11:03.531     0     0 D         : [T100009] probe of 14014000.dsi returned 0 after 264 usecs
03-06 16:11:03.532     0     0 I         : [T400067] mtk-msdc 11230000.mmc: vqmmc is null, not set!
03-06 16:11:03.532     0     0 D         : [T600001] calling  init_module.cfi_jt+0x0/0x8 [rtc_mt6397] @ 1
03-06 16:11:03.533     0     0 I         : [T600001] mt6397-rtc mt6358-rtc: mtk_rtc_probe, bootmode:2
03-06 16:11:03.534     0     0 I         : [T600001] rtc_lpsd_restore_al_mask
03-06 16:11:03.534    61    61 I mtk-msdc 11240000.mmc: init hardware done!
03-06 16:11:03.534     0     0 I         : [T600001] 1st RTC_AL_MASK = 0x10
03-06 16:11:03.534     0     0 I         : [T600001] 2nd RTC_AL_MASK = 0x10
03-06 16:11:03.535     0     0 I         : [T600001] mt6397-rtc mt6358-rtc: read al time = 2025/03/06 19:14:30 (1)
03-06 16:11:03.535     0     0 D         : [T600001] probe of alarmtimer.0.auto returned 1 after 32 usecs
03-06 16:11:03.535     0     0 I         : [T400067] mtk-msdc 11230000.mmc: vqmmc is null, not set!
03-06 16:11:03.535     0     0 I         : [T600001] mt6397-rtc mt6358-rtc: registered as rtc0
03-06 16:11:03.535     0     0 I         : [T600001] mt6397-rtc mt6358-rtc: setting system clock to 2025-03-06T16:11:03 UTC (1741277463)
03-06 16:11:03.535     0     0 D         : [T600001] probe of mt6358-rtc returned 1 after 1572 usecs
03-06 16:11:03.535     0     0 D         : [T600001] initcall init_module.cfi_jt+0x0/0x8 [rtc_mt6397] returned 0 after 2372 usecs
03-06 16:11:03.536     0     0 I         : [T100009] mtk-dsi 14014000.dsi: Waiting for bridge or panel driver
03-06 16:11:03.536     0     0 D         : [T100009] probe of 14014000.dsi returned 0 after 248 usecs
03-06 16:11:03.536     0     0 I         : [T400067] mtk-msdc 11230000.mmc: vqmmc is null, not set!
03-06 16:11:03.539     0     0 D         : [T600001] calling  init_module.cfi_jt+0x0/0x8 [mtk_cqdma] @ 1
03-06 16:11:03.539     0     0 E         : [T600001] mtk_cqdma 10212000.cqdma-controller: No clock for 10212000.cqdma-controller
03-06 16:11:03.539     0     0 W [T600001] mtk_cqdma: probe of 10212000.cqdma-controller failed with error -2
03-06 16:11:03.539     0     0 D         : [T600001] probe of 10212000.cqdma-controller returned 0 after 52 usecs
03-06 16:11:03.540     0     0 D         : [T600001] initcall init_module.cfi_jt+0x0/0x8 [mtk_cqdma] returned 0 after 629 usecs
03-06 16:11:03.540     0     0 D         : [T600001] calling  init_module.cfi_jt+0x0/0x8 [cmdq_platform_mt6768] @ 1
03-06 16:11:03.540     0     0 I         : [T600001] [cmdq] hwid:0 client:0000000000000000
03-06 16:11:03.540     0     0 D         : [T600001] initcall init_module.cfi_jt+0x0/0x8 [cmdq_platform_mt6768] returned 0 after 12 usecs
03-06 16:11:03.541     0     0 D         : [T600001] calling  init_module.cfi_jt+0x0/0x8 [spi_mt65xx] @ 1
03-06 16:11:03.543     0     0 D         : [T600001] probe of 1100a000.spi0 returned 1 after 732 usecs
03-06 16:11:03.543     0     0 D         : [T600001] probe of 11010000.spi1 returned 1 after 381 usecs
03-06 16:11:03.544     0     0 I         : [T100009] mtk-dsi 14014000.dsi: Waiting for bridge or panel driver
03-06 16:11:03.544     0     0 D         : [T100009] probe of 14014000.dsi returned 0 after 248 usecs
03-06 16:11:03.544     0     0 D         : [T600001] probe of 11012000.spi2 returned 1 after 667 usecs
03-06 16:11:03.544     0     0 D         : [T600001] probe of 11013000.spi3 returned 1 after 337 usecs
03-06 16:11:03.545     0     0 D         : [T600001] probe of 11014000.spi4 returned 1 after 444 usecs
03-06 16:11:03.545     0     0 I         : [T100009] mtk-dsi 14014000.dsi: Waiting for bridge or panel driver
03-06 16:11:03.545     0     0 D         : [T100009] probe of 14014000.dsi returned 0 after 231 usecs
03-06 16:11:03.545     0     0 D         : [T600001] probe of 11015000.spi5 returned 1 after 257 usecs
03-06 16:11:03.546     0     0 I         : [T100009] mtk-dsi 14014000.dsi: Waiting for bridge or panel driver
03-06 16:11:03.546     0     0 D         : [T100009] probe of 14014000.dsi returned 0 after 237 usecs
03-06 16:11:03.546     0     0 D         : [T600001] initcall init_module.cfi_jt+0x0/0x8 [spi_mt65xx] returned 0 after 4527 usecs
03-06 16:11:03.547     0     0 D         : [T600001] calling  __cfi_jt_start+0x0/0x8 [mt6370] @ 1
03-06 16:11:03.547     0     0 D         : [T600001] initcall __cfi_jt_start+0x0/0x8 [mt6370] returned 0 after 65 usecs
03-06 16:11:03.548     0     0 D         : [T600001] calling  init_module.cfi_jt+0x0/0x8 [extdev_io_class] @ 1
03-06 16:11:03.548     0     0 I         : [T600001] extdev_io_class_init
03-06 16:11:03.548     0     0 I         : [T600001] extdev_io class init OK
03-06 16:11:03.548     0     0 D         : [T600001] initcall init_module.cfi_jt+0x0/0x8 [extdev_io_class] returned 0 after 28 usecs
03-06 16:11:03.548     0     0 D         : [T600001] calling  __cfi_jt_start+0x0/0x8 [mt6370_regulator] @ 1
03-06 16:11:03.549     0     0 D         : [T600001] initcall __cfi_jt_start+0x0/0x8 [mt6370_regulator] returned 0 after 365 usecs
03-06 16:11:03.549     0     0 D         : [T600001] calling  init_module.cfi_jt+0x0/0x8 [mt6370_adc] @ 1
03-06 16:11:03.550     0     0 D         : [T600001] initcall init_module.cfi_jt+0x0/0x8 [mt6370_adc] returned 0 after 493 usecs
03-06 16:11:03.551     0     0 D         : [T600001] calling  init_module.cfi_jt+0x0/0x8 [mt6370_backlight] @ 1
03-06 16:11:03.551     0     0 D         : [T600001] initcall init_module.cfi_jt+0x0/0x8 [mt6370_backlight] returned 0 after 547 usecs
03-06 16:11:03.551    61    61 I mtk-msdc 11240000.mmc: sclk: 299999, timing: 0
03-06 16:11:03.552     0     0 D         : [T600001] calling  __cfi_jt_start+0x0/0x8 [mtk_pmic_keys] @ 1
03-06 16:11:03.553     0     0 I [T600001] input: mtk-pmic-keys as /devices/platform/1000d000.pwrap/1000d000.pwrap:mt6358-pmic/mtk-pmic-keys/input/input0
03-06 16:11:03.553     0     0 D         : [T600001] probe of mtk-pmic-keys returned 1 after 369 usecs
03-06 16:11:03.553     0     0 D         : [T600001] initcall __cfi_jt_start+0x0/0x8 [mtk_pmic_keys] returned 0 after 1236 usecs
03-06 16:11:03.554     0     0 D         : [T700001] calling  init_module.cfi_jt+0x0/0x8 [mtk_kpd] @ 1
03-06 16:11:03.554     0     0 I         : [T100009] mtk-dsi 14014000.dsi: Waiting for bridge or panel driver
03-06 16:11:03.554     0     0 D         : [T100009] probe of 14014000.dsi returned 0 after 260 usecs
03-06 16:11:03.554     0     0 E         : [T700001] read mediatek,use-extend-type error.
03-06 16:11:03.554     0     0 I [T700001] input: mtk-kpd as /devices/platform/10010000.kp/input/input1
03-06 16:11:03.555     0     0 D         : [T700001] probe of 10010000.kp returned 1 after 442 usecs
03-06 16:11:03.555     0     0 I         : [T100009] mtk-dsi 14014000.dsi: Waiting for bridge or panel driver
03-06 16:11:03.556     0     0 D         : [T100009] probe of 14014000.dsi returned 0 after 215 usecs
03-06 16:11:03.556     0     0 D         : [T700001] initcall init_module.cfi_jt+0x0/0x8 [mtk_kpd] returned 0 after 1672 usecs
03-06 16:11:03.557     0     0 D         : [T700001] calling  init_module.cfi_jt+0x0/0x8 [phy_generic] @ 1
03-06 16:11:03.557     0     0 D         : [T700001] initcall init_module.cfi_jt+0x0/0x8 [phy_generic] returned 0 after 531 usecs
03-06 16:11:03.559     0     0 D         : [T700001] calling  __cfi_jt_start+0x0/0x8 [phy_mtk_tphy] @ 1
03-06 16:11:03.560     0     0 I         : [T700001] mtk-tphy 11cc0000.usb-phy: failed to get ippc resource(id-0)
03-06 16:11:04.906   279   279 E recovery: [libfs_mgr]Error parsing fs_mgr_options
03-06 16:11:03.560     0     0 D         : [T700001] probe of 11cc0000.usb-phy returned 1 after 341 usecs
03-06 16:11:04.907   279   279 E recovery: [libfs_mgr]ReadFstabFromFile(): failed to load fstab from : '/etc/recovery.fstab'
03-06 16:11:03.561     0     0 D         : [T700001] initcall __cfi_jt_start+0x0/0x8 [phy_mtk_tphy] returned 0 after 1730 usecs
03-06 16:11:04.907   279   279 I recovery: [libfs_mgr]ReadDefaultFstab(): failed to find device default fstab
03-06 16:11:03.561     0     0 I         : [T100009] mtk-dsi 14014000.dsi: Waiting for bridge or panel driver
03-06 16:11:04.907   279   279 E recovery: failed to read default fstab
03-06 16:11:04.907   279   279 E recovery: [libfs_mgr]Error parsing fs_mgr_options
03-06 16:11:03.561     0     0 D         : [T100009] probe of 14014000.dsi returned 0 after 230 usecs
03-06 16:11:04.907   279   279 E recovery: [libfs_mgr]ReadFstabFromFile(): failed to load fstab from : '/etc/recovery.fstab'
03-06 16:11:03.562     0     0 D         : [T600001] calling  init_module.cfi_jt+0x0/0x8 [pd_dbg_info] @ 1
03-06 16:11:04.907   279   279 I recovery: [libfs_mgr]ReadDefaultFstab(): failed to find device default fstab
03-06 16:11:03.562     0     0 I         : [T600001] pd_dbg_info_init ++
03-06 16:11:04.907   279   279 E recovery: Failed to set BCB message: failed to read default fstab
03-06 16:11:03.562     0     0 D         : [T600001] initcall init_module.cfi_jt+0x0/0x8 [pd_dbg_info] returned 0 after 10 usecs
03-06 16:11:03.565     0     0 D         : [T600001] calling  init_module.cfi_jt+0x0/0x8 [charger_class] @ 1
03-06 16:11:03.565     0     0 D         : [T600001] initcall init_module.cfi_jt+0x0/0x8 [charger_class] returned 0 after 15 usecs
03-06 16:11:03.569    61    61 I mtk-msdc 11240000.mmc: msdc_cmd_done: cmd=8 arg=000001AA; rsp 00000000; cmd_error=-110; events=00000200
03-06 16:11:03.569    61    61 I mtk-msdc 11240000.mmc: msdc_track_cmd_data: cmd=8 arg=000001AA; host->error=0x00000002
03-06 16:11:03.570    61    61 I mtk-msdc 11240000.mmc: msdc_cmd_done: cmd=55 arg=00000000; rsp 00000000; cmd_error=-110; events=00000200
03-06 16:11:03.570    61    61 I mtk-msdc 11240000.mmc: msdc_track_cmd_data: cmd=55 arg=00000000; host->error=0x00000002
03-06 16:11:03.571    61    61 I mtk-msdc 11240000.mmc: msdc_cmd_done: cmd=55 arg=00000000; rsp 00000000; cmd_error=-110; events=00000200
03-06 16:11:03.571    61    61 I mtk-msdc 11240000.mmc: msdc_track_cmd_data: cmd=55 arg=00000000; host->error=0x00000002
03-06 16:11:03.571    61    61 I mtk-msdc 11240000.mmc: msdc_cmd_done: cmd=55 arg=00000000; rsp 00000000; cmd_error=-110; events=00000200
03-06 16:11:03.571    61    61 I mtk-msdc 11240000.mmc: msdc_track_cmd_data: cmd=55 arg=00000000; host->error=0x00000002
03-06 16:11:03.572    61    61 I mtk-msdc 11240000.mmc: msdc_cmd_done: cmd=55 arg=00000000; rsp 00000000; cmd_error=-110; events=00000200
03-06 16:11:03.572    61    61 I mtk-msdc 11240000.mmc: msdc_track_cmd_data: cmd=55 arg=00000000; host->error=0x00000002
03-06 16:11:03.573     0     0 D         : [T600001] calling  init_module.cfi_jt+0x0/0x8 [tcpc_class] @ 1
03-06 16:11:03.573     0     0 I         : [T600001] tcpc_class_init (2.0.24_MTK)
03-06 16:11:03.573     0     0 I         : [T600001] Init Richtek RegMap 1.2.1_G
03-06 16:11:03.573     0     0 I [T600001] size: 0x3 tag:0x41000802 mode:0x2 type:0x1
03-06 16:11:03.573     0     0 I         : [T600001] TCPC class init OK
03-06 16:11:03.574     0     0 D         : [T600001] initcall init_module.cfi_jt+0x0/0x8 [tcpc_class] returned 0 after 70 usecs
03-06 16:11:03.576    61    61 I mtk-msdc 11240000.mmc: init hardware done!
03-06 16:11:03.581     0     0 D         : [T600001] calling  init_module.cfi_jt+0x0/0x8 [musb_hdrc] @ 1
03-06 16:11:03.582     0     0 E [T600001] is_lcm_get: bootargs: console=tty0 root=/dev/ram vmalloc=400M swiotlb=noforce 8250.nr_uarts=2 cgroup.memory=nosocket,nokmem firmware_class.path=/vendor/firmware loop.max_part=7 initcall_debug=1 pelt=8 transparent_hugepage=never has_battery_removed=0 loop.max_part=7 is_lcm_connected=1 ramoops.mem_address=0x4d010000 ramoops.mem_size=0xe0000 ramoops.pmsg_size=0x10000 ramoops.console_size=0x40000 bootopt=64S3,32N2,64N2 root=/dev/ram mtk_printk_ctrl.disable_uart=1 lcm_name=dsi_panel_c3n_43_02_0a_dsc_vdo lcm_lockdown_info=47433202514e5700 lcm_white_point=827979 lcm_lockdown_info=47433202514e5700 lcm_white_point=827979 lcm_120Hz_enabled=1 lk_temp=36 log_buf_len=2M aee_aed.pureason=rtc gpt=1 usb2jtag_mode=0 bootconfig
03-06 16:11:03.582     0     0 W         : [T600001] usb_phy_generic usb_phy_generic.1.auto: supply vcc not found, using dummy regulator
03-06 16:11:03.582     0     0 W         : [T600001] usb_phy_generic usb_phy_generic.1.auto: dummy supplies not allowed for exclusive requests
03-06 16:11:03.582     0     0 D         : [T600001] probe of usb_phy_generic.1.auto returned 1 after 175 usecs
03-06 16:11:03.583     0     0 I         : [T600001] [MUSB]musb_probe 4684: keep musb->power & mtk_usb_power in the same value
03-06 16:11:03.583     0     0 I         : [T600001] [MUSB]musb_probe 4751: get dr_mode: 3
03-06 16:11:03.583     0     0 W         : [T600001] mt_usb mt_usb: supply vbus not found, using dummy regulator
03-06 16:11:03.583     0     0 I         : [T600001] [MUSB]musb_probe 4791: USB probe done!
03-06 16:11:03.583     0     0 D         : [T600001] probe of mt_usb returned 1 after 1137 usecs
03-06 16:11:03.584     0     0 I         : [T100009] mtk-dsi 14014000.dsi: Waiting for bridge or panel driver
03-06 16:11:03.584     0     0 D         : [T600001] initcall init_module.cfi_jt+0x0/0x8 [musb_hdrc] returned 0 after 2357 usecs
03-06 16:11:03.584     0     0 D         : [T100009] probe of 14014000.dsi returned 0 after 270 usecs
03-06 16:11:03.585     0     0 D         : [T600001] calling  init_module.cfi_jt+0x0/0x8 [musb_main] @ 1
03-06 16:11:03.585     0     0 I [T600001] musb-hdrc: version 6.0, ?dma?, otg (peripheral+host)
03-06 16:11:03.585     0     0 I         : [T600001] musb_probe mac=0xffffffc008ca0000, phy=0xffffffc008d10000, irq=119
03-06 16:11:03.585     0     0 I         : [T700001] [MUSB]musb_init_controller 2400: musb->mtk_usb_phy_offset : 0x800
03-06 16:11:03.586     0     0 I         : [T700001] [MUSB]spm_resource_req_usb 3020: spm_resource_req() function not ready!!!
03-06 16:11:03.586     0     0 I         : [T700001] [MUSB]usb_spm_dpidle_request 3050: USB_DPIDLE_FORBIDDEN, skip_cnt<0>
03-06 16:11:03.586     0     0 I         : [T700001] [MUSB]spm_resource_req_usb 3020: spm_resource_req() function not ready!!!
03-06 16:11:03.586     0     0 I         : [T700001] [MUSB]usb_spm_dpidle_request 3043: USB_DPIDLE_ALLOWED, skip_cnt<0>
03-06 16:11:03.586     0     0 I         : [T700001] [MUSB]spm_resource_req_usb 3020: spm_resource_req() function not ready!!!
03-06 16:11:03.586     0     0 I         : [T700001] [MUSB]spm_resource_req_usb 3020: spm_resource_req() function not ready!!!
03-06 16:11:03.586     0     0 I         : [T700001] phy phy-11cc0000.usb-phy.1: phy_efuse_set, intr_cal=0x14
03-06 16:11:03.586     0     0 I         : [T700001] phy phy-11cc0000.usb-phy.1: bc12:0, src:0, vrt:7, term:7, intr:0
03-06 16:11:03.586     0     0 I         : [T700001] phy phy-11cc0000.usb-phy.1: disc:10 rx_sqth:0
03-06 16:11:03.586     0     0 I         : [T700001] phy phy-11cc0000.usb-phy.1: rev4:0, rev6:3
03-06 16:11:03.586     0     0 I         : [T700001] mtk-tphy 11cc0000.usb-phy: u2_phy_instance_set_mode mode(11), submode(0)
03-06 16:11:03.587     0     0 I         : [T700001] mtk-tphy 11cc0000.usb-phy: u2_phy_instance_power_on(0)
03-06 16:11:03.587     0     0 I         : [T700001] phy phy-11cc0000.usb-phy.1: bc12:0, src:0, vrt:7, term:7, intr:0
03-06 16:11:03.587     0     0 I         : [T700001] phy phy-11cc0000.usb-phy.1: disc:10 rx_sqth:0
03-06 16:11:03.587     0     0 I         : [T700001] phy phy-11cc0000.usb-phy.1: rev4:0, rev6:3
03-06 16:11:03.587     0     0 I         : [T700001] [MUSB]spm_resource_req_usb 3020: spm_resource_req() function not ready!!!
03-06 16:11:03.587     0     0 I         : [T700001] [MUSB]spm_resource_req_usb 3020: spm_resource_req() function not ready!!!
03-06 16:11:03.587     0     0 I         : [T700001] [MUSB]spm_resource_req_usb 3020: spm_resource_req() function not ready!!!
03-06 16:11:03.587     0     0 I         : [T700001] [MUSB]spm_resource_req_usb 3020: spm_resource_req() function not ready!!!
03-06 16:11:03.587     0     0 I         : [T700001] [MUSB]mt_usb_init 4451: musb platform init ff00
03-06 16:11:03.587     0     0 I         : [T700001] [MUSB]spm_resource_req_usb 3020: spm_resource_req() function not ready!!!
03-06 16:11:03.587     0     0 I         : [T700001] [MUSB]spm_resource_req_usb 3020: spm_resource_req() function not ready!!!
03-06 16:11:03.587     0     0 I         : [T700001] [MUSB]mt_usb_otg_init 610: host controlled by TYPEC
03-06 16:11:03.587     0     0 I         : [T700001] [MUSB]mt_usb_otg_init 613: host controlled by IDDIG
03-06 16:11:03.588     0     0 I         : [T700001] [MUSB]mt_usb_wakeup_init 3377: Support remote wakeup
03-06 16:11:03.588     0     0 I         : [T700001] [MUSB]mt_usb_wakeup_init 3413: usb wakeup init successful
03-06 16:11:03.588     0     0 I         : [T700001] [MUSB]mt_usb_init 4490: mt_usb_init done
03-06 16:11:03.588     0     0 I         : [T700001] [MUSB]mt_usb_enable 3813: begin <0,0>,<1,0,0,0>
03-06 16:11:03.588     0     0 I         : [T700001] [MUSB]spm_resource_req_usb 3020: spm_resource_req() function not ready!!!
03-06 16:11:03.594    61    61 I mtk-msdc 11240000.mmc: sclk: 199999, timing: 0
03-06 16:11:03.598     0     0 I         : [T700001] [MUSB]mt_usb_enable 3840: end, <1,0,1,0>
03-06 16:11:03.598     0     0 I         : [T700001] sizeof(struct TGPD):16
03-06 16:11:03.600     0     0 I         : [T600001] musb-hdrc musb-hdrc: MUSB HDRC host driver
03-06 16:11:03.600     0     0 I         : [T600001] musb-hdrc musb-hdrc: new USB bus registered, assigned bus number 2
03-06 16:11:03.600     0     0 I         : [T600001] usb usb2: New USB device found, idVendor=1d6b, idProduct=0002, bcdDevice= 5.10
03-06 16:11:03.600     0     0 I         : [T600001] usb usb2: New USB device strings: Mfr=3, Product=2, SerialNumber=1
03-06 16:11:03.600     0     0 I         : [T600001] usb usb2: Product: MUSB HDRC host driver
03-06 16:11:03.600     0     0 I         : [T600001] usb usb2: Manufacturer: Linux 5.10.209-android12-9-00016-g7c6bbcca33e1-ab12029497 musb-hcd
03-06 16:11:03.600     0     0 I         : [T600001] usb usb2: SerialNumber: musb-hdrc
03-06 16:11:03.600     0     0 I         : [T600001] hub 2-0:1.0: USB hub found
03-06 16:11:03.600     0     0 I         : [T600001] hub 2-0:1.0: 1 port detected
03-06 16:11:03.600     0     0 I         : [T600001] [MUSB]musb_hub_control 392: try to call musb_start in virthub
03-06 16:11:03.600     0     0 D         : [T600001] probe of 2-0:1.0 returned 1 after 157 usecs
03-06 16:11:03.601     0     0 D         : [T600001] probe of usb2 returned 1 after 270 usecs
03-06 16:11:03.601     0     0 I         : [T600001] mt_usb mt_usb: role_sx_set role 0, latest_role: 0
03-06 16:11:03.601     0     0 I         : [T600001] musb-hdrc musb-hdrc: mailbox VBUS_OFF
03-06 16:11:03.601     0     0 E [T600001] regulator-dummy: Underflow of regulator enable count
03-06 16:11:03.601     0     0 I         : [T600001] [MUSB]mt_usb_disconnect 4080: [MUSB] USB disconnect
03-06 16:11:03.601     0     0 I         : [T600001] [MUSB]issue_connection_work 4067: issue work, ops<0>
03-06 16:11:03.601     0     0 I         : [T600001] mt_usb mt_usb: mt_usb_role_sx_set: if vbus_event false
03-06 16:11:03.601     0     0 I         : [T300162] [MUSB]do_connection_work 3973: is_host<0>, power<1>, ops<0>
03-06 16:11:03.601     0     0 I         : [T300162] [MUSB]cmode_effect_on 3960: cable_mode=1, effect=0
03-06 16:11:03.601     0     0 I         : [T300162] [MUSB]set_usb_phy_mode 110: force PHY to mode 0, 0x6c=3f11
03-06 16:11:03.601     0     0 I         : [T300162] CH0(0x204)=0x4600
03-06 16:11:03.601     0     0 I         : [T300162] [MUSB]mt_usb_disable 3851: begin, <1,1>,<1,1,1,0>
03-06 16:11:03.601     0     0 I         : [T300162] [MUSB]spm_resource_req_usb 3020: spm_resource_req() function not ready!!!
03-06 16:11:03.601     0     0 I         : [T300162] [MUSB]mt_usb_disable 3861: end, <1,1,1,1>
03-06 16:11:03.601     0     0 I         : [T300162] [MUSB]musb_stop 1467: HDRC disabled
03-06 16:11:03.601     0     0 I         : [T300162] [MUSB]do_connection_work 4025: lock not active
03-06 16:11:03.601     0     0 I         : [T100009] mtk-dsi 14014000.dsi: Waiting for bridge or panel driver
03-06 16:11:03.602     0     0 D         : [T100009] probe of 14014000.dsi returned 0 after 243 usecs
03-06 16:11:03.604     0     0 I         : [T600001] mtk-tphy 11cc0000.usb-phy: u2_phy_instance_power_off(0)
03-06 16:11:03.604     0     0 W         : [T600001] ------------[ cut here ]------------
03-06 16:11:03.604     0     0 W         : [T600001] proc_dir_entry '/proc/mtk_usb' already registered
03-06 16:11:03.604     0     0 W [T600001] WARNING: CPU: 6 PID: 1 at fs/proc/generic.c:382 proc_register+0x1bc/0x320
03-06 16:11:03.604     0     0 W         : [T600001] Modules linked in:
03-06 16:11:03.604     0     0 W         : [T600001]  musb_main(+)
03-06 16:11:03.604     0     0 W         : [T600001]  musb_hdrc
03-06 16:11:03.604     0     0 W         : [T600001]  tcpc_class
03-06 16:11:03.604     0     0 W         : [T600001]  charger_class
03-06 16:11:03.604     0     0 W         : [T600001]  pd_dbg_info
03-06 16:11:03.604     0     0 W         : [T600001]  phy_mtk_tphy
03-06 16:11:03.604     0     0 W         : [T600001]  phy_generic
03-06 16:11:03.604     0     0 W         : [T600001]  mtk_kpd
03-06 16:11:03.604     0     0 W         : [T600001]  mtk_pmic_keys
03-06 16:11:03.604     0     0 W         : [T600001]  mt6370_backlight
03-06 16:11:03.604     0     0 W         : [T600001]  mt6370_adc
03-06 16:11:03.604     0     0 W         : [T600001]  mt6370_regulator
03-06 16:11:03.604     0     0 W         : [T600001]  extdev_io_class
03-06 16:11:03.604     0     0 W         : [T600001]  mt6370
03-06 16:11:03.604     0     0 W         : [T600001]  spi_mt65xx
03-06 16:11:03.604     0     0 W         : [T600001]  cmdq_platform_mt6768
03-06 16:11:03.604     0     0 W         : [T600001]  mtk_cqdma
03-06 16:11:03.604     0     0 W         : [T600001]  mtk_tinysys_ipi
03-06 16:11:03.604     0     0 W         : [T600001]  mtk_rpmsg_mbox
03-06 16:11:03.604     0     0 W         : [T600001]  mtk_mbox
03-06 16:11:03.604     0     0 W         : [T600001]  rtc_mt6397
03-06 16:11:03.604     0     0 W         : [T600001]  sec_rng
03-06 16:11:03.604     0     0 W         : [T600001]  sec
03-06 16:11:03.604     0     0 W         : [T600001]  rpmb
03-06 16:11:03.604     0     0 W         : [T600001]  mtk_mmc
03-06 16:11:03.604     0     0 W         : [T600001]  rpmb_mtk
03-06 16:11:03.604     0     0 W         : [T600001]  mcDrvModule
03-06 16:11:03.604     0     0 W         : [T600001]  gpapi
03-06 16:11:03.604     0     0 W         : [T600001]  mtk_mmc_dbg
03-06 16:11:03.604     0     0 W         : [T600001]  mtk_mmc_autok
03-06 16:11:03.604     0     0 W         : [T600001]  cqhci
03-06 16:11:03.604     0     0 W         : [T600001]  blocktag
03-06 16:11:03.604     0     0 W         : [T600001]  mac80211
03-06 16:11:03.604     0     0 W         : [T600001]  cfg80211
03-06 16:11:03.604     0     0 W         : [T600001]  leds_mtk_pwm
03-06 16:11:03.604     0     0 W         : [T600001]  leds_mtk_disp
03-06 16:11:03.604     0     0 W         : [T600001]  mediatek_drm
03-06 16:11:03.604     0     0 W         : [T600001]  spi_slave
03-06 16:11:03.604     0     0 W         : [T600001]  cmdq_helper_inf
03-06 16:11:03.604     0     0 W         : [T600001]  mmqos_common
03-06 16:11:03.604     0     0 W         : [T600001]  mtk_mmdvfs_debug
03-06 16:11:03.604     0     0 W         : [T600001]  mtk_mmdvfs
03-06 16:11:03.604     0     0 W         : [T600001]  mtk_disp_notify
03-06 16:11:03.604     0     0 W         : [T600001]  mtk_panel_ext
03-06 16:11:03.604     0     0 W         : [T600001]  clkbuf
03-06 16:11:03.604     0     0 W         : [T600001]  mtk_mml_legacy
03-06 16:11:03.604     0     0 W         : [T600001]  mtk_sync
03-06 16:11:03.604     0     0 W         : [T600001]  mtk_icc_core
03-06 16:11:03.604     0     0 W         : [T600001]  mtk_cmdq_drv_ext
03-06 16:11:03.604     0     0 W         : [T600001]  mmprofile
03-06 16:11:03.604     0     0 W         : [T600001]  irq_dbg
03-06 16:11:03.604     0     0 W         : [T600001]  leds_mtk
03-06 16:11:03.604     0     0 W         : [T600001]  pwm_mtk_disp
03-06 16:11:03.604     0     0 W         : [T600001]  i2c_mt65xx
03-06 16:11:03.604     0     0 W         : [T600001]  system_heap
03-06 16:11:03.604     0     0 W         : [T600001]  mtk_mm_heap
03-06 16:11:03.604     0     0 W         : [T600001]  mtk_iommu
03-06 16:11:03.604     0     0 W         : [T600001]  iommu_secure
03-06 16:11:03.604     0     0 W         : [T600001]  iommu_debug
03-06 16:11:03.604     0     0 W         : [T600001]  mtk_smi_dbg
03-06 16:11:03.604     0     0 W         : [T600001]  mtk_smi
03-06 16:11:03.604     0     0 W         : [T600001]  mtk_emi
03-06 16:11:03.604     0     0 W         : [T600001]  mtk_dvfsrc_regulator
03-06 16:11:03.604     0     0 W         : [T600001]  mtk_dvfsrc
03-06 16:11:03.604     0     0 W         : [T600001]  dvfsrc_opp_mt6768
03-06 16:11:03.604     0     0 W         : [T600001]  mtk_dramc
03-06 16:11:03.604     0     0 W         : [T600001]  emictrl
03-06 16:11:03.604     0     0 W         : [T600001]  emiisu
03-06 16:11:03.604     0     0 W         : [T600001]  emicen
03-06 16:11:03.604     0     0 W         : [T600001]  emimpu
03-06 16:11:03.604     0     0 W         : [T600001]  mt635x_auxadc
03-06 16:11:03.604     0     0 W         : [T600001]  mt6358_regulator
03-06 16:11:03.604     0     0 W         : [T600001]  mt6397
03-06 16:11:03.604     0     0 W         : [T600001]  mtk_pmic_wrap
03-06 16:11:03.604     0     0 W         : [T600001]  pinctrl_mtk_common_v2_debug
03-06 16:11:03.604     0     0 W         : [T600001]  pinctrl_mt6768
03-06 16:11:03.604     0     0 W         : [T600001]  pinctrl_mtk_v2
03-06 16:11:03.604     0     0 W         : [T600001]  8250_mtk
03-06 16:11:03.604     0     0 W         : [T600001]  mtk_uart_apdma
03-06 16:11:03.604     0     0 W         : [T600001]  mtk_pm_domain_disable_unused
03-06 16:11:03.604     0     0 W         : [T600001]  clk_disable_unused
03-06 16:11:03.604     0     0 W         : [T600001]  pd_chk_mt6768
03-06 16:11:03.604     0     0 W         : [T600001]  mtk_scpsys_bringup
03-06 16:11:03.604     0     0 W         : [T600001]  mtk_scpsys_mt6768
03-06 16:11:03.604     0     0 W         : [T600001]  mtk_scpsys
03-06 16:11:03.604     0     0 W         : [T600001]  clk_fmeter_mt6768
03-06 16:11:03.604     0     0 W         : [T600001]  mt6768_clkmgr
03-06 16:11:03.604     0     0 W         : [T600001]  clkdbg_mt6768
03-06 16:11:03.604     0     0 W         : [T600001]  clkchk_mt6768
03-06 16:11:03.604     0     0 W         : [T600001]  device_apc_common_legacy
03-06 16:11:03.604     0     0 W         : [T600001]  clk_mt6768_pg
03-06 16:11:03.604     0     0 W         : [T600001]  clk_mt6768
03-06 16:11:03.604     0     0 W         : [T600001]  clk_common
03-06 16:11:03.604     0     0 W         : [T600001]  mtk_wdt
03-06 16:11:03.604     0     0 W         : [T600001]  nvmem_mtk_devinfo
03-06 16:11:03.604     0     0 W         : [T600001]  mtk_printk_ctrl
03-06 16:11:03.604     0     0 W         : [T600001]  aee_hangdet
03-06 16:11:03.604     0     0 W         : [T600001]  aee_aed
03-06 16:11:03.604     0     0 W         : [T600001]  memory_amms
03-06 16:11:03.604     0     0 W         : [T600001]  mrdump
03-06 16:11:03.604     0     0 W         : [T600001]  bootprof
03-06 16:11:03.604     0     0 W         : [T600001]
03-06 16:11:03.604     0     0 W [T600001] CPU: 6 PID: 1 Comm: init Tainted: G        W         5.10.209-android12-9-00016-g7c6bbcca33e1-ab12029497 #1
03-06 16:11:03.604     0     0 W         : [T600001] Hardware name: MT6769 (DT)
03-06 16:11:03.604     0     0 W [T600001] pstate: 60400005 (nZCv daif +PAN -UAO -TCO BTYPE=--)
03-06 16:11:03.604     0     0 W [T600001] pc: proc_register+0x1bc/0x320
03-06 16:11:03.604     0     0 W [T600001] lr: proc_register+0x1b4/0x320
03-06 16:11:03.604     0     0 W [T600001] sp: ffffffc00809b610
03-06 16:11:03.604     0     0 W [T600001] x29: ffffffc00809b610
03-06 16:11:03.604     0     0 W [T600001] x28: ffffffe9a695bfc0
03-06 16:11:03.604     0     0 W         : [T600001]
03-06 16:11:03.604     0     0 W [T600001] x27: ffffff80cb0df680
03-06 16:11:03.604     0     0 W [T600001] x26: ffffff80cab0cf88
03-06 16:11:03.604     0     0 W         : [T600001]
03-06 16:11:03.604     0     0 W [T600001] x25: ffffff80c11ffed8
03-06 16:11:03.604     0     0 W [T600001] x24: ffffff80c017a500
03-06 16:11:03.604     0     0 W         : [T600001]
03-06 16:11:03.604     0     0 W [T600001] x23: 0000000000000007
03-06 16:11:03.604     0     0 W [T600001] x22: ffffff80cac5b82c
03-06 16:11:03.604     0     0 W         : [T600001]
03-06 16:11:03.604     0     0 W [T600001] x21: ffffffe9ad6df428
03-06 16:11:03.604     0     0 W [T600001] x20: ffffffe9ad6df3a8
03-06 16:11:03.604     0     0 W         : [T600001]
03-06 16:11:03.604     0     0 W [T600001] x19: ffffff80cac5b780
03-06 16:11:03.604     0     0 W [T600001] x18: ffffffc0080930a8
03-06 16:11:03.604     0     0 W         : [T600001]
03-06 16:11:03.604     0     0 W [T600001] x17: 0000000000000000
03-06 16:11:03.604     0     0 W [T600001] x16: 00000000000000d8
03-06 16:11:03.604     0     0 W         : [T600001]
03-06 16:11:03.604     0     0 W [T600001] x15: 0000000000000004
03-06 16:11:03.604     0     0 W [T600001] x14: 000000000000ffff
03-06 16:11:03.604     0     0 W         : [T600001]
03-06 16:11:03.604     0     0 W [T600001] x13: ffffff81578f7fe8
03-06 16:11:03.604     0     0 W [T600001] x12: 0000000000000003
03-06 16:11:03.604     0     0 W         : [T600001]
03-06 16:11:03.604     0     0 W [T600001] x11: 00000000ffffffff
03-06 16:11:03.604     0     0 W [T600001] x10: c0000000fffeffff
03-06 16:11:03.604     0     0 W         : [T600001]
03-06 16:11:03.604     0     0 W [T600001] x9: ffffffe9ad8b9000
03-06 16:11:03.604     0     0 W [T600001] x8: 0000000000000000
03-06 16:11:03.604     0     0 W         : [T600001]
03-06 16:11:03.604     0     0 W [T600001] x7: 342e31202020205b
03-06 16:11:03.604     0     0 W [T600001] x6: ffffffe9ad832e7d
03-06 16:11:03.604     0     0 W         : [T600001]
03-06 16:11:03.604     0     0 W [T600001] x5: ffffffffffffffff
03-06 16:11:03.604     0     0 W [T600001] x4: 0000000000000000
03-06 16:11:03.604     0     0 W         : [T600001]
03-06 16:11:03.604     0     0 W [T600001] x3: ffffffe9acf72703
03-06 16:11:03.604     0     0 W [T600001] x2: 0000000000000000
03-06 16:11:03.604     0     0 W         : [T600001]
03-06 16:11:03.604     0     0 W [T600001] x1: 0000000000000001
03-06 16:11:03.604     0     0 W [T600001] x0: 0000000000000031
03-06 16:11:03.604     0     0 W         : [T600001]
03-06 16:11:03.604     0     0 W         : [T600001] Call trace:
03-06 16:11:03.604     0     0 W         : [T600001]  proc_register+0x1bc/0x320
03-06 16:11:03.604     0     0 W         : [T600001]  proc_mkdir+0x64/0x90
03-06 16:11:03.604     0     0 W         : [T600001]  musb_init_debugfs+0x2c/0x194 [musb_hdrc]
03-06 16:11:03.605     0     0 W         : [T600001]  musb_init_controller+0xc9c/0xf18 [musb_hdrc]
03-06 16:11:03.605     0     0 W         : [T600001]  musb_probe+0x118/0x120 [musb_main]
03-06 16:11:03.605     0     0 W         : [T600001]  platform_drv_probe+0x60/0x180
03-06 16:11:03.605     0     0 W         : [T600001]  really_probe+0x424/0x900
03-06 16:11:03.605     0     0 W         : [T600001]  driver_probe_device+0x184/0x298
03-06 16:11:03.605     0     0 W         : [T600001]  device_driver_attach+0x70/0xb4
03-06 16:11:03.605     0     0 W         : [T600001]  __driver_attach+0x1b4/0x27c
03-06 16:11:03.605     0     0 W         : [T600001]  bus_add_driver+0x1d4/0x498
03-06 16:11:03.605     0     0 W         : [T600001]  driver_register+0x84/0x178
03-06 16:11:03.605     0     0 W         : [T600001]  __platform_driver_register+0x4c/0x5c
03-06 16:11:03.605     0     0 W         : [T600001]  init_module+0x24/0xfe8 [musb_main]
03-06 16:11:03.605     0     0 W         : [T600001]  do_one_initcall+0x114/0x458
03-06 16:11:03.605     0     0 W         : [T600001]  do_init_module+0x64/0x8cc
03-06 16:11:03.605     0     0 W         : [T600001]  load_module+0x364c/0x3f40
03-06 16:11:03.605     0     0 W         : [T600001]  __arm64_sys_finit_module+0x150/0x198
03-06 16:11:03.605     0     0 W         : [T600001]  el0_svc_common+0xd4/0x270
03-06 16:11:03.605     0     0 W         : [T600001]  el0_svc+0x28/0x98
03-06 16:11:03.605     0     0 W         : [T600001]  el0_sync_handler+0x8c/0xf0
03-06 16:11:03.605     0     0 W         : [T600001]  el0_sync+0x1b8/0x1c0
03-06 16:11:03.605     0     0 W         : [T600001] ---[ end trace e180de6c5d7dc3a0 ]---
03-06 16:11:03.605     0     0 D         : [T600001] probe of musb-hdrc returned 1 after 19461 usecs
03-06 16:11:03.605     0     0 D         : [T600001] initcall init_module.cfi_jt+0x0/0x8 [musb_main] returned 0 after 19398 usecs
03-06 16:11:03.605     0     0 I [T600001] BOOTPROF: 1491.345464:initcall: init_module.cfi_jt [musb_main]    19.871769ms
03-06 16:11:03.606     0     0 I         : [T100009] mtk-dsi 14014000.dsi: Waiting for bridge or panel driver
03-06 16:11:03.606     0     0 D         : [T100009] probe of 14014000.dsi returned 0 after 233 usecs
03-06 16:11:03.606     0     0 D         : [T600001] calling  init_module.cfi_jt+0x0/0x8 [meta] @ 1
03-06 16:11:03.607     0     0 I         : [T600001] cannot find "usbconfig==" in cmdline
03-06 16:11:03.607     0     0 D         : [T600001] probe of usb_meta returned 1 after 68 usecs
03-06 16:11:03.607     0     0 D         : [T600001] initcall init_module.cfi_jt+0x0/0x8 [meta] returned 0 after 1137 usecs
03-06 16:11:03.607     0     0 I         : [T100009] mtk-dsi 14014000.dsi: Waiting for bridge or panel driver
03-06 16:11:03.608     0     0 D         : [T100009] probe of 14014000.dsi returned 0 after 218 usecs
03-06 16:11:03.608     0     0 D         : [T600001] calling  __cfi_jt_start+0x0/0x8 [perf_helper] @ 1
03-06 16:11:03.608     0     0 D         : [T600001] initcall __cfi_jt_start+0x0/0x8 [perf_helper] returned 0 after 25 usecs
03-06 16:11:03.609     0     0 D         : [T600001] calling  init_module.cfi_jt+0x0/0x8 [tcpc_upm7610] @ 1
03-06 16:11:03.609     0     0 E         : [T600001] upm7610_i2c_probe (1.0.5_UP)
03-06 16:11:03.609     0     0 I         : [T600001] I2C functionality : OK...
03-06 16:11:03.612     0     0 I         : [T600001] upm7610_check_revision successful, PID=0x7610, VID=0x362f
03-06 16:11:03.612     0     0 I         : [T600062] <    1.498>0
03-06 16:11:03.612     0     0 I         : [T600062] <    1.498>pd_dbg_info : t2-t1 = 6
03-06 16:11:03.612     0     0 I         : [T600062] <    1.498>1
03-06 16:11:03.612    61    61 I mtk-msdc 11240000.mmc: msdc_cmd_done: cmd=8 arg=000001AA; rsp 00000000; cmd_error=-110; events=00000200
03-06 16:11:03.612     0     0 I         : [T600062] <    1.498>pd_dbg_info : t2-t1 = 13
03-06 16:11:03.612    61    61 I mtk-msdc 11240000.mmc: msdc_track_cmd_data: cmd=8 arg=000001AA; host->error=0x00000002
03-06 16:11:03.612     0     0 I         : [T600062] <    1.498>2
03-06 16:11:03.612     0     0 I         : [T600062] <    1.498>pd_dbg_info : t2-t1 = 20
03-06 16:11:03.612     0     0 I         : [T600062] <    1.498>3
03-06 16:11:03.612     0     0 I         : [T600062] <    1.498>pd_dbg_info : t2-t1 = 12
03-06 16:11:03.612     0     0 I         : [T600062] <    1.498>4
03-06 16:11:03.612     0     0 I         : [T600062] <    1.498>pd_dbg_info : t2-t1 = 11
03-06 16:11:03.612     0     0 I         : [T600062] <    1.498>5
03-06 16:11:03.612     0     0 I         : [T600062] <    1.498>pd_dbg_info : t2-t1 = 11
03-06 16:11:03.612     0     0 I         : [T600062] <    1.499>6
03-06 16:11:03.612     0     0 I         : [T600062] <    1.499>pd_dbg_info : t2-t1 = 11
03-06 16:11:03.612     0     0 I         : [T600062] <    1.499>7
03-06 16:11:03.612     0     0 I         : [T600062] <    1.499>pd_dbg_info : t2-t1 = 11
03-06 16:11:03.612     0     0 I         : [T600062] <    1.499>8
03-06 16:11:03.612     0     0 I         : [T600062] <    1.499>pd_dbg_info : t2-t1 = 11
03-06 16:11:03.613     0     0 I         : [T600062] <    1.499>9
03-06 16:11:03.613     0     0 I         : [T600062] <    1.499>pd_dbg_info : t2-t1 = 11
03-06 16:11:03.613     0     0 I         : [T600001] 0
03-06 16:11:03.613     0     0 I [T600001] pr_info: t2-t1 = 12
03-06 16:11:03.613     0     0 I         : [T600001] 1
03-06 16:11:03.613     0     0 I [T600001] pr_info: t2-t1 = 4
03-06 16:11:03.613     0     0 I         : [T600001] 2
03-06 16:11:03.613     0     0 I [T600001] pr_info: t2-t1 = 4
03-06 16:11:03.613     0     0 I         : [T600001] 3
03-06 16:11:03.613     0     0 I [T600001] pr_info: t2-t1 = 4
03-06 16:11:03.613     0     0 I         : [T600001] 4
03-06 16:11:03.613     0     0 I [T600001] pr_info: t2-t1 = 4
03-06 16:11:03.613     0     0 I         : [T600001] 5
03-06 16:11:03.613     0     0 I [T600001] pr_info: t2-t1 = 4
03-06 16:11:03.613     0     0 I         : [T600001] 6
03-06 16:11:03.613     0     0 I [T600001] pr_info: t2-t1 = 4
03-06 16:11:03.613     0     0 I         : [T600001] 7
03-06 16:11:03.613     0     0 I [T600001] pr_info: t2-t1 = 4
03-06 16:11:03.613     0     0 I         : [T600001] 8
03-06 16:11:03.613     0     0 I [T600001] pr_info: t2-t1 = 4
